
*** Running vivado
    with args -log bd_dlmb_v10_0.vds -m64 -product Vivado -mode batch -messageDb vivado.pb -notrace -source bd_dlmb_v10_0.tcl


****** Vivado v2025.2.1 (64-bit)
  **** SW Build 6403652 on Thu Mar 19 13:47:00 MDT 2026
  **** IP Build 6403511 on Thu Mar 19 12:41:45 MDT 2026
  **** SharedData Build 6403650 on Thu Mar 19 14:02:13 MDT 2026
  **** Start of session at: Mon Jun 29 23:05:59 2026
    ** Copyright 1986-2022 Xilinx, Inc. All Rights Reserved.
    ** Copyright 2022-2026 Advanced Micro Devices, Inc. All Rights Reserved.

source bd_dlmb_v10_0.tcl -notrace
create_project: Time (s): cpu = 00:00:11 ; elapsed = 00:00:07 . Memory (MB): peak = 1584.582 ; gain = 83.055 ; free physical = 16694 ; free virtual = 50225
Command: synth_design -top bd_dlmb_v10_0 -part xcau15p-ffvb676-2-i -incremental_mode off -mode out_of_context
Starting synth_design
Attempting to get a license for feature 'Synthesis' and/or device 'xcau15p'
INFO: [Common 17-349] Got license for feature 'Synthesis' and/or device 'xcau15p'
INFO: [Device 21-403] Loading part xcau15p-ffvb676-2-i
INFO: [Synth 8-7079] Multithreading enabled for synth_design using a maximum of 7 processes.
INFO: [Synth 8-7078] Launching helper process for spawning children vivado processes
INFO: [Synth 8-7075] Helper process launched with PID 126883
---------------------------------------------------------------------------------
Starting RTL Elaboration : Time (s): cpu = 00:00:05 ; elapsed = 00:00:06 . Memory (MB): peak = 2440.973 ; gain = 451.688 ; free physical = 512 ; free virtual = 33705
---------------------------------------------------------------------------------
INFO: [Synth 8-638] synthesizing module 'bd_dlmb_v10_0' [/home/russell/ultrasound/fpga/us/us.gen/sources_1/bd/bd/ip/bd_dlmb_v10_0/synth/bd_dlmb_v10_0.vhd:89]
	Parameter C_LMB_NUM_SLAVES bound to: 1 - type: integer 
	Parameter C_LMB_DWIDTH bound to: 32 - type: integer 
	Parameter C_LMB_AWIDTH bound to: 32 - type: integer 
	Parameter C_LMB_PROTOCOL bound to: 0 - type: integer 
	Parameter C_LMB_HAS_PROT bound to: 0 - type: integer 
	Parameter C_EXT_RESET_HIGH bound to: 1 - type: integer 
INFO: [Synth 8-3491] module 'lmb_v10' declared at '/home/russell/ultrasound/fpga/us/us.gen/sources_1/bd/bd/ipshared/dac4/hdl/lmb_v10_v3_0_vh_rfs.vhd:91' bound to instance 'U0' of component 'lmb_v10' [/home/russell/ultrasound/fpga/us/us.gen/sources_1/bd/bd/ip/bd_dlmb_v10_0/synth/bd_dlmb_v10_0.vhd:172]
INFO: [Synth 8-638] synthesizing module 'lmb_v10' [/home/russell/ultrasound/fpga/us/us.gen/sources_1/bd/bd/ipshared/dac4/hdl/lmb_v10_v3_0_vh_rfs.vhd:143]
INFO: [Synth 8-3491] module 'FDS' declared at '/home/russell/Xilinx/2025.2.1/Vivado/scripts/rt/data/unisim_comp.v:49519' bound to instance 'POR_FF_I' of component 'FDS' [/home/russell/ultrasound/fpga/us/us.gen/sources_1/bd/bd/ipshared/dac4/hdl/lmb_v10_v3_0_vh_rfs.vhd:173]
INFO: [Synth 8-6157] synthesizing module 'FDS' [/home/russell/Xilinx/2025.2.1/Vivado/scripts/rt/data/unisim_comp.v:49519]
INFO: [Synth 8-6155] done synthesizing module 'FDS' (0#1) [/home/russell/Xilinx/2025.2.1/Vivado/scripts/rt/data/unisim_comp.v:49519]
INFO: [Synth 8-256] done synthesizing module 'lmb_v10' (0#1) [/home/russell/ultrasound/fpga/us/us.gen/sources_1/bd/bd/ipshared/dac4/hdl/lmb_v10_v3_0_vh_rfs.vhd:143]
INFO: [Synth 8-256] done synthesizing module 'bd_dlmb_v10_0' (0#1) [/home/russell/ultrasound/fpga/us/us.gen/sources_1/bd/bd/ip/bd_dlmb_v10_0/synth/bd_dlmb_v10_0.vhd:89]
---------------------------------------------------------------------------------
Finished RTL Elaboration : Time (s): cpu = 00:00:07 ; elapsed = 00:00:07 . Memory (MB): peak = 2538.910 ; gain = 549.625 ; free physical = 391 ; free virtual = 32269
---------------------------------------------------------------------------------
---------------------------------------------------------------------------------
Start Handling Custom Attributes
---------------------------------------------------------------------------------
---------------------------------------------------------------------------------
Finished Handling Custom Attributes : Time (s): cpu = 00:00:07 ; elapsed = 00:00:08 . Memory (MB): peak = 2553.754 ; gain = 564.469 ; free physical = 478 ; free virtual = 32242
---------------------------------------------------------------------------------
---------------------------------------------------------------------------------
Finished RTL Optimization Phase 1 : Time (s): cpu = 00:00:07 ; elapsed = 00:00:08 . Memory (MB): peak = 2553.754 ; gain = 564.469 ; free physical = 474 ; free virtual = 32238
---------------------------------------------------------------------------------
Netlist sorting complete. Time (s): cpu = 00:00:00 ; elapsed = 00:00:00 . Memory (MB): peak = 2559.691 ; gain = 0.000 ; free physical = 406 ; free virtual = 32058
INFO: [Netlist 29-17] Analyzing 1 Unisim elements for replacement
INFO: [Netlist 29-28] Unisim Transformation completed in 0 CPU seconds
INFO: [Project 1-570] Preparing netlist for logic optimization

Processing XDC Constraints
Initializing timing engine
Parsing XDC File [/home/russell/ultrasound/fpga/us/us.gen/sources_1/bd/bd/ip/bd_dlmb_v10_0/bd_dlmb_v10_0_ooc.xdc] for cell 'U0'
create_clock: Time (s): cpu = 00:00:07 ; elapsed = 00:00:07 . Memory (MB): peak = 2599.711 ; gain = 0.000 ; free physical = 483 ; free virtual = 29445
Finished Parsing XDC File [/home/russell/ultrasound/fpga/us/us.gen/sources_1/bd/bd/ip/bd_dlmb_v10_0/bd_dlmb_v10_0_ooc.xdc] for cell 'U0'
Parsing XDC File [/home/russell/ultrasound/fpga/us/us.runs/bd_dlmb_v10_0_synth_1/dont_touch.xdc]
Finished Parsing XDC File [/home/russell/ultrasound/fpga/us/us.runs/bd_dlmb_v10_0_synth_1/dont_touch.xdc]
Completed Processing XDC Constraints

Netlist sorting complete. Time (s): cpu = 00:00:00 ; elapsed = 00:00:00 . Memory (MB): peak = 2599.711 ; gain = 0.000 ; free physical = 482 ; free virtual = 29444
INFO: [Project 1-111] Unisim Transformation Summary:
  A total of 1 instances were transformed.
  FDS => FDSE: 1 instance 

Constraint Validation Runtime : Time (s): cpu = 00:00:00.01 ; elapsed = 00:00:00.02 . Memory (MB): peak = 2599.746 ; gain = 0.000 ; free physical = 460 ; free virtual = 29422
INFO: [Designutils 20-5008] Incremental synthesis strategy off
---------------------------------------------------------------------------------
Finished Constraint Validation : Time (s): cpu = 00:00:19 ; elapsed = 00:00:19 . Memory (MB): peak = 2599.746 ; gain = 610.461 ; free physical = 407 ; free virtual = 28813
---------------------------------------------------------------------------------
---------------------------------------------------------------------------------
Start Loading Part and Timing Information
---------------------------------------------------------------------------------
Loading part: xcau15p-ffvb676-2-i
INFO: [Synth 8-6742] Reading net delay rules and data
---------------------------------------------------------------------------------
Finished Loading Part and Timing Information : Time (s): cpu = 00:00:19 ; elapsed = 00:00:19 . Memory (MB): peak = 2607.715 ; gain = 618.430 ; free physical = 402 ; free virtual = 28809
---------------------------------------------------------------------------------
---------------------------------------------------------------------------------
Start Applying 'set_property' XDC Constraints
---------------------------------------------------------------------------------
---------------------------------------------------------------------------------
Finished applying 'set_property' XDC Constraints : Time (s): cpu = 00:00:19 ; elapsed = 00:00:19 . Memory (MB): peak = 2607.715 ; gain = 618.430 ; free physical = 394 ; free virtual = 28802
---------------------------------------------------------------------------------
---------------------------------------------------------------------------------
Finished RTL Optimization Phase 2 : Time (s): cpu = 00:00:19 ; elapsed = 00:00:19 . Memory (MB): peak = 2607.715 ; gain = 618.430 ; free physical = 366 ; free virtual = 28760
---------------------------------------------------------------------------------
---------------------------------------------------------------------------------
Start RTL Component Statistics 
---------------------------------------------------------------------------------
Detailed RTL Component Info : 
---------------------------------------------------------------------------------
Finished RTL Component Statistics 
---------------------------------------------------------------------------------
---------------------------------------------------------------------------------
Start Part Resource Summary
---------------------------------------------------------------------------------
Part Resources:
DSPs: 576 (col length:72)
BRAMs: 288 (col length: RAMB18 72 RAMB36 36)
---------------------------------------------------------------------------------
Finished Part Resource Summary
---------------------------------------------------------------------------------
---------------------------------------------------------------------------------
Start Cross Boundary and Area Optimization
---------------------------------------------------------------------------------
---------------------------------------------------------------------------------
Finished Cross Boundary and Area Optimization : Time (s): cpu = 00:00:20 ; elapsed = 00:00:21 . Memory (MB): peak = 2607.715 ; gain = 618.430 ; free physical = 372 ; free virtual = 28683
---------------------------------------------------------------------------------
---------------------------------------------------------------------------------
Start Applying XDC Timing Constraints
---------------------------------------------------------------------------------
---------------------------------------------------------------------------------
Finished Applying XDC Timing Constraints : Time (s): cpu = 00:00:22 ; elapsed = 00:00:23 . Memory (MB): peak = 2895.242 ; gain = 905.957 ; free physical = 411 ; free virtual = 28457
---------------------------------------------------------------------------------
---------------------------------------------------------------------------------
Start Timing Optimization
---------------------------------------------------------------------------------
---------------------------------------------------------------------------------
Finished Timing Optimization : Time (s): cpu = 00:00:22 ; elapsed = 00:00:23 . Memory (MB): peak = 2895.242 ; gain = 905.957 ; free physical = 404 ; free virtual = 28450
---------------------------------------------------------------------------------
---------------------------------------------------------------------------------
Start Technology Mapping
---------------------------------------------------------------------------------
---------------------------------------------------------------------------------
Finished Technology Mapping : Time (s): cpu = 00:00:22 ; elapsed = 00:00:23 . Memory (MB): peak = 2905.258 ; gain = 915.973 ; free physical = 396 ; free virtual = 28442
---------------------------------------------------------------------------------
---------------------------------------------------------------------------------
Start IO Insertion
---------------------------------------------------------------------------------
---------------------------------------------------------------------------------
Start Flattening Before IO Insertion
---------------------------------------------------------------------------------
---------------------------------------------------------------------------------
Finished Flattening Before IO Insertion
---------------------------------------------------------------------------------
---------------------------------------------------------------------------------
Start Final Netlist Cleanup
---------------------------------------------------------------------------------
---------------------------------------------------------------------------------
Finished Final Netlist Cleanup
---------------------------------------------------------------------------------
---------------------------------------------------------------------------------
Finished IO Insertion : Time (s): cpu = 00:00:27 ; elapsed = 00:00:28 . Memory (MB): peak = 3093.070 ; gain = 1103.785 ; free physical = 579 ; free virtual = 27323
---------------------------------------------------------------------------------
---------------------------------------------------------------------------------
Start Renaming Generated Instances
---------------------------------------------------------------------------------
---------------------------------------------------------------------------------
Finished Renaming Generated Instances : Time (s): cpu = 00:00:28 ; elapsed = 00:00:28 . Memory (MB): peak = 3093.070 ; gain = 1103.785 ; free physical = 579 ; free virtual = 27323
---------------------------------------------------------------------------------
---------------------------------------------------------------------------------
Start Rebuilding User Hierarchy
---------------------------------------------------------------------------------
---------------------------------------------------------------------------------
Finished Rebuilding User Hierarchy : Time (s): cpu = 00:00:28 ; elapsed = 00:00:28 . Memory (MB): peak = 3093.070 ; gain = 1103.785 ; free physical = 581 ; free virtual = 27325
---------------------------------------------------------------------------------
---------------------------------------------------------------------------------
Start Renaming Generated Ports
---------------------------------------------------------------------------------
---------------------------------------------------------------------------------
Finished Renaming Generated Ports : Time (s): cpu = 00:00:28 ; elapsed = 00:00:28 . Memory (MB): peak = 3093.070 ; gain = 1103.785 ; free physical = 581 ; free virtual = 27325
---------------------------------------------------------------------------------
---------------------------------------------------------------------------------
Start Handling Custom Attributes
---------------------------------------------------------------------------------
---------------------------------------------------------------------------------
Finished Handling Custom Attributes : Time (s): cpu = 00:00:28 ; elapsed = 00:00:28 . Memory (MB): peak = 3093.070 ; gain = 1103.785 ; free physical = 680 ; free virtual = 27423
---------------------------------------------------------------------------------
---------------------------------------------------------------------------------
Start Renaming Generated Nets
---------------------------------------------------------------------------------
---------------------------------------------------------------------------------
Finished Renaming Generated Nets : Time (s): cpu = 00:00:28 ; elapsed = 00:00:28 . Memory (MB): peak = 3093.070 ; gain = 1103.785 ; free physical = 681 ; free virtual = 27424
---------------------------------------------------------------------------------
---------------------------------------------------------------------------------
Start Writing Synthesis Report
---------------------------------------------------------------------------------

Report BlackBoxes: 
+-+--------------+----------+
| |BlackBox name |Instances |
+-+--------------+----------+
+-+--------------+----------+

Report Cell Usage: 
+------+-----+------+
|      |Cell |Count |
+------+-----+------+
|1     |FDS  |     1|
+------+-----+------+
---------------------------------------------------------------------------------
Finished Writing Synthesis Report : Time (s): cpu = 00:00:28 ; elapsed = 00:00:28 . Memory (MB): peak = 3093.070 ; gain = 1103.785 ; free physical = 681 ; free virtual = 27424
---------------------------------------------------------------------------------
Synthesis finished with 0 errors, 0 critical warnings and 0 warnings.
Synthesis Optimization Runtime : Time (s): cpu = 00:00:20 ; elapsed = 00:00:21 . Memory (MB): peak = 3093.070 ; gain = 1057.793 ; free physical = 740 ; free virtual = 27375
Synthesis Optimization Complete : Time (s): cpu = 00:00:28 ; elapsed = 00:00:29 . Memory (MB): peak = 3093.070 ; gain = 1103.785 ; free physical = 740 ; free virtual = 27375
INFO: [Project 1-571] Translating synthesized netlist
Netlist sorting complete. Time (s): cpu = 00:00:00.01 ; elapsed = 00:00:00 . Memory (MB): peak = 3093.070 ; gain = 0.000 ; free physical = 739 ; free virtual = 27375
INFO: [Netlist 29-17] Analyzing 1 Unisim elements for replacement
INFO: [Netlist 29-28] Unisim Transformation completed in 0 CPU seconds
INFO: [Project 1-570] Preparing netlist for logic optimization
INFO: [Opt 31-138] Pushed 0 inverter(s) to 0 load pin(s).
Netlist sorting complete. Time (s): cpu = 00:00:00 ; elapsed = 00:00:00 . Memory (MB): peak = 3093.070 ; gain = 0.000 ; free physical = 1021 ; free virtual = 27660
INFO: [Project 1-111] Unisim Transformation Summary:
  A total of 1 instances were transformed.
  FDS => FDSE: 1 instance 

Synth Design complete | Checksum: 43ce23db
INFO: [Common 17-83] Releasing license: Synthesis
26 Infos, 0 Warnings, 0 Critical Warnings and 0 Errors encountered.
synth_design completed successfully
synth_design: Time (s): cpu = 00:00:34 ; elapsed = 00:00:32 . Memory (MB): peak = 3093.070 ; gain = 1486.934 ; free physical = 942 ; free virtual = 27583
INFO: [Common 17-2834] synth_design peak Physical Memory [PSS] (MB): overall = 1858.279; main = 1858.279; forked = 186.657
INFO: [Common 17-2834] synth_design peak Virtual Memory [VSS] (MB): overall = 3623.438; main = 3000.039; forked = 1015.719
INFO: [Common 17-1381] The checkpoint '/home/russell/ultrasound/fpga/us/us.runs/bd_dlmb_v10_0_synth_1/bd_dlmb_v10_0.dcp' has been generated.
INFO: [Coretcl 2-1648] Added synthesis output to IP cache for IP bd_dlmb_v10_0, cache-ID = 4e4672e0f9ba2711
INFO: [Common 17-1381] The checkpoint '/home/russell/ultrasound/fpga/us/us.runs/bd_dlmb_v10_0_synth_1/bd_dlmb_v10_0.dcp' has been generated.
INFO: [Vivado 12-24828] Executing command : report_utilization -file bd_dlmb_v10_0_utilization_synth.rpt -pb bd_dlmb_v10_0_utilization_synth.pb
INFO: [Common 17-206] Exiting Vivado at Mon Jun 29 23:06:43 2026...
