Copyright 1986-2022 Xilinx, Inc. All Rights Reserved. Copyright 2022-2026 Advanced Micro Devices, Inc. All Rights Reserved.
---------------------------------------------------------------------------------------------------------------------------------------------
| Tool Version : Vivado v.2025.2.1 (lin64) Build 6403652 Thu Mar 19 13:47:00 MDT 2026
| Date         : Sun Apr 19 17:56:39 2026
| Host         : russell-shotover-arch running 64-bit Ubuntu 22.04.5 LTS
| Command      : upgrade_ip
| Device       : xcau15p-ffvb676-2-i
---------------------------------------------------------------------------------------------------------------------------------------------

Upgrade Log for IP 'bd_xxv_ethernet_0_0'

1. Summary
----------

SUCCESS in the upgrade of bd_xxv_ethernet_0_0 (xilinx.com:ip:xxv_ethernet:5.0) from (Rev. 2) to (Rev. 3)






Copyright 1986-2022 Xilinx, Inc. All Rights Reserved. Copyright 2022-2026 Advanced Micro Devices, Inc. All Rights Reserved.
---------------------------------------------------------------------------------------------------------------------------------------------
| Tool Version : Vivado v.2025.2.1 (lin64) Build 6403652 Thu Mar 19 13:47:00 MDT 2026
| Date         : Sun Apr 19 17:56:39 2026
| Host         : russell-shotover-arch running 64-bit Ubuntu 22.04.5 LTS
| Command      : upgrade_ip
| Device       : xcau15p-ffvb676-2-i
---------------------------------------------------------------------------------------------------------------------------------------------

Upgrade Log for IP 'bd_jesd204_phy_0_1'

1. Summary
----------

SUCCESS in the upgrade of bd_jesd204_phy_0_1 (xilinx.com:ip:jesd204_phy:4.1) from (Rev. 3) to (Rev. 4)






Copyright 1986-2022 Xilinx, Inc. All Rights Reserved. Copyright 2022-2026 Advanced Micro Devices, Inc. All Rights Reserved.
---------------------------------------------------------------------------------------------------------------------------------------------
| Tool Version : Vivado v.2025.2.1 (lin64) Build 6403652 Thu Mar 19 13:47:00 MDT 2026
| Date         : Sun Apr 19 17:56:39 2026
| Host         : russell-shotover-arch running 64-bit Ubuntu 22.04.5 LTS
| Command      : upgrade_ip
| Device       : xcau15p-ffvb676-2-i
---------------------------------------------------------------------------------------------------------------------------------------------

Upgrade Log for IP 'bd_jesd204_phy_0_0'

1. Summary
----------

SUCCESS in the upgrade of bd_jesd204_phy_0_0 (xilinx.com:ip:jesd204_phy:4.1) from (Rev. 3) to (Rev. 4)

