Copyright 1986-2022 Xilinx, Inc. All Rights Reserved. Copyright 2022-2026 Advanced Micro Devices, Inc. All Rights Reserved.
---------------------------------------------------------------------------------------------------------------------------------------------
| Tool Version : Vivado v.2025.2.1 (lin64) Build 6403652 Thu Mar 19 13:47:00 MDT 2026
| Date         : Fri Jul  3 17:48:28 2026
| Host         : russell-shotover-arch running 64-bit Ubuntu 22.04.5 LTS
| Command      : report_utilization -file us_top_utilization_placed.rpt -pb us_top_utilization_placed.pb
| Design       : us_top
| Device       : xcau15p-ffvb676-2-i
| Speed File   : -2
| Design State : Fully Placed
---------------------------------------------------------------------------------------------------------------------------------------------

Utilization Design Information

Table of Contents
-----------------
1. CLB Logic
1.1 Summary of Registers by Type
2. CLB Logic Distribution
3. BLOCKRAM
4. ARITHMETIC
5. I/O
6. CLOCK
7. ADVANCED
8. CONFIGURATION
9. Primitives
10. Black Boxes
11. Instantiated Netlists

1. CLB Logic
------------

+----------------------------+-------+-------+------------+-----------+-------+
|          Site Type         |  Used | Fixed | Prohibited | Available | Util% |
+----------------------------+-------+-------+------------+-----------+-------+
| CLB LUTs                   | 13582 |     0 |          0 |     77760 | 17.47 |
|   LUT as Logic             | 12996 |     0 |          0 |     77760 | 16.71 |
|   LUT as Memory            |   586 |     0 |          0 |     40320 |  1.45 |
|     LUT as Distributed RAM |   264 |     0 |            |           |       |
|     LUT as Shift Register  |   322 |     0 |            |           |       |
| CLB Registers              | 18190 |     0 |          0 |    155520 | 11.70 |
|   Register as Flip Flop    | 18190 |     0 |          0 |    155520 | 11.70 |
|   Register as Latch        |     0 |     0 |          0 |    155520 |  0.00 |
| CARRY8                     |   150 |     0 |          0 |      9720 |  1.54 |
| F7 Muxes                   |   620 |     0 |          0 |     38880 |  1.59 |
| F8 Muxes                   |   219 |     0 |          0 |     19440 |  1.13 |
| F9 Muxes                   |     0 |     0 |          0 |      9720 |  0.00 |
| Unique Control Sets        |   876 |       |          0 |     19440 |  4.51 |
+----------------------------+-------+-------+------------+-----------+-------+
* Warning! LUT value is adjusted to account for LUT combining.
** Note: Available Control Sets calculated as Slices * 2, Review the Control Sets Report for more information regarding control sets.


1.1 Summary of Registers by Type
--------------------------------

+-------+--------------+-------------+--------------+
| Total | Clock Enable | Synchronous | Asynchronous |
+-------+--------------+-------------+--------------+
| 0     |            _ |           - |            - |
| 0     |            _ |           - |          Set |
| 0     |            _ |           - |        Reset |
| 0     |            _ |         Set |            - |
| 0     |            _ |       Reset |            - |
| 0     |          Yes |           - |            - |
| 100   |          Yes |           - |          Set |
| 343   |          Yes |           - |        Reset |
| 515   |          Yes |         Set |            - |
| 17232 |          Yes |       Reset |            - |
+-------+--------------+-------------+--------------+


2. CLB Logic Distribution
-------------------------

+--------------------------------------------+-------+-------+------------+-----------+-------+
|                  Site Type                 |  Used | Fixed | Prohibited | Available | Util% |
+--------------------------------------------+-------+-------+------------+-----------+-------+
| CLB                                        |  3101 |     0 |          0 |      9720 | 31.90 |
|   CLBL                                     |  1370 |     0 |            |           |       |
|   CLBM                                     |  1731 |     0 |            |           |       |
| LUT as Logic                               | 12996 |     0 |          0 |     77760 | 16.71 |
|   using O5 output only                     |   272 |       |            |           |       |
|   using O6 output only                     | 10247 |       |            |           |       |
|   using O5 and O6                          |  2477 |       |            |           |       |
| LUT as Memory                              |   586 |     0 |          0 |     40320 |  1.45 |
|   LUT as Distributed RAM                   |   264 |     0 |            |           |       |
|     using O5 output only                   |     0 |       |            |           |       |
|     using O6 output only                   |    16 |       |            |           |       |
|     using O5 and O6                        |   248 |       |            |           |       |
|   LUT as Shift Register                    |   322 |     0 |            |           |       |
|     using O5 output only                   |     0 |       |            |           |       |
|     using O6 output only                   |   113 |       |            |           |       |
|     using O5 and O6                        |   209 |       |            |           |       |
| CLB Registers                              | 18190 |     0 |          0 |    155520 | 11.70 |
|   Register driven from within the CLB      |  8261 |       |            |           |       |
|   Register driven from outside the CLB     |  9929 |       |            |           |       |
|     LUT in front of the register is unused |  6929 |       |            |           |       |
|     LUT in front of the register is used   |  3000 |       |            |           |       |
+--------------------------------------------+-------+-------+------------+-----------+-------+


3. BLOCKRAM
-----------

+-------------------+------+-------+------------+-----------+-------+
|     Site Type     | Used | Fixed | Prohibited | Available | Util% |
+-------------------+------+-------+------------+-----------+-------+
| Block RAM Tile    | 43.5 |     0 |          0 |       144 | 30.21 |
|   RAMB36/FIFO*    |   37 |     0 |          0 |       144 | 25.69 |
|     RAMB36E2 only |   37 |       |            |           |       |
|   RAMB18          |   13 |     0 |          0 |       288 |  4.51 |
|     RAMB18E2 only |   13 |       |            |           |       |
+-------------------+------+-------+------------+-----------+-------+
* Note: Each Block RAM Tile only has one FIFO logic available and therefore can accommodate only one FIFO36E2 or one FIFO18E2. However, if a FIFO18E2 occupies a Block RAM Tile, that tile can still accommodate a RAMB18E2


4. ARITHMETIC
-------------

+----------------+------+-------+------------+-----------+-------+
|    Site Type   | Used | Fixed | Prohibited | Available | Util% |
+----------------+------+-------+------------+-----------+-------+
| DSPs           |    4 |     0 |          0 |       576 |  0.69 |
|   DSP48E2 only |    4 |       |            |           |       |
+----------------+------+-------+------------+-----------+-------+


5. I/O
------

+------------------+------+-------+------------+-----------+-------+
|     Site Type    | Used | Fixed | Prohibited | Available | Util% |
+------------------+------+-------+------------+-----------+-------+
| Bonded IOB       |   50 |    50 |          0 |       228 | 21.93 |
|   HPIOB_M        |    8 |     8 |          0 |        72 | 11.11 |
|     INPUT        |    1 |       |            |           |       |
|     OUTPUT       |    7 |       |            |           |       |
|     BIDIR        |    0 |       |            |           |       |
|   HPIOB_S        |    8 |     8 |          0 |        72 | 11.11 |
|     INPUT        |    1 |       |            |           |       |
|     OUTPUT       |    7 |       |            |           |       |
|     BIDIR        |    0 |       |            |           |       |
|   HDIOB_M        |   19 |    19 |          0 |        36 | 52.78 |
|     INPUT        |    1 |       |            |           |       |
|     OUTPUT       |   17 |       |            |           |       |
|     BIDIR        |    1 |       |            |           |       |
|   HDIOB_S        |   15 |    15 |          0 |        36 | 41.67 |
|     INPUT        |    0 |       |            |           |       |
|     OUTPUT       |   14 |       |            |           |       |
|     BIDIR        |    1 |       |            |           |       |
|   HPIOB_SNGL     |    0 |     0 |          0 |        12 |  0.00 |
| HPIOBDIFFINBUF   |    1 |     1 |          0 |        72 |  1.39 |
|   DIFFINBUF      |    1 |     1 |            |           |       |
| HPIOBDIFFOUTBUF  |    2 |     2 |          0 |        72 |  2.78 |
|   OBUFDS         |    2 |     2 |            |           |       |
| HDIOBDIFFINBUF   |    0 |     0 |          0 |        36 |  0.00 |
| BITSLICE_CONTROL |    0 |     0 |          0 |        24 |  0.00 |
| BITSLICE_RX_TX   |    0 |     0 |          0 |       936 |  0.00 |
| BITSLICE_TX      |    0 |     0 |          0 |        24 |  0.00 |
| RIU_OR           |    0 |     0 |          0 |        12 |  0.00 |
+------------------+------+-------+------------+-----------+-------+


6. CLOCK
--------

+------------+------+-------+------------+-----------+-------+
|  Site Type | Used | Fixed | Prohibited | Available | Util% |
+------------+------+-------+------------+-----------+-------+
| BUFGCE     |    4 |     0 |          0 |        84 |  4.76 |
| BUFGCE_DIV |    1 |     0 |          0 |        12 |  8.33 |
| BUFG_GT    |    4 |     0 |          0 |        72 |  5.56 |
| BUFGCTRL*  |    2 |     0 |          0 |        24 |  8.33 |
| PLL        |    0 |     0 |          0 |         6 |  0.00 |
| MMCM       |    0 |     0 |          0 |         3 |  0.00 |
+------------+------+-------+------------+-----------+-------+
* Note: Each used BUFGCTRL counts as two GLOBAL CLOCK BUFFERs. This table does not include global clocking resources, only buffer cell usage. See the Clock Utilization Report (report_clock_utilization) for detailed accounting of global clocking resource availability.


7. ADVANCED
-----------

+-----------------+------+-------+------------+-----------+-------+
|    Site Type    | Used | Fixed | Prohibited | Available | Util% |
+-----------------+------+-------+------------+-----------+-------+
| GTHE4_CHANNEL   |    1 |     1 |          0 |        12 |  8.33 |
| GTHE4_COMMON    |    1 |     0 |          0 |         3 | 33.33 |
| OBUFDS_GTE4     |    0 |     0 |          0 |         6 |  0.00 |
| OBUFDS_GTE4_ADV |    0 |     0 |          0 |         6 |  0.00 |
| PCIE4CE4        |    0 |     0 |          0 |         1 |  0.00 |
| SYSMONE4        |    0 |     0 |          0 |         1 |  0.00 |
+-----------------+------+-------+------------+-----------+-------+


8. CONFIGURATION
----------------

+-------------+------+-------+------------+-----------+-------+
|  Site Type  | Used | Fixed | Prohibited | Available | Util% |
+-------------+------+-------+------------+-----------+-------+
| BSCANE2     |    2 |     0 |          0 |         4 | 50.00 |
| DNA_PORTE2  |    0 |     0 |          0 |         1 |  0.00 |
| EFUSE_USR   |    0 |     0 |          0 |         1 |  0.00 |
| FRAME_ECCE4 |    0 |     0 |          0 |         1 |  0.00 |
| ICAPE3      |    0 |     0 |          0 |         2 |  0.00 |
| MASTER_JTAG |    0 |     0 |          0 |         1 |  0.00 |
| STARTUPE3   |    0 |     0 |          0 |         1 |  0.00 |
+-------------+------+-------+------------+-----------+-------+


9. Primitives
-------------

+---------------+-------+---------------------+
|    Ref Name   |  Used | Functional Category |
+---------------+-------+---------------------+
| FDRE          | 17232 |            Register |
| LUT6          |  5982 |                 CLB |
| LUT3          |  2914 |                 CLB |
| LUT5          |  2524 |                 CLB |
| LUT4          |  2279 |                 CLB |
| LUT2          |  1497 |                 CLB |
| MUXF7         |   620 |                 CLB |
| FDSE          |   515 |            Register |
| RAMD32        |   416 |                 CLB |
| SRL16E        |   393 |                 CLB |
| FDCE          |   343 |            Register |
| LUT1          |   277 |                 CLB |
| MUXF8         |   219 |                 CLB |
| CARRY8        |   150 |                 CLB |
| SRLC32E       |   136 |                 CLB |
| FDPE          |   100 |            Register |
| RAMS32        |    80 |                 CLB |
| OBUFT         |    41 |                 I/O |
| RAMB36E2      |    37 |            BLOCKRAM |
| RAMD64E       |    16 |                 CLB |
| RAMB18E2      |    13 |            BLOCKRAM |
| IBUFCTRL      |     4 |              Others |
| DSP48E2       |     4 |          Arithmetic |
| BUFG_GT       |     4 |               Clock |
| BUFGCE        |     4 |               Clock |
| INBUF         |     3 |                 I/O |
| SRLC16E       |     2 |                 CLB |
| OBUFDS        |     2 |                 I/O |
| OBUF          |     2 |                 I/O |
| BUFG_GT_SYNC  |     2 |               Clock |
| BUFGCTRL      |     2 |               Clock |
| BSCANE2       |     2 |       Configuration |
| IBUFDS_GTE4   |     1 |                 I/O |
| GTHE4_COMMON  |     1 |            Advanced |
| GTHE4_CHANNEL |     1 |            Advanced |
| DIFFINBUF     |     1 |                 I/O |
| BUFGCE_DIV    |     1 |               Clock |
+---------------+-------+---------------------+


10. Black Boxes
---------------

+--------------------+------+
|      Ref Name      | Used |
+--------------------+------+
| bd_jesd204_phy_0_0 |    1 |
+--------------------+------+


11. Instantiated Netlists
-------------------------

+------------------------------------+------+
|              Ref Name              | Used |
+------------------------------------+------+
| dbg_hub                            |    1 |
| bd_xxv_ethernet_0_0                |    1 |
| bd_vio_0_3                         |    1 |
| bd_vio_0_2                         |    1 |
| bd_vio_0_1                         |    1 |
| bd_vio_0_0                         |    1 |
| bd_rst_sysclk_wiz_25M_0            |    1 |
| bd_net_wrapper_0_0                 |    1 |
| bd_microblaze_riscv_0_axi_periph_0 |    1 |
| bd_microblaze_riscv_0_axi_intc_0   |    1 |
| bd_microblaze_riscv_0_0            |    1 |
| bd_mdm_1_0                         |    1 |
| bd_lmb_bram_0                      |    1 |
| bd_in_system_ibert_0_0             |    1 |
| bd_ilmb_v10_0                      |    1 |
| bd_ilmb_bram_if_cntlr_0            |    1 |
| bd_ila_0_0                         |    1 |
| bd_dlmb_v10_0                      |    1 |
| bd_dlmb_bram_if_cntlr_0            |    1 |
| bd_clk_wiz_0_0                     |    1 |
| bd_c_counter_binary_1_0            |    1 |
| bd_c_counter_binary_0_0            |    1 |
| bd_axi_iic_0_0                     |    1 |
+------------------------------------+------+


