Copyright 1986-2022 Xilinx, Inc. All Rights Reserved. Copyright 2022-2026 Advanced Micro Devices, Inc. All Rights Reserved.
---------------------------------------------------------------------------------------------------------------------------------------------
| Tool Version : Vivado v.2025.2.1 (lin64) Build 6403652 Thu Mar 19 13:47:00 MDT 2026
| Date         : Fri Jul  3 19:27:07 2026
| Host         : russell-shotover-arch running 64-bit Ubuntu 22.04.5 LTS
| Command      : report_drc -file us_top_drc_routed.rpt -pb us_top_drc_routed.pb -rpx us_top_drc_routed.rpx
| Design       : us_top
| Device       : xcau15p-ffvb676-2-i
| Speed File   : -2
| Design State : Fully Routed
---------------------------------------------------------------------------------------------------------------------------------------------

Report DRC

Table of Contents
-----------------
1. REPORT SUMMARY
2. REPORT DETAILS

1. REPORT SUMMARY
-----------------
            Netlist: netlist
          Floorplan: design_1
      Design limits: <entire design considered>
           Ruledeck: default
             Max checks: <unlimited>
             Checks found: 7
+-----------+----------+----------------------------------------+--------+
| Rule      | Severity | Description                            | Checks |
+-----------+----------+----------------------------------------+--------+
| PDCN-1569 | Warning  | LUT equation term check                | 3      |
| REQP-1853 | Warning  | BUFGCE_DIV_cascade_from_clock_buf      | 1      |
| REQP-1857 | Warning  | RAMB18E2_writefirst_collision_advisory | 1      |
| REQP-1858 | Warning  | RAMB36E2_writefirst_collision_advisory | 1      |
| RTSTAT-10 | Warning  | No routable loads                      | 1      |
+-----------+----------+----------------------------------------+--------+

2. REPORT DETAILS
-----------------
PDCN-1569#1 Warning
LUT equation term check  
Used physical LUT pin 'A2' of cell dbg_hub/inst/BSCANID.u_xsdbm_id/SWITCH_N_EXT_BSCAN.bscan_switch/temp_curid[31]_i_1 (pin dbg_hub/inst/BSCANID.u_xsdbm_id/SWITCH_N_EXT_BSCAN.bscan_switch/temp_curid[31]_i_1/I1) is not included in the LUT equation: 'O5=(A4*A3)+(A4*(~A3)*(~A1))+((~A4))'. If this cell is a user instantiated LUT in the design, please remove connectivity to the pin or change the equation and/or INIT string of the LUT to prevent this issue. If the cell is inferred or IP created LUT, please regenerate the IP and/or resynthesize the design to attempt to correct the issue.
Related violations: <none>

PDCN-1569#2 Warning
LUT equation term check  
Used physical LUT pin 'A4' of cell dbg_hub/inst/BSCANID.u_xsdbm_id/SWITCH_N_EXT_BSCAN.id_state[0]_i_1 (pin dbg_hub/inst/BSCANID.u_xsdbm_id/SWITCH_N_EXT_BSCAN.id_state[0]_i_1/I0) is not included in the LUT equation: 'O6=(A6+~A6)*((A5))'. If this cell is a user instantiated LUT in the design, please remove connectivity to the pin or change the equation and/or INIT string of the LUT to prevent this issue. If the cell is inferred or IP created LUT, please regenerate the IP and/or resynthesize the design to attempt to correct the issue.
Related violations: <none>

PDCN-1569#3 Warning
LUT equation term check  
Used physical LUT pin 'A5' of cell dbg_hub/inst/BSCANID.u_xsdbm_id/SWITCH_N_EXT_BSCAN.bscan_switch/temp_curid[31]_i_1 (pin dbg_hub/inst/BSCANID.u_xsdbm_id/SWITCH_N_EXT_BSCAN.bscan_switch/temp_curid[31]_i_1/I0) is not included in the LUT equation: 'O5=(A4*A3)+(A4*(~A3)*(~A1))+((~A4))'. If this cell is a user instantiated LUT in the design, please remove connectivity to the pin or change the equation and/or INIT string of the LUT to prevent this issue. If the cell is inferred or IP created LUT, please regenerate the IP and/or resynthesize the design to attempt to correct the issue.
Related violations: <none>

REQP-1853#1 Warning
BUFGCE_DIV_cascade_from_clock_buf  
Cascaded clock buffers exist in the design with constant CE pin. This may result in large clock skew and timing violations. Cell BUFGCE_DIV bd/bd_i/sysclk_wiz/inst/BUFGCE_DIV_CLK1_inst I pin is driven by another clock buffer bd/bd_i/sysclk_wiz/inst/clkin1_bufg1.
Related violations: <none>

REQP-1857#1 Warning
RAMB18E2_writefirst_collision_advisory  
Synchronous clocking is detected for BRAM (bd/bd_i/net_wrapper_0/inst/net_inst/eth_mac_10g_fifo_inst/rx_fifo/fifo_inst/mem_reg_1) in SDP mode with WRITE_FIRST write-mode. It is strongly suggested to change this mode to NO_CHANGE for best power characteristics. However, both WRITE_FIRST and NO_CHANGE may exhibit address collisions if the same address appears on both read and write ports resulting in unknown or corrupted read data. It is suggested to confirm via simulation that an address collision never occurs and if so it is suggested to try and avoid this situation. If address collisions cannot be avoided, the write-mode may be set to READ_FIRST which guarantees that the read data is the prior contents of the memory at the cost of additional power in the design. See the FPGA Memory Resources User Guide for additional information.
Related violations: <none>

REQP-1858#1 Warning
RAMB36E2_writefirst_collision_advisory  
Synchronous clocking is detected for BRAM (bd/bd_i/net_wrapper_0/inst/net_inst/eth_mac_10g_fifo_inst/rx_fifo/fifo_inst/mem_reg_0) in SDP mode with WRITE_FIRST write-mode. It is strongly suggested to change this mode to NO_CHANGE for best power characteristics. However, both WRITE_FIRST and NO_CHANGE may exhibit address collisions if the same address appears on both read and write ports resulting in unknown or corrupted read data. It is suggested to confirm via simulation that an address collision never occurs and if so it is suggested to try and avoid this situation. If address collisions cannot be avoided, the write-mode may be set to READ_FIRST which guarantees that the read data is the prior contents of the memory at the cost of additional power in the design. See the FPGA Memory Resources User Guide for additional information.
Related violations: <none>

RTSTAT-10#1 Warning
No routable loads  
50 net(s) have no routable loads. The problem bus(es) and/or net(s) are bd/bd_i/microblaze_riscv_0_axi_periph/inst/m01_nodes/m01_ar_node/inst/mi_handler_m_sc_areset_pipe,
bd/bd_i/microblaze_riscv_0_axi_periph/inst/m01_nodes/m01_r_node/inst/mi_handler_m_sc_areset_pipe,
bd/bd_i/microblaze_riscv_0_axi_periph/inst/m01_nodes/m01_w_node/inst/mi_handler_m_sc_areset_pipe,
bd/bd_i/microblaze_riscv_0_axi_periph/inst/s00_nodes/s00_ar_node/inst/mi_handler_m_sc_areset_pipe,
bd/bd_i/microblaze_riscv_0_axi_periph/inst/s00_nodes/s00_aw_node/inst/mi_handler_m_sc_areset_pipe,
bd/bd_i/microblaze_riscv_0_axi_periph/inst/s00_nodes/s00_b_node/inst/mi_handler_m_sc_areset_pipe,
bd/bd_i/microblaze_riscv_0_axi_periph/inst/s00_nodes/s00_w_node/inst/mi_handler_m_sc_areset_pipe,
dbg_hub/inst/BSCANID.u_xsdbm_id/CORE_XSDB.UUT_MASTER/U_ICON_INTERFACE/U_CMD1/ctl_reg_en_2[1],
dbg_hub/inst/BSCANID.u_xsdbm_id/CORE_XSDB.UUT_MASTER/U_ICON_INTERFACE/U_CMD6_RD/U_RD_FIFO/SUBCORE_FIFO.xsdbm_v3_0_5_rdfifo_inst/inst_fifo_gen/gconvfifo.rf/grf.rf/gntv_or_sync_fifo.gl0.rd/gr1.gr1_int.rfwft/aempty_fwft_i,
dbg_hub/inst/BSCANID.u_xsdbm_id/CORE_XSDB.UUT_MASTER/U_ICON_INTERFACE/U_CMD7_CTL/ctl_reg[2:0],
dbg_hub/inst/BSCANID.u_xsdbm_id/CORE_XSDB.UUT_MASTER/U_ICON_INTERFACE/U_CMD7_CTL/ctl_reg_en_2[1],
dbg_hub/inst/BSCANID.u_xsdbm_id/SWITCH_N_EXT_BSCAN.bscan_inst/TMS,
dbg_hub/inst/BSCANID.u_xsdbm_id/SWITCH_N_EXT_BSCAN.bscan_switch/m_bscan_capture[0],
dbg_hub/inst/BSCANID.u_xsdbm_id/SWITCH_N_EXT_BSCAN.bscan_switch/m_bscan_drck[0],
dbg_hub/inst/BSCANID.u_xsdbm_id/SWITCH_N_EXT_BSCAN.bscan_switch/m_bscan_runtest[0]
 (the first 15 of 41 listed nets/buses).
Related violations: <none>


