Copyright 1986-2022 Xilinx, Inc. All Rights Reserved. Copyright 2022-2026 Advanced Micro Devices, Inc. All Rights Reserved.
--------------------------------------------------------------------------------------------------------------------------------------------------------
| Tool Version : Vivado v.2025.2.1 (lin64) Build 6403652 Thu Mar 19 13:47:00 MDT 2026
| Date         : Fri Jul  3 19:27:10 2026
| Host         : russell-shotover-arch running 64-bit Ubuntu 22.04.5 LTS
| Command      : report_methodology -file us_top_methodology_drc_routed.rpt -pb us_top_methodology_drc_routed.pb -rpx us_top_methodology_drc_routed.rpx
| Design       : us_top
| Device       : xcau15p-ffvb676-2-i
| Speed File   : -2
| Design State : Fully Routed
--------------------------------------------------------------------------------------------------------------------------------------------------------

Report Methodology

Table of Contents
-----------------
1. REPORT SUMMARY
2. REPORT DETAILS

1. REPORT SUMMARY
-----------------
            Netlist: netlist
          Floorplan: design_1
      Design limits: <entire design considered>
             Max checks: <unlimited>
             Checks found: 31
+-----------+------------------+-------------------------------------------------------------------------------------------------------+--------+
| Rule      | Severity         | Description                                                                                           | Checks |
+-----------+------------------+-------------------------------------------------------------------------------------------------------+--------+
| TIMING-6  | Critical Warning | No common primary clock between related clocks                                                        | 3      |
| TIMING-7  | Critical Warning | No common node between related clocks                                                                 | 5      |
| LUTAR-1   | Warning          | LUT drives async reset alert                                                                          | 12     |
| TIMING-9  | Warning          | Unknown CDC Logic                                                                                     | 1      |
| TIMING-10 | Warning          | Missing property on synchronizer                                                                      | 1      |
| TIMING-15 | Warning          | Large hold violation                                                                                  | 1      |
| TIMING-16 | Warning          | Large setup violation                                                                                 | 1      |
| TIMING-30 | Warning          | Sub-optimal master source pin selection for generated clock                                           | 1      |
| TIMING-47 | Warning          | False path, asynchronous clock group or max delay datapath only constraint between synchronous clocks | 5      |
| CLKC-8    | Advisory         | BUFGCE_DIV with active CE or DIVIDE not 1 has BUFG driver                                             | 1      |
+-----------+------------------+-------------------------------------------------------------------------------------------------------+--------+

2. REPORT DETAILS
-----------------
TIMING-6#1 Critical Warning
No common primary clock between related clocks  
The clocks drpclk_o[0] and xxv_ethernet_0_tx_mii_clk_0 are related (timed together) but they have no common primary clock. The design could fail in hardware. To find a timing path between these clocks, run the following command: report_timing -from [get_clocks drpclk_o[0]] -to [get_clocks xxv_ethernet_0_tx_mii_clk_0]
Related violations: <none>

TIMING-6#2 Critical Warning
No common primary clock between related clocks  
The clocks xxv_ethernet_0_rx_clk_out_0 and drpclk_o[0] are related (timed together) but they have no common primary clock. The design could fail in hardware. To find a timing path between these clocks, run the following command: report_timing -from [get_clocks xxv_ethernet_0_rx_clk_out_0] -to [get_clocks drpclk_o[0]]
Related violations: <none>

TIMING-6#3 Critical Warning
No common primary clock between related clocks  
The clocks xxv_ethernet_0_tx_mii_clk_0 and drpclk_o[0] are related (timed together) but they have no common primary clock. The design could fail in hardware. To find a timing path between these clocks, run the following command: report_timing -from [get_clocks xxv_ethernet_0_tx_mii_clk_0] -to [get_clocks drpclk_o[0]]
Related violations: <none>

TIMING-7#1 Critical Warning
No common node between related clocks  
The clocks drpclk_o[0] and xxv_ethernet_0_tx_mii_clk_0 are related (timed together) but they have no common node. The design could fail in hardware. To find a timing path between these clocks, run the following command: report_timing -from [get_clocks drpclk_o[0]] -to [get_clocks xxv_ethernet_0_tx_mii_clk_0]
Related violations: <none>

TIMING-7#2 Critical Warning
No common node between related clocks  
The clocks xxv_ethernet_0_rx_clk_out_0 and drpclk_o[0] are related (timed together) but they have no common node. The design could fail in hardware. To find a timing path between these clocks, run the following command: report_timing -from [get_clocks xxv_ethernet_0_rx_clk_out_0] -to [get_clocks drpclk_o[0]]
Related violations: <none>

TIMING-7#3 Critical Warning
No common node between related clocks  
The clocks xxv_ethernet_0_rx_clk_out_0 and xxv_ethernet_0_tx_mii_clk_0 are related (timed together) but they have no common node. The design could fail in hardware. To find a timing path between these clocks, run the following command: report_timing -from [get_clocks xxv_ethernet_0_rx_clk_out_0] -to [get_clocks xxv_ethernet_0_tx_mii_clk_0]
Related violations: <none>

TIMING-7#4 Critical Warning
No common node between related clocks  
The clocks xxv_ethernet_0_tx_mii_clk_0 and drpclk_o[0] are related (timed together) but they have no common node. The design could fail in hardware. To find a timing path between these clocks, run the following command: report_timing -from [get_clocks xxv_ethernet_0_tx_mii_clk_0] -to [get_clocks drpclk_o[0]]
Related violations: <none>

TIMING-7#5 Critical Warning
No common node between related clocks  
The clocks xxv_ethernet_0_tx_mii_clk_0 and xxv_ethernet_0_rx_clk_out_0 are related (timed together) but they have no common node. The design could fail in hardware. To find a timing path between these clocks, run the following command: report_timing -from [get_clocks xxv_ethernet_0_tx_mii_clk_0] -to [get_clocks xxv_ethernet_0_rx_clk_out_0]
Related violations: <none>

LUTAR-1#1 Warning
LUT drives async reset alert  
LUT cell bd/bd_i/microblaze_riscv_0/U0/riscv_core_I/Base.Core/Use_Debug_Logic.Master_Core.Debug_Perf/Serial_Dbg_Intf.resume_rst_i_i_1, with 2 or more inputs, drives asynchronous preset/clear pin(s) bd/bd_i/microblaze_riscv_0/U0/riscv_core_I/Base.Core/Use_Debug_Logic.Master_Core.Debug_Perf/Serial_Dbg_Intf.resumeack_reg/PRE. The LUT may glitch and trigger an unexpected reset, even if it is a properly timed path.
Related violations: <none>

LUTAR-1#2 Warning
LUT drives async reset alert  
LUT cell bd/bd_i/xxv_ethernet_0/inst/i_bd_xxv_ethernet_0_0_common_wrapper/bd_xxv_ethernet_0_0_gt_gthe4_common_wrapper_i/common_inst/i_bd_xxv_ethernet_0_0_gt_i_2, with 2 or more inputs, drives asynchronous preset/clear pin(s) bd/bd_i/xxv_ethernet_0/inst/i_bd_xxv_ethernet_0_0_gt/inst/gen_gtwizard_gthe4_top.bd_xxv_ethernet_0_0_gt_gtwizard_gthe4_inst/gen_gtwizard_gthe4.gen_reset_controller_internal.gen_single_instance.gtwiz_reset_inst/reset_synchronizer_txprogdivreset_inst/rst_in_meta_reg/PRE,
bd/bd_i/xxv_ethernet_0/inst/i_bd_xxv_ethernet_0_0_gt/inst/gen_gtwizard_gthe4_top.bd_xxv_ethernet_0_0_gt_gtwizard_gthe4_inst/gen_gtwizard_gthe4.gen_reset_controller_internal.gen_single_instance.gtwiz_reset_inst/reset_synchronizer_txprogdivreset_inst/rst_in_out_reg/PRE,
bd/bd_i/xxv_ethernet_0/inst/i_bd_xxv_ethernet_0_0_gt/inst/gen_gtwizard_gthe4_top.bd_xxv_ethernet_0_0_gt_gtwizard_gthe4_inst/gen_gtwizard_gthe4.gen_reset_controller_internal.gen_single_instance.gtwiz_reset_inst/reset_synchronizer_txprogdivreset_inst/rst_in_sync1_reg/PRE,
bd/bd_i/xxv_ethernet_0/inst/i_bd_xxv_ethernet_0_0_gt/inst/gen_gtwizard_gthe4_top.bd_xxv_ethernet_0_0_gt_gtwizard_gthe4_inst/gen_gtwizard_gthe4.gen_reset_controller_internal.gen_single_instance.gtwiz_reset_inst/reset_synchronizer_txprogdivreset_inst/rst_in_sync2_reg/PRE
bd/bd_i/xxv_ethernet_0/inst/i_bd_xxv_ethernet_0_0_gt/inst/gen_gtwizard_gthe4_top.bd_xxv_ethernet_0_0_gt_gtwizard_gthe4_inst/gen_gtwizard_gthe4.gen_reset_controller_internal.gen_single_instance.gtwiz_reset_inst/reset_synchronizer_txprogdivreset_inst/rst_in_sync3_reg/PRE. The LUT may glitch and trigger an unexpected reset, even if it is a properly timed path.
Related violations: <none>

LUTAR-1#3 Warning
LUT drives async reset alert  
LUT cell bd/bd_i/xxv_ethernet_0/inst/i_bd_xxv_ethernet_0_0_core_cdc_sync_gt_tx_resetdone_0/user_tx_reset_0_INST_0_replica, with 2 or more inputs, drives asynchronous preset/clear pin(s) bd/bd_i/xxv_ethernet_0/inst/i_bd_xxv_ethernet_0_0_top_0/i_bd_xxv_ethernet_0_0_CORE/i_TX_TOP/i_CORE_RESET_SYNC/reset_pipe_stretch_reg[0]/PRE,
bd/bd_i/xxv_ethernet_0/inst/i_bd_xxv_ethernet_0_0_top_0/i_bd_xxv_ethernet_0_0_CORE/i_TX_TOP/i_CORE_RESET_SYNC/reset_pipe_stretch_reg[1]/PRE
bd/bd_i/xxv_ethernet_0/inst/i_bd_xxv_ethernet_0_0_top_0/i_bd_xxv_ethernet_0_0_CORE/i_TX_TOP/i_CORE_RESET_SYNC/reset_pipe_stretch_reg[2]/PRE. The LUT may glitch and trigger an unexpected reset, even if it is a properly timed path.
Related violations: <none>

LUTAR-1#4 Warning
LUT drives async reset alert  
LUT cell bd/bd_i/xxv_ethernet_0/inst/i_bd_xxv_ethernet_0_0_gt/inst/gen_gtwizard_gthe4_top.bd_xxv_ethernet_0_0_gt_gtwizard_gthe4_inst/gen_gtwizard_gthe4.gen_reset_controller_internal.gen_single_instance.gtwiz_reset_inst/reset_synchronizer_gtwiz_reset_rx_any_inst/rst_in_meta_i_1, with 2 or more inputs, drives asynchronous preset/clear pin(s) bd/bd_i/xxv_ethernet_0/inst/i_bd_xxv_ethernet_0_0_gt/inst/gen_gtwizard_gthe4_top.bd_xxv_ethernet_0_0_gt_gtwizard_gthe4_inst/gen_gtwizard_gthe4.gen_reset_controller_internal.gen_single_instance.gtwiz_reset_inst/reset_synchronizer_gtwiz_reset_rx_any_inst/rst_in_meta_reg/PRE,
bd/bd_i/xxv_ethernet_0/inst/i_bd_xxv_ethernet_0_0_gt/inst/gen_gtwizard_gthe4_top.bd_xxv_ethernet_0_0_gt_gtwizard_gthe4_inst/gen_gtwizard_gthe4.gen_reset_controller_internal.gen_single_instance.gtwiz_reset_inst/reset_synchronizer_gtwiz_reset_rx_any_inst/rst_in_out_reg/PRE,
bd/bd_i/xxv_ethernet_0/inst/i_bd_xxv_ethernet_0_0_gt/inst/gen_gtwizard_gthe4_top.bd_xxv_ethernet_0_0_gt_gtwizard_gthe4_inst/gen_gtwizard_gthe4.gen_reset_controller_internal.gen_single_instance.gtwiz_reset_inst/reset_synchronizer_gtwiz_reset_rx_any_inst/rst_in_sync1_reg/PRE,
bd/bd_i/xxv_ethernet_0/inst/i_bd_xxv_ethernet_0_0_gt/inst/gen_gtwizard_gthe4_top.bd_xxv_ethernet_0_0_gt_gtwizard_gthe4_inst/gen_gtwizard_gthe4.gen_reset_controller_internal.gen_single_instance.gtwiz_reset_inst/reset_synchronizer_gtwiz_reset_rx_any_inst/rst_in_sync2_reg/PRE
bd/bd_i/xxv_ethernet_0/inst/i_bd_xxv_ethernet_0_0_gt/inst/gen_gtwizard_gthe4_top.bd_xxv_ethernet_0_0_gt_gtwizard_gthe4_inst/gen_gtwizard_gthe4.gen_reset_controller_internal.gen_single_instance.gtwiz_reset_inst/reset_synchronizer_gtwiz_reset_rx_any_inst/rst_in_sync3_reg/PRE. The LUT may glitch and trigger an unexpected reset, even if it is a properly timed path.
Related violations: <none>

LUTAR-1#5 Warning
LUT drives async reset alert  
LUT cell bd/bd_i/xxv_ethernet_0/inst/i_bd_xxv_ethernet_0_0_gt/inst/gen_gtwizard_gthe4_top.bd_xxv_ethernet_0_0_gt_gtwizard_gthe4_inst/gen_gtwizard_gthe4.gen_reset_controller_internal.gen_single_instance.gtwiz_reset_inst/reset_synchronizer_gtwiz_reset_rx_datapath_inst/rst_in_meta_i_1__0, with 2 or more inputs, drives asynchronous preset/clear pin(s) bd/bd_i/xxv_ethernet_0/inst/i_bd_xxv_ethernet_0_0_gt/inst/gen_gtwizard_gthe4_top.bd_xxv_ethernet_0_0_gt_gtwizard_gthe4_inst/gen_gtwizard_gthe4.gen_reset_controller_internal.gen_single_instance.gtwiz_reset_inst/reset_synchronizer_gtwiz_reset_rx_datapath_inst/rst_in_meta_reg/PRE,
bd/bd_i/xxv_ethernet_0/inst/i_bd_xxv_ethernet_0_0_gt/inst/gen_gtwizard_gthe4_top.bd_xxv_ethernet_0_0_gt_gtwizard_gthe4_inst/gen_gtwizard_gthe4.gen_reset_controller_internal.gen_single_instance.gtwiz_reset_inst/reset_synchronizer_gtwiz_reset_rx_datapath_inst/rst_in_out_reg/PRE,
bd/bd_i/xxv_ethernet_0/inst/i_bd_xxv_ethernet_0_0_gt/inst/gen_gtwizard_gthe4_top.bd_xxv_ethernet_0_0_gt_gtwizard_gthe4_inst/gen_gtwizard_gthe4.gen_reset_controller_internal.gen_single_instance.gtwiz_reset_inst/reset_synchronizer_gtwiz_reset_rx_datapath_inst/rst_in_sync1_reg/PRE,
bd/bd_i/xxv_ethernet_0/inst/i_bd_xxv_ethernet_0_0_gt/inst/gen_gtwizard_gthe4_top.bd_xxv_ethernet_0_0_gt_gtwizard_gthe4_inst/gen_gtwizard_gthe4.gen_reset_controller_internal.gen_single_instance.gtwiz_reset_inst/reset_synchronizer_gtwiz_reset_rx_datapath_inst/rst_in_sync2_reg/PRE
bd/bd_i/xxv_ethernet_0/inst/i_bd_xxv_ethernet_0_0_gt/inst/gen_gtwizard_gthe4_top.bd_xxv_ethernet_0_0_gt_gtwizard_gthe4_inst/gen_gtwizard_gthe4.gen_reset_controller_internal.gen_single_instance.gtwiz_reset_inst/reset_synchronizer_gtwiz_reset_rx_datapath_inst/rst_in_sync3_reg/PRE. The LUT may glitch and trigger an unexpected reset, even if it is a properly timed path.
Related violations: <none>

LUTAR-1#6 Warning
LUT drives async reset alert  
LUT cell bd/bd_i/xxv_ethernet_0/inst/i_bd_xxv_ethernet_0_0_gt/inst/gen_gtwizard_gthe4_top.bd_xxv_ethernet_0_0_gt_gtwizard_gthe4_inst/gen_gtwizard_gthe4.gen_reset_controller_internal.gen_single_instance.gtwiz_reset_inst/reset_synchronizer_gtwiz_reset_tx_any_inst/rst_in_meta_i_1__1, with 2 or more inputs, drives asynchronous preset/clear pin(s) bd/bd_i/xxv_ethernet_0/inst/i_bd_xxv_ethernet_0_0_gt/inst/gen_gtwizard_gthe4_top.bd_xxv_ethernet_0_0_gt_gtwizard_gthe4_inst/gen_gtwizard_gthe4.gen_reset_controller_internal.gen_single_instance.gtwiz_reset_inst/reset_synchronizer_gtwiz_reset_tx_any_inst/rst_in_meta_reg/PRE,
bd/bd_i/xxv_ethernet_0/inst/i_bd_xxv_ethernet_0_0_gt/inst/gen_gtwizard_gthe4_top.bd_xxv_ethernet_0_0_gt_gtwizard_gthe4_inst/gen_gtwizard_gthe4.gen_reset_controller_internal.gen_single_instance.gtwiz_reset_inst/reset_synchronizer_gtwiz_reset_tx_any_inst/rst_in_out_reg/PRE,
bd/bd_i/xxv_ethernet_0/inst/i_bd_xxv_ethernet_0_0_gt/inst/gen_gtwizard_gthe4_top.bd_xxv_ethernet_0_0_gt_gtwizard_gthe4_inst/gen_gtwizard_gthe4.gen_reset_controller_internal.gen_single_instance.gtwiz_reset_inst/reset_synchronizer_gtwiz_reset_tx_any_inst/rst_in_sync1_reg/PRE,
bd/bd_i/xxv_ethernet_0/inst/i_bd_xxv_ethernet_0_0_gt/inst/gen_gtwizard_gthe4_top.bd_xxv_ethernet_0_0_gt_gtwizard_gthe4_inst/gen_gtwizard_gthe4.gen_reset_controller_internal.gen_single_instance.gtwiz_reset_inst/reset_synchronizer_gtwiz_reset_tx_any_inst/rst_in_sync2_reg/PRE
bd/bd_i/xxv_ethernet_0/inst/i_bd_xxv_ethernet_0_0_gt/inst/gen_gtwizard_gthe4_top.bd_xxv_ethernet_0_0_gt_gtwizard_gthe4_inst/gen_gtwizard_gthe4.gen_reset_controller_internal.gen_single_instance.gtwiz_reset_inst/reset_synchronizer_gtwiz_reset_tx_any_inst/rst_in_sync3_reg/PRE. The LUT may glitch and trigger an unexpected reset, even if it is a properly timed path.
Related violations: <none>

LUTAR-1#7 Warning
LUT drives async reset alert  
LUT cell bd/bd_i/xxv_ethernet_0/inst/i_core_gtwiz_userclk_tx_inst_0/gen_gtwiz_userclk_tx_main.bufg_gt_usrclk2_inst_i_1, with 2 or more inputs, drives asynchronous preset/clear pin(s) bd/bd_i/xxv_ethernet_0/inst/i_bd_xxv_ethernet_0_0_gt/inst/gen_gtwizard_gthe4_top.bd_xxv_ethernet_0_0_gt_gtwizard_gthe4_inst/gen_gtwizard_gthe4.gen_channel_container[0].gen_enabled_channel.gthe4_channel_wrapper_inst/channel_inst/BUFG_GT_SYNC_1/CLR
bd/bd_i/xxv_ethernet_0/inst/i_core_gtwiz_userclk_tx_inst_0/gen_gtwiz_userclk_tx_main.gtwiz_userclk_tx_active_out_reg/CLR. The LUT may glitch and trigger an unexpected reset, even if it is a properly timed path.
Related violations: <none>

LUTAR-1#8 Warning
LUT drives async reset alert  
LUT cell dbg_hub/inst/BSCANID.u_xsdbm_id/CORE_XSDB.UUT_MASTER/U_ICON_INTERFACE/U_CMD6_RD/U_RD_FIFO/SUBCORE_FIFO.xsdbm_v3_0_5_rdfifo_inst/inst_fifo_gen/gconvfifo.rf/grf.rf/rstblk/ngwrdrst.grst.g7serrst.gwrrd_rst_sync_stage[2].rrst_inst/ngwrdrst.grst.g7serrst.rd_rst_reg[2]_i_1, with 2 or more inputs, drives asynchronous preset/clear pin(s) dbg_hub/inst/BSCANID.u_xsdbm_id/CORE_XSDB.UUT_MASTER/U_ICON_INTERFACE/U_CMD6_RD/U_RD_FIFO/SUBCORE_FIFO.xsdbm_v3_0_5_rdfifo_inst/inst_fifo_gen/gconvfifo.rf/grf.rf/rstblk/ngwrdrst.grst.g7serrst.rd_rst_reg_reg[0]/PRE,
dbg_hub/inst/BSCANID.u_xsdbm_id/CORE_XSDB.UUT_MASTER/U_ICON_INTERFACE/U_CMD6_RD/U_RD_FIFO/SUBCORE_FIFO.xsdbm_v3_0_5_rdfifo_inst/inst_fifo_gen/gconvfifo.rf/grf.rf/rstblk/ngwrdrst.grst.g7serrst.rd_rst_reg_reg[1]/PRE
dbg_hub/inst/BSCANID.u_xsdbm_id/CORE_XSDB.UUT_MASTER/U_ICON_INTERFACE/U_CMD6_RD/U_RD_FIFO/SUBCORE_FIFO.xsdbm_v3_0_5_rdfifo_inst/inst_fifo_gen/gconvfifo.rf/grf.rf/rstblk/ngwrdrst.grst.g7serrst.rd_rst_reg_reg[2]/PRE. The LUT may glitch and trigger an unexpected reset, even if it is a properly timed path.
Related violations: <none>

LUTAR-1#9 Warning
LUT drives async reset alert  
LUT cell dbg_hub/inst/BSCANID.u_xsdbm_id/CORE_XSDB.UUT_MASTER/U_ICON_INTERFACE/U_CMD6_RD/U_RD_FIFO/SUBCORE_FIFO.xsdbm_v3_0_5_rdfifo_inst/inst_fifo_gen/gconvfifo.rf/grf.rf/rstblk/ngwrdrst.grst.g7serrst.gwrrd_rst_sync_stage[2].wrst_inst/ngwrdrst.grst.g7serrst.wr_rst_reg[2]_i_1, with 2 or more inputs, drives asynchronous preset/clear pin(s) dbg_hub/inst/BSCANID.u_xsdbm_id/CORE_XSDB.UUT_MASTER/U_ICON_INTERFACE/U_CMD6_RD/U_RD_FIFO/SUBCORE_FIFO.xsdbm_v3_0_5_rdfifo_inst/inst_fifo_gen/gconvfifo.rf/grf.rf/rstblk/ngwrdrst.grst.g7serrst.wr_rst_reg_reg[0]/PRE,
dbg_hub/inst/BSCANID.u_xsdbm_id/CORE_XSDB.UUT_MASTER/U_ICON_INTERFACE/U_CMD6_RD/U_RD_FIFO/SUBCORE_FIFO.xsdbm_v3_0_5_rdfifo_inst/inst_fifo_gen/gconvfifo.rf/grf.rf/rstblk/ngwrdrst.grst.g7serrst.wr_rst_reg_reg[1]/PRE
dbg_hub/inst/BSCANID.u_xsdbm_id/CORE_XSDB.UUT_MASTER/U_ICON_INTERFACE/U_CMD6_RD/U_RD_FIFO/SUBCORE_FIFO.xsdbm_v3_0_5_rdfifo_inst/inst_fifo_gen/gconvfifo.rf/grf.rf/rstblk/ngwrdrst.grst.g7serrst.wr_rst_reg_reg[2]/PRE. The LUT may glitch and trigger an unexpected reset, even if it is a properly timed path.
Related violations: <none>

LUTAR-1#10 Warning
LUT drives async reset alert  
LUT cell dbg_hub/inst/BSCANID.u_xsdbm_id/CORE_XSDB.UUT_MASTER/U_ICON_INTERFACE/U_CMD6_WR/U_WR_FIFO/SUBCORE_FIFO.xsdbm_v3_0_5_wrfifo_inst/inst_fifo_gen/gconvfifo.rf/grf.rf/rstblk/ngwrdrst.grst.g7serrst.gwrrd_rst_sync_stage[2].rrst_inst/ngwrdrst.grst.g7serrst.rd_rst_reg[2]_i_1, with 2 or more inputs, drives asynchronous preset/clear pin(s) dbg_hub/inst/BSCANID.u_xsdbm_id/CORE_XSDB.UUT_MASTER/U_ICON_INTERFACE/U_CMD6_WR/U_WR_FIFO/SUBCORE_FIFO.xsdbm_v3_0_5_wrfifo_inst/inst_fifo_gen/gconvfifo.rf/grf.rf/rstblk/ngwrdrst.grst.g7serrst.rd_rst_reg_reg[0]/PRE,
dbg_hub/inst/BSCANID.u_xsdbm_id/CORE_XSDB.UUT_MASTER/U_ICON_INTERFACE/U_CMD6_WR/U_WR_FIFO/SUBCORE_FIFO.xsdbm_v3_0_5_wrfifo_inst/inst_fifo_gen/gconvfifo.rf/grf.rf/rstblk/ngwrdrst.grst.g7serrst.rd_rst_reg_reg[1]/PRE
dbg_hub/inst/BSCANID.u_xsdbm_id/CORE_XSDB.UUT_MASTER/U_ICON_INTERFACE/U_CMD6_WR/U_WR_FIFO/SUBCORE_FIFO.xsdbm_v3_0_5_wrfifo_inst/inst_fifo_gen/gconvfifo.rf/grf.rf/rstblk/ngwrdrst.grst.g7serrst.rd_rst_reg_reg[2]/PRE. The LUT may glitch and trigger an unexpected reset, even if it is a properly timed path.
Related violations: <none>

LUTAR-1#11 Warning
LUT drives async reset alert  
LUT cell dbg_hub/inst/BSCANID.u_xsdbm_id/CORE_XSDB.UUT_MASTER/U_ICON_INTERFACE/U_CMD6_WR/U_WR_FIFO/SUBCORE_FIFO.xsdbm_v3_0_5_wrfifo_inst/inst_fifo_gen/gconvfifo.rf/grf.rf/rstblk/ngwrdrst.grst.g7serrst.gwrrd_rst_sync_stage[2].wrst_inst/ngwrdrst.grst.g7serrst.wr_rst_reg[2]_i_1, with 2 or more inputs, drives asynchronous preset/clear pin(s) dbg_hub/inst/BSCANID.u_xsdbm_id/CORE_XSDB.UUT_MASTER/U_ICON_INTERFACE/U_CMD6_WR/U_WR_FIFO/SUBCORE_FIFO.xsdbm_v3_0_5_wrfifo_inst/inst_fifo_gen/gconvfifo.rf/grf.rf/rstblk/ngwrdrst.grst.g7serrst.wr_rst_reg_reg[0]/PRE,
dbg_hub/inst/BSCANID.u_xsdbm_id/CORE_XSDB.UUT_MASTER/U_ICON_INTERFACE/U_CMD6_WR/U_WR_FIFO/SUBCORE_FIFO.xsdbm_v3_0_5_wrfifo_inst/inst_fifo_gen/gconvfifo.rf/grf.rf/rstblk/ngwrdrst.grst.g7serrst.wr_rst_reg_reg[1]/PRE
dbg_hub/inst/BSCANID.u_xsdbm_id/CORE_XSDB.UUT_MASTER/U_ICON_INTERFACE/U_CMD6_WR/U_WR_FIFO/SUBCORE_FIFO.xsdbm_v3_0_5_wrfifo_inst/inst_fifo_gen/gconvfifo.rf/grf.rf/rstblk/ngwrdrst.grst.g7serrst.wr_rst_reg_reg[2]/PRE. The LUT may glitch and trigger an unexpected reset, even if it is a properly timed path.
Related violations: <none>

LUTAR-1#12 Warning
LUT drives async reset alert  
LUT cell dbg_hub/inst/BSCANID.u_xsdbm_id/SWITCH_N_EXT_BSCAN.bscan_switch/m_bscan_sel[0]_INST_0, with 2 or more inputs, drives asynchronous preset/clear pin(s) dbg_hub/inst/BSCANID.u_xsdbm_id/CORE_XSDB.U_ICON/U_CMD/iTARGET_reg[10]/CLR,
dbg_hub/inst/BSCANID.u_xsdbm_id/CORE_XSDB.U_ICON/U_CMD/iTARGET_reg[11]/CLR,
dbg_hub/inst/BSCANID.u_xsdbm_id/CORE_XSDB.U_ICON/U_CMD/iTARGET_reg[12]/CLR,
dbg_hub/inst/BSCANID.u_xsdbm_id/CORE_XSDB.U_ICON/U_CMD/iTARGET_reg[13]/CLR,
dbg_hub/inst/BSCANID.u_xsdbm_id/CORE_XSDB.U_ICON/U_CMD/iTARGET_reg[14]/CLR,
dbg_hub/inst/BSCANID.u_xsdbm_id/CORE_XSDB.U_ICON/U_CMD/iTARGET_reg[15]/CLR,
dbg_hub/inst/BSCANID.u_xsdbm_id/CORE_XSDB.U_ICON/U_CMD/iTARGET_reg[6]/CLR,
dbg_hub/inst/BSCANID.u_xsdbm_id/CORE_XSDB.U_ICON/U_CMD/iTARGET_reg[7]/CLR,
dbg_hub/inst/BSCANID.u_xsdbm_id/CORE_XSDB.U_ICON/U_CMD/iTARGET_reg[8]/CLR
dbg_hub/inst/BSCANID.u_xsdbm_id/CORE_XSDB.U_ICON/U_CMD/iTARGET_reg[9]/CLR. The LUT may glitch and trigger an unexpected reset, even if it is a properly timed path.
Related violations: <none>

TIMING-9#1 Warning
Unknown CDC Logic  
One or more asynchronous Clock Domain Crossing has been detected between 2 clock domains through a set_false_path or a set_clock_groups or set_max_delay -datapath_only constraint but no double-registers logic synchronizer has been found on the side of the capture clock. It is recommended to run report_cdc for a complete and detailed CDC coverage. Please consider using XPM_CDC to avoid Critical severities
Related violations: <none>

TIMING-10#1 Warning
Missing property on synchronizer  
One or more logic synchronizer has been detected between 2 clock domains but the synchronizer does not have the property ASYNC_REG defined on one or both registers. It is recommended to run report_cdc for a complete and detailed CDC coverage
Related violations: <none>

TIMING-15#1 Warning
Large hold violation  
There is a large clock skew of 2.938 ns between bd/bd_i/c_counter_binary_0/U0/i_synth/i_baseblox.i_baseblox_counter/the_addsub/no_pipelining.the_addsub/i_lut6.i_lut6_addsub/i_q.i_simple.qreg/i_no_async_controls.output_reg[12]/C (clocked by xxv_ethernet_0_rx_clk_out_0) and bd/bd_i/vio_eth/inst/PROBE_IN_INST/probe_in_reg_reg[35]/D (clocked by drpclk_o[0]) that results in large hold timing violation(s) of -2.660 ns. Fixing large hold violations during routing might impact setup slack and result in more difficult timing closure
Related violations: <none>

TIMING-16#1 Warning
Large setup violation  
There is a large setup violation of -1.533 ns between bd/bd_i/vio_eth/inst/PROBE_OUT_ALL_INST/G_PROBE_OUT[0].PROBE_OUT0_INST/Probe_out_reg[0]/C (clocked by drpclk_o[0]) and bd/bd_i/xxv_ethernet_0/inst/i_bd_xxv_ethernet_0_0_gt/inst/gen_gtwizard_gthe4_top.bd_xxv_ethernet_0_0_gt_gtwizard_gthe4_inst/gen_gtwizard_gthe4.gen_channel_container[0].gen_enabled_channel.gthe4_channel_wrapper_inst/channel_inst/gthe4_channel_gen.gen_gthe4_channel_inst[0].GTHE4_CHANNEL_PRIM_INST/TXPOLARITY (clocked by xxv_ethernet_0_tx_mii_clk_0). Large setup violations at the end of those stages might be difficult to fix during the post-placement implementation flow and could be the result of non-optimal XDC constraints or non-optimal design architecture
Related violations: <none>

TIMING-30#1 Warning
Sub-optimal master source pin selection for generated clock  
The generated clock bd/bd_i/mdm_1/U0/MDM_Core_I1/JTAG_CONTROL_I/Test_Access_Port.BUFG_UPDATE/Using_FPGA.Native/O has a sub-optimal master source pin selection, timing can be pessimistic
Related violations: <none>

TIMING-47#1 Warning
False path, asynchronous clock group or max delay datapath only constraint between synchronous clocks  
A Clock Group timing constraint is set between synchronous clocks bd/bd_i/mdm_1/U0/MDM_Core_I1/JTAG_CONTROL_I/Test_Access_Port.BUFG_UPDATE/Using_FPGA.Native/O and bd/bd_i/mdm_1/U0/Use_E2.BSCAN_I/Use_E2.BSCANE2_I/TCK (see constraint position 111 in the Timing Constraint window in Vivado IDE). Masking entire synchronous clock domains via  set_false_path, set_clock_groups or set_max_delay -datapath_only may result in failure in hardware.
Related violations: <none>

TIMING-47#2 Warning
False path, asynchronous clock group or max delay datapath only constraint between synchronous clocks  
A Clock Group timing constraint is set between synchronous clocks bd/bd_i/mdm_1/U0/Use_E2.BSCAN_I/Use_E2.BSCANE2_I/INTERNAL_TCK and bd/bd_i/mdm_1/U0/Use_E2.BSCAN_I/Use_E2.BSCANE2_I/TCK (see constraint position 109 in the Timing Constraint window in Vivado IDE). Masking entire synchronous clock domains via  set_false_path, set_clock_groups or set_max_delay -datapath_only may result in failure in hardware.
Related violations: <none>

TIMING-47#3 Warning
False path, asynchronous clock group or max delay datapath only constraint between synchronous clocks  
A Clock Group timing constraint is set between synchronous clocks bd/bd_i/mdm_1/U0/Use_E2.BSCAN_I/Use_E2.BSCANE2_I/TCK and bd/bd_i/mdm_1/U0/MDM_Core_I1/JTAG_CONTROL_I/Test_Access_Port.BUFG_UPDATE/Using_FPGA.Native/O (see constraint position 111 in the Timing Constraint window in Vivado IDE). Masking entire synchronous clock domains via  set_false_path, set_clock_groups or set_max_delay -datapath_only may result in failure in hardware.
Related violations: <none>

TIMING-47#4 Warning
False path, asynchronous clock group or max delay datapath only constraint between synchronous clocks  
A Clock Group timing constraint is set between synchronous clocks bd/bd_i/mdm_1/U0/Use_E2.BSCAN_I/Use_E2.BSCANE2_I/TCK and bd/bd_i/mdm_1/U0/Use_E2.BSCAN_I/Use_E2.BSCANE2_I/INTERNAL_TCK (see constraint position 109 in the Timing Constraint window in Vivado IDE). Masking entire synchronous clock domains via  set_false_path, set_clock_groups or set_max_delay -datapath_only may result in failure in hardware.
Related violations: <none>

TIMING-47#5 Warning
False path, asynchronous clock group or max delay datapath only constraint between synchronous clocks  
A Clock Group timing constraint is set between synchronous clocks bd/bd_i/mdm_1/U0/Use_E2.BSCAN_I/Use_E2.BSCANE2_I/UPDATE and bd/bd_i/mdm_1/U0/Use_E2.BSCAN_I/Use_E2.BSCANE2_I/TCK (see constraint position 110 in the Timing Constraint window in Vivado IDE). Masking entire synchronous clock domains via  set_false_path, set_clock_groups or set_max_delay -datapath_only may result in failure in hardware.
Related violations: <none>

CLKC-8#1 Advisory
BUFGCE_DIV with active CE or DIVIDE not 1 has BUFG driver  
The BUFGCE_DIV cell bd/bd_i/sysclk_wiz/inst/BUFGCE_DIV_CLK1_inst bd/bd_i/sysclk_wiz/inst/BUFGCE_DIV_CLK1_inst/I pin (and CE is ACTIVE or BUFGCE_DIVIDE is not 1) is driven by BUFGCE clock buffer bd/bd_i/sysclk_wiz/inst/clkin1_bufg1. It should be reconnected in parallel to the driving clock buffer in order to reduce skew. Cascaded buffers introduce skew that can lead to difficult or impossible timing closure.
Related violations: <none>


