#-----------------------------------------------------------
# Vivado v2025.2 (64-bit)
# SW Build 6299465 on Fri Nov 14 12:34:56 MST 2025
# IP Build 6300035 on Fri Nov 14 10:48:45 MST 2025
# SharedData Build 6298862 on Thu Nov 13 04:50:51 MST 2025
# Start of session at: Sun Feb 15 22:50:34 2026
# Process ID         : 587379
# Current directory  : /home/russell/ultrasound/fpga/us/us.runs/bd_util_ds_buf_0_0_synth_1
# Command line       : vivado -log bd_util_ds_buf_0_0.vds -product Vivado -mode batch -messageDb vivado.pb -notrace -source bd_util_ds_buf_0_0.tcl
# Log file           : /home/russell/ultrasound/fpga/us/us.runs/bd_util_ds_buf_0_0_synth_1/bd_util_ds_buf_0_0.vds
# Journal file       : /home/russell/ultrasound/fpga/us/us.runs/bd_util_ds_buf_0_0_synth_1/vivado.jou
# Running On         : russell-shotover-arch
# Platform           : Ubuntu
# Operating System   : Ubuntu 22.04.5 LTS
# Processor Detail   : AMD RYZEN AI MAX PRO 390 w/ Radeon 8050S
# CPU Frequency      : 4314.417 MHz
# CPU Physical cores : 12
# CPU Logical cores  : 24
# Host memory        : 50264 MB
# Swap memory        : 25132 MB
# Total Virtual      : 75396 MB
# Available Virtual  : 43131 MB
#-----------------------------------------------------------
source bd_util_ds_buf_0_0.tcl -notrace
