
*** Running vivado
    with args -log bd_vio_0_2.vds -m64 -product Vivado -mode batch -messageDb vivado.pb -notrace -source bd_vio_0_2.tcl


****** Vivado v2025.2.1 (64-bit)
  **** SW Build 6403652 on Thu Mar 19 13:47:00 MDT 2026
  **** IP Build 6403511 on Thu Mar 19 12:41:45 MDT 2026
  **** SharedData Build 6403650 on Thu Mar 19 14:02:13 MDT 2026
  **** Start of session at: Sat Jul  4 14:23:15 2026
    ** Copyright 1986-2022 Xilinx, Inc. All Rights Reserved.
    ** Copyright 2022-2026 Advanced Micro Devices, Inc. All Rights Reserved.

source bd_vio_0_2.tcl -notrace
Command: synth_design -top bd_vio_0_2 -part xcau15p-ffvb676-2-i -incremental_mode off -mode out_of_context
Starting synth_design
Attempting to get a license for feature 'Synthesis' and/or device 'xcau15p'
INFO: [Common 17-349] Got license for feature 'Synthesis' and/or device 'xcau15p'
INFO: [Device 21-403] Loading part xcau15p-ffvb676-2-i
INFO: [Synth 8-7079] Multithreading enabled for synth_design using a maximum of 7 processes.
INFO: [Synth 8-7078] Launching helper process for spawning children vivado processes
INFO: [Synth 8-7075] Helper process launched with PID 982961
---------------------------------------------------------------------------------
Starting RTL Elaboration : Time (s): cpu = 00:00:03 ; elapsed = 00:00:03 . Memory (MB): peak = 2455.707 ; gain = 458.688 ; free physical = 404 ; free virtual = 32886
---------------------------------------------------------------------------------
INFO: [Synth 8-6157] synthesizing module 'bd_vio_0_2' [/home/russell/ultrasound/fpga/us/us.gen/sources_1/bd/bd/ip/bd_vio_0_2/synth/bd_vio_0_2.v:49]
INFO: [Synth 8-6155] done synthesizing module 'bd_vio_0_2' (0#1) [/home/russell/ultrasound/fpga/us/us.gen/sources_1/bd/bd/ip/bd_vio_0_2/synth/bd_vio_0_2.v:49]
WARNING: [Synth 8-3848] Net sl_iport0 in module/entity bd_vio_0_2 does not have driver. [/home/russell/ultrasound/fpga/us/us.gen/sources_1/bd/bd/ip/bd_vio_0_2/synth/bd_vio_0_2.v:124]
WARNING: [Synth 8-7129] Port Bus_rst in module vio_v3_0_27_probe_out_one__parameterized0 is either unconnected or has no load
WARNING: [Synth 8-7129] Port Read in module vio_v3_0_27_probe_out_one__parameterized0 is either unconnected or has no load
WARNING: [Synth 8-7129] Port Bus_Data_in[15] in module vio_v3_0_27_probe_out_one__parameterized0 is either unconnected or has no load
WARNING: [Synth 8-7129] Port Bus_Data_in[14] in module vio_v3_0_27_probe_out_one__parameterized0 is either unconnected or has no load
WARNING: [Synth 8-7129] Port Bus_Data_in[13] in module vio_v3_0_27_probe_out_one__parameterized0 is either unconnected or has no load
WARNING: [Synth 8-7129] Port Bus_Data_in[12] in module vio_v3_0_27_probe_out_one__parameterized0 is either unconnected or has no load
WARNING: [Synth 8-7129] Port Bus_Data_in[11] in module vio_v3_0_27_probe_out_one__parameterized0 is either unconnected or has no load
WARNING: [Synth 8-7129] Port Bus_Data_in[10] in module vio_v3_0_27_probe_out_one__parameterized0 is either unconnected or has no load
WARNING: [Synth 8-7129] Port Bus_Data_in[9] in module vio_v3_0_27_probe_out_one__parameterized0 is either unconnected or has no load
WARNING: [Synth 8-7129] Port Bus_Data_in[8] in module vio_v3_0_27_probe_out_one__parameterized0 is either unconnected or has no load
WARNING: [Synth 8-7129] Port Bus_Data_in[7] in module vio_v3_0_27_probe_out_one__parameterized0 is either unconnected or has no load
WARNING: [Synth 8-7129] Port Bus_Data_in[6] in module vio_v3_0_27_probe_out_one__parameterized0 is either unconnected or has no load
WARNING: [Synth 8-7129] Port Bus_Data_in[5] in module vio_v3_0_27_probe_out_one__parameterized0 is either unconnected or has no load
WARNING: [Synth 8-7129] Port Bus_Data_in[4] in module vio_v3_0_27_probe_out_one__parameterized0 is either unconnected or has no load
WARNING: [Synth 8-7129] Port Bus_Data_in[3] in module vio_v3_0_27_probe_out_one__parameterized0 is either unconnected or has no load
WARNING: [Synth 8-7129] Port Bus_Data_in[2] in module vio_v3_0_27_probe_out_one__parameterized0 is either unconnected or has no load
WARNING: [Synth 8-7129] Port Bus_Data_in[1] in module vio_v3_0_27_probe_out_one__parameterized0 is either unconnected or has no load
WARNING: [Synth 8-7129] Port Internal_cnt_rst in module vio_v3_0_27_probe_out_one__parameterized0 is either unconnected or has no load
WARNING: [Synth 8-7129] Port Bus_rst in module vio_v3_0_27_probe_out_one__parameterized3 is either unconnected or has no load
WARNING: [Synth 8-7129] Port Read in module vio_v3_0_27_probe_out_one__parameterized3 is either unconnected or has no load
WARNING: [Synth 8-7129] Port Bus_Data_in[15] in module vio_v3_0_27_probe_out_one__parameterized3 is either unconnected or has no load
WARNING: [Synth 8-7129] Port Bus_Data_in[14] in module vio_v3_0_27_probe_out_one__parameterized3 is either unconnected or has no load
WARNING: [Synth 8-7129] Port Bus_Data_in[13] in module vio_v3_0_27_probe_out_one__parameterized3 is either unconnected or has no load
WARNING: [Synth 8-7129] Port Bus_Data_in[12] in module vio_v3_0_27_probe_out_one__parameterized3 is either unconnected or has no load
WARNING: [Synth 8-7129] Port Bus_Data_in[11] in module vio_v3_0_27_probe_out_one__parameterized3 is either unconnected or has no load
WARNING: [Synth 8-7129] Port Bus_Data_in[10] in module vio_v3_0_27_probe_out_one__parameterized3 is either unconnected or has no load
WARNING: [Synth 8-7129] Port Bus_Data_in[9] in module vio_v3_0_27_probe_out_one__parameterized3 is either unconnected or has no load
WARNING: [Synth 8-7129] Port Bus_Data_in[8] in module vio_v3_0_27_probe_out_one__parameterized3 is either unconnected or has no load
WARNING: [Synth 8-7129] Port Bus_Data_in[7] in module vio_v3_0_27_probe_out_one__parameterized3 is either unconnected or has no load
WARNING: [Synth 8-7129] Port Bus_Data_in[6] in module vio_v3_0_27_probe_out_one__parameterized3 is either unconnected or has no load
WARNING: [Synth 8-7129] Port Bus_Data_in[5] in module vio_v3_0_27_probe_out_one__parameterized3 is either unconnected or has no load
WARNING: [Synth 8-7129] Port Internal_cnt_rst in module vio_v3_0_27_probe_out_one__parameterized3 is either unconnected or has no load
WARNING: [Synth 8-7129] Port Bus_rst in module vio_v3_0_27_probe_out_one is either unconnected or has no load
WARNING: [Synth 8-7129] Port Read in module vio_v3_0_27_probe_out_one is either unconnected or has no load
WARNING: [Synth 8-7129] Port Bus_Data_in[15] in module vio_v3_0_27_probe_out_one is either unconnected or has no load
WARNING: [Synth 8-7129] Port Bus_Data_in[14] in module vio_v3_0_27_probe_out_one is either unconnected or has no load
WARNING: [Synth 8-7129] Port Bus_Data_in[13] in module vio_v3_0_27_probe_out_one is either unconnected or has no load
WARNING: [Synth 8-7129] Port Bus_Data_in[12] in module vio_v3_0_27_probe_out_one is either unconnected or has no load
WARNING: [Synth 8-7129] Port Bus_Data_in[11] in module vio_v3_0_27_probe_out_one is either unconnected or has no load
WARNING: [Synth 8-7129] Port Bus_Data_in[10] in module vio_v3_0_27_probe_out_one is either unconnected or has no load
WARNING: [Synth 8-7129] Port Bus_Data_in[9] in module vio_v3_0_27_probe_out_one is either unconnected or has no load
WARNING: [Synth 8-7129] Port Bus_Data_in[8] in module vio_v3_0_27_probe_out_one is either unconnected or has no load
WARNING: [Synth 8-7129] Port Bus_Data_in[7] in module vio_v3_0_27_probe_out_one is either unconnected or has no load
WARNING: [Synth 8-7129] Port Bus_Data_in[6] in module vio_v3_0_27_probe_out_one is either unconnected or has no load
WARNING: [Synth 8-7129] Port Bus_Data_in[5] in module vio_v3_0_27_probe_out_one is either unconnected or has no load
WARNING: [Synth 8-7129] Port Bus_Data_in[4] in module vio_v3_0_27_probe_out_one is either unconnected or has no load
WARNING: [Synth 8-7129] Port Bus_Data_in[3] in module vio_v3_0_27_probe_out_one is either unconnected or has no load
WARNING: [Synth 8-7129] Port Bus_Data_in[2] in module vio_v3_0_27_probe_out_one is either unconnected or has no load
WARNING: [Synth 8-7129] Port Bus_Data_in[1] in module vio_v3_0_27_probe_out_one is either unconnected or has no load
WARNING: [Synth 8-7129] Port Internal_cnt_rst in module vio_v3_0_27_probe_out_one is either unconnected or has no load
WARNING: [Synth 8-7129] Port Bus_rst in module vio_v3_0_27_probe_out_one__parameterized2 is either unconnected or has no load
WARNING: [Synth 8-7129] Port Read in module vio_v3_0_27_probe_out_one__parameterized2 is either unconnected or has no load
WARNING: [Synth 8-7129] Port Bus_Data_in[15] in module vio_v3_0_27_probe_out_one__parameterized2 is either unconnected or has no load
WARNING: [Synth 8-7129] Port Bus_Data_in[14] in module vio_v3_0_27_probe_out_one__parameterized2 is either unconnected or has no load
WARNING: [Synth 8-7129] Port Bus_Data_in[13] in module vio_v3_0_27_probe_out_one__parameterized2 is either unconnected or has no load
WARNING: [Synth 8-7129] Port Bus_Data_in[12] in module vio_v3_0_27_probe_out_one__parameterized2 is either unconnected or has no load
WARNING: [Synth 8-7129] Port Bus_Data_in[11] in module vio_v3_0_27_probe_out_one__parameterized2 is either unconnected or has no load
WARNING: [Synth 8-7129] Port Bus_Data_in[10] in module vio_v3_0_27_probe_out_one__parameterized2 is either unconnected or has no load
WARNING: [Synth 8-7129] Port Bus_Data_in[9] in module vio_v3_0_27_probe_out_one__parameterized2 is either unconnected or has no load
WARNING: [Synth 8-7129] Port Bus_Data_in[8] in module vio_v3_0_27_probe_out_one__parameterized2 is either unconnected or has no load
WARNING: [Synth 8-7129] Port Bus_Data_in[7] in module vio_v3_0_27_probe_out_one__parameterized2 is either unconnected or has no load
WARNING: [Synth 8-7129] Port Bus_Data_in[6] in module vio_v3_0_27_probe_out_one__parameterized2 is either unconnected or has no load
WARNING: [Synth 8-7129] Port Bus_Data_in[5] in module vio_v3_0_27_probe_out_one__parameterized2 is either unconnected or has no load
WARNING: [Synth 8-7129] Port Bus_Data_in[4] in module vio_v3_0_27_probe_out_one__parameterized2 is either unconnected or has no load
WARNING: [Synth 8-7129] Port Bus_Data_in[3] in module vio_v3_0_27_probe_out_one__parameterized2 is either unconnected or has no load
WARNING: [Synth 8-7129] Port Internal_cnt_rst in module vio_v3_0_27_probe_out_one__parameterized2 is either unconnected or has no load
WARNING: [Synth 8-7129] Port Bus_rst in module vio_v3_0_27_probe_out_one__parameterized1 is either unconnected or has no load
WARNING: [Synth 8-7129] Port Read in module vio_v3_0_27_probe_out_one__parameterized1 is either unconnected or has no load
WARNING: [Synth 8-7129] Port Bus_Data_in[15] in module vio_v3_0_27_probe_out_one__parameterized1 is either unconnected or has no load
WARNING: [Synth 8-7129] Port Bus_Data_in[14] in module vio_v3_0_27_probe_out_one__parameterized1 is either unconnected or has no load
WARNING: [Synth 8-7129] Port Bus_Data_in[13] in module vio_v3_0_27_probe_out_one__parameterized1 is either unconnected or has no load
WARNING: [Synth 8-7129] Port Bus_Data_in[12] in module vio_v3_0_27_probe_out_one__parameterized1 is either unconnected or has no load
WARNING: [Synth 8-7129] Port Bus_Data_in[11] in module vio_v3_0_27_probe_out_one__parameterized1 is either unconnected or has no load
WARNING: [Synth 8-7129] Port Bus_Data_in[10] in module vio_v3_0_27_probe_out_one__parameterized1 is either unconnected or has no load
WARNING: [Synth 8-7129] Port Bus_Data_in[9] in module vio_v3_0_27_probe_out_one__parameterized1 is either unconnected or has no load
WARNING: [Synth 8-7129] Port Bus_Data_in[8] in module vio_v3_0_27_probe_out_one__parameterized1 is either unconnected or has no load
WARNING: [Synth 8-7129] Port Bus_Data_in[7] in module vio_v3_0_27_probe_out_one__parameterized1 is either unconnected or has no load
WARNING: [Synth 8-7129] Port Bus_Data_in[6] in module vio_v3_0_27_probe_out_one__parameterized1 is either unconnected or has no load
WARNING: [Synth 8-7129] Port Bus_Data_in[5] in module vio_v3_0_27_probe_out_one__parameterized1 is either unconnected or has no load
WARNING: [Synth 8-7129] Port Internal_cnt_rst in module vio_v3_0_27_probe_out_one__parameterized1 is either unconnected or has no load
WARNING: [Synth 8-7129] Port probe_in21[0] in module vio_v3_0_27_vio is either unconnected or has no load
WARNING: [Synth 8-7129] Port probe_in22[0] in module vio_v3_0_27_vio is either unconnected or has no load
WARNING: [Synth 8-7129] Port probe_in23[0] in module vio_v3_0_27_vio is either unconnected or has no load
WARNING: [Synth 8-7129] Port probe_in24[0] in module vio_v3_0_27_vio is either unconnected or has no load
WARNING: [Synth 8-7129] Port probe_in25[0] in module vio_v3_0_27_vio is either unconnected or has no load
WARNING: [Synth 8-7129] Port probe_in26[0] in module vio_v3_0_27_vio is either unconnected or has no load
WARNING: [Synth 8-7129] Port probe_in27[0] in module vio_v3_0_27_vio is either unconnected or has no load
WARNING: [Synth 8-7129] Port probe_in28[0] in module vio_v3_0_27_vio is either unconnected or has no load
WARNING: [Synth 8-7129] Port probe_in29[0] in module vio_v3_0_27_vio is either unconnected or has no load
WARNING: [Synth 8-7129] Port probe_in30[0] in module vio_v3_0_27_vio is either unconnected or has no load
WARNING: [Synth 8-7129] Port probe_in31[0] in module vio_v3_0_27_vio is either unconnected or has no load
WARNING: [Synth 8-7129] Port probe_in32[0] in module vio_v3_0_27_vio is either unconnected or has no load
WARNING: [Synth 8-7129] Port probe_in33[0] in module vio_v3_0_27_vio is either unconnected or has no load
WARNING: [Synth 8-7129] Port probe_in34[0] in module vio_v3_0_27_vio is either unconnected or has no load
WARNING: [Synth 8-7129] Port probe_in35[0] in module vio_v3_0_27_vio is either unconnected or has no load
WARNING: [Synth 8-7129] Port probe_in36[0] in module vio_v3_0_27_vio is either unconnected or has no load
WARNING: [Synth 8-7129] Port probe_in37[0] in module vio_v3_0_27_vio is either unconnected or has no load
WARNING: [Synth 8-7129] Port probe_in38[0] in module vio_v3_0_27_vio is either unconnected or has no load
WARNING: [Synth 8-7129] Port probe_in39[0] in module vio_v3_0_27_vio is either unconnected or has no load
WARNING: [Synth 8-7129] Port probe_in40[0] in module vio_v3_0_27_vio is either unconnected or has no load
INFO: [Common 17-14] Message 'Synth 8-7129' appears 100 times and further instances of the messages will be disabled. Use the Tcl command set_msg_config to change the current settings.
---------------------------------------------------------------------------------
Finished RTL Elaboration : Time (s): cpu = 00:00:04 ; elapsed = 00:00:04 . Memory (MB): peak = 2557.676 ; gain = 560.656 ; free physical = 450 ; free virtual = 32760
---------------------------------------------------------------------------------
---------------------------------------------------------------------------------
Start Handling Custom Attributes
---------------------------------------------------------------------------------
---------------------------------------------------------------------------------
Finished Handling Custom Attributes : Time (s): cpu = 00:00:04 ; elapsed = 00:00:04 . Memory (MB): peak = 2557.676 ; gain = 560.656 ; free physical = 531 ; free virtual = 32760
---------------------------------------------------------------------------------
---------------------------------------------------------------------------------
Finished RTL Optimization Phase 1 : Time (s): cpu = 00:00:04 ; elapsed = 00:00:04 . Memory (MB): peak = 2557.676 ; gain = 560.656 ; free physical = 530 ; free virtual = 32759
---------------------------------------------------------------------------------
Netlist sorting complete. Time (s): cpu = 00:00:00.01 ; elapsed = 00:00:00.01 . Memory (MB): peak = 2557.676 ; gain = 0.000 ; free physical = 422 ; free virtual = 32742
INFO: [Project 1-570] Preparing netlist for logic optimization

Processing XDC Constraints
Initializing timing engine
Parsing XDC File [/home/russell/ultrasound/fpga/us/us.gen/sources_1/bd/bd/ip/bd_vio_0_2/bd_vio_0_2_ooc.xdc]
Finished Parsing XDC File [/home/russell/ultrasound/fpga/us/us.gen/sources_1/bd/bd/ip/bd_vio_0_2/bd_vio_0_2_ooc.xdc]
Parsing XDC File [/home/russell/ultrasound/fpga/us/us.gen/sources_1/bd/bd/ip/bd_vio_0_2/bd_vio_0_2.xdc]
Finished Parsing XDC File [/home/russell/ultrasound/fpga/us/us.gen/sources_1/bd/bd/ip/bd_vio_0_2/bd_vio_0_2.xdc]
INFO: [Project 1-236] Implementation specific constraints were found while reading constraint file [/home/russell/ultrasound/fpga/us/us.gen/sources_1/bd/bd/ip/bd_vio_0_2/bd_vio_0_2.xdc]. These constraints will be ignored for synthesis but will be used in implementation. Impacted constraints are listed in the file [.Xil/bd_vio_0_2_propImpl.xdc].
Resolution: To avoid this warning, move constraints listed in [.Xil/bd_vio_0_2_propImpl.xdc] to another XDC file and exclude this new file from synthesis with the used_in_synthesis property (File Properties dialog in GUI) and re-run elaboration/synthesis.
Completed Processing XDC Constraints

Netlist sorting complete. Time (s): cpu = 00:00:00 ; elapsed = 00:00:00 . Memory (MB): peak = 2652.141 ; gain = 0.000 ; free physical = 25270 ; free virtual = 38039
INFO: [Project 1-111] Unisim Transformation Summary:
No Unisim elements were transformed.

Constraint Validation Runtime : Time (s): cpu = 00:00:00.03 ; elapsed = 00:00:00.02 . Memory (MB): peak = 2652.176 ; gain = 0.000 ; free physical = 25243 ; free virtual = 38016
INFO: [Designutils 20-5008] Incremental synthesis strategy off
---------------------------------------------------------------------------------
Finished Constraint Validation : Time (s): cpu = 00:00:12 ; elapsed = 00:00:13 . Memory (MB): peak = 2652.176 ; gain = 655.156 ; free physical = 24622 ; free virtual = 37388
---------------------------------------------------------------------------------
---------------------------------------------------------------------------------
Start Loading Part and Timing Information
---------------------------------------------------------------------------------
Loading part: xcau15p-ffvb676-2-i
INFO: [Synth 8-6742] Reading net delay rules and data
---------------------------------------------------------------------------------
Finished Loading Part and Timing Information : Time (s): cpu = 00:00:12 ; elapsed = 00:00:13 . Memory (MB): peak = 2660.145 ; gain = 663.125 ; free physical = 24621 ; free virtual = 37387
---------------------------------------------------------------------------------
---------------------------------------------------------------------------------
Start Applying 'set_property' XDC Constraints
---------------------------------------------------------------------------------
---------------------------------------------------------------------------------
Finished applying 'set_property' XDC Constraints : Time (s): cpu = 00:00:12 ; elapsed = 00:00:13 . Memory (MB): peak = 2660.145 ; gain = 663.125 ; free physical = 24609 ; free virtual = 37375
---------------------------------------------------------------------------------
---------------------------------------------------------------------------------
Finished RTL Optimization Phase 2 : Time (s): cpu = 00:00:13 ; elapsed = 00:00:13 . Memory (MB): peak = 2660.145 ; gain = 663.125 ; free physical = 24468 ; free virtual = 37236
---------------------------------------------------------------------------------
---------------------------------------------------------------------------------
Start RTL Component Statistics 
---------------------------------------------------------------------------------
Detailed RTL Component Info : 
+---Adders : 
	   2 Input    5 Bit       Adders := 1     
	   2 Input    4 Bit       Adders := 2     
+---Registers : 
	              128 Bit    Registers := 1     
	               59 Bit    Registers := 5     
	               16 Bit    Registers := 24    
	               12 Bit    Registers := 1     
	               11 Bit    Registers := 1     
	                7 Bit    Registers := 1     
	                5 Bit    Registers := 6     
	                4 Bit    Registers := 2     
	                3 Bit    Registers := 3     
	                1 Bit    Registers := 44    
+---Muxes : 
	   2 Input   16 Bit        Muxes := 2     
	  11 Input   12 Bit        Muxes := 1     
	   9 Input   11 Bit        Muxes := 1     
	   2 Input    1 Bit        Muxes := 18    
---------------------------------------------------------------------------------
Finished RTL Component Statistics 
---------------------------------------------------------------------------------
---------------------------------------------------------------------------------
Start Part Resource Summary
---------------------------------------------------------------------------------
Part Resources:
DSPs: 576 (col length:72)
BRAMs: 288 (col length: RAMB18 72 RAMB36 36)
---------------------------------------------------------------------------------
Finished Part Resource Summary
---------------------------------------------------------------------------------
---------------------------------------------------------------------------------
Start Cross Boundary and Area Optimization
---------------------------------------------------------------------------------
---------------------------------------------------------------------------------
Finished Cross Boundary and Area Optimization : Time (s): cpu = 00:00:15 ; elapsed = 00:00:15 . Memory (MB): peak = 2660.145 ; gain = 663.125 ; free physical = 24236 ; free virtual = 37005
---------------------------------------------------------------------------------
---------------------------------------------------------------------------------
Start Applying XDC Timing Constraints
---------------------------------------------------------------------------------
---------------------------------------------------------------------------------
Finished Applying XDC Timing Constraints : Time (s): cpu = 00:00:16 ; elapsed = 00:00:17 . Memory (MB): peak = 2932.828 ; gain = 935.809 ; free physical = 23471 ; free virtual = 36250
---------------------------------------------------------------------------------
---------------------------------------------------------------------------------
Start Timing Optimization
---------------------------------------------------------------------------------
---------------------------------------------------------------------------------
Finished Timing Optimization : Time (s): cpu = 00:00:16 ; elapsed = 00:00:17 . Memory (MB): peak = 2933.828 ; gain = 936.809 ; free physical = 23460 ; free virtual = 36239
---------------------------------------------------------------------------------
---------------------------------------------------------------------------------
Start Technology Mapping
---------------------------------------------------------------------------------
---------------------------------------------------------------------------------
Finished Technology Mapping : Time (s): cpu = 00:00:17 ; elapsed = 00:00:17 . Memory (MB): peak = 2962.875 ; gain = 965.855 ; free physical = 23404 ; free virtual = 36183
---------------------------------------------------------------------------------
---------------------------------------------------------------------------------
Start IO Insertion
---------------------------------------------------------------------------------
---------------------------------------------------------------------------------
Start Flattening Before IO Insertion
---------------------------------------------------------------------------------
---------------------------------------------------------------------------------
Finished Flattening Before IO Insertion
---------------------------------------------------------------------------------
---------------------------------------------------------------------------------
Start Final Netlist Cleanup
---------------------------------------------------------------------------------
---------------------------------------------------------------------------------
Finished Final Netlist Cleanup
---------------------------------------------------------------------------------
---------------------------------------------------------------------------------
Finished IO Insertion : Time (s): cpu = 00:00:19 ; elapsed = 00:00:19 . Memory (MB): peak = 3127.688 ; gain = 1130.668 ; free physical = 22700 ; free virtual = 35479
---------------------------------------------------------------------------------
---------------------------------------------------------------------------------
Start Renaming Generated Instances
---------------------------------------------------------------------------------
---------------------------------------------------------------------------------
Finished Renaming Generated Instances : Time (s): cpu = 00:00:19 ; elapsed = 00:00:19 . Memory (MB): peak = 3127.688 ; gain = 1130.668 ; free physical = 22700 ; free virtual = 35479
---------------------------------------------------------------------------------
---------------------------------------------------------------------------------
Start Rebuilding User Hierarchy
---------------------------------------------------------------------------------
---------------------------------------------------------------------------------
Finished Rebuilding User Hierarchy : Time (s): cpu = 00:00:19 ; elapsed = 00:00:19 . Memory (MB): peak = 3127.688 ; gain = 1130.668 ; free physical = 22713 ; free virtual = 35492
---------------------------------------------------------------------------------
---------------------------------------------------------------------------------
Start Renaming Generated Ports
---------------------------------------------------------------------------------
---------------------------------------------------------------------------------
Finished Renaming Generated Ports : Time (s): cpu = 00:00:19 ; elapsed = 00:00:19 . Memory (MB): peak = 3127.688 ; gain = 1130.668 ; free physical = 22712 ; free virtual = 35492
---------------------------------------------------------------------------------
---------------------------------------------------------------------------------
Start Handling Custom Attributes
---------------------------------------------------------------------------------
---------------------------------------------------------------------------------
Finished Handling Custom Attributes : Time (s): cpu = 00:00:19 ; elapsed = 00:00:19 . Memory (MB): peak = 3127.688 ; gain = 1130.668 ; free physical = 22715 ; free virtual = 35494
---------------------------------------------------------------------------------
---------------------------------------------------------------------------------
Start Renaming Generated Nets
---------------------------------------------------------------------------------
---------------------------------------------------------------------------------
Finished Renaming Generated Nets : Time (s): cpu = 00:00:19 ; elapsed = 00:00:19 . Memory (MB): peak = 3127.688 ; gain = 1130.668 ; free physical = 22715 ; free virtual = 35495
---------------------------------------------------------------------------------
---------------------------------------------------------------------------------
Start Writing Synthesis Report
---------------------------------------------------------------------------------

Report BlackBoxes: 
+-+--------------+----------+
| |BlackBox name |Instances |
+-+--------------+----------+
+-+--------------+----------+

Report Cell Usage: 
+------+-----+------+
|      |Cell |Count |
+------+-----+------+
|1     |LUT1 |     4|
|2     |LUT2 |    16|
|3     |LUT3 |    37|
|4     |LUT4 |   134|
|5     |LUT5 |    39|
|6     |LUT6 |   141|
|7     |FDRE |   639|
|8     |FDSE |    10|
+------+-----+------+
---------------------------------------------------------------------------------
Finished Writing Synthesis Report : Time (s): cpu = 00:00:19 ; elapsed = 00:00:19 . Memory (MB): peak = 3127.688 ; gain = 1130.668 ; free physical = 22715 ; free virtual = 35495
---------------------------------------------------------------------------------
Synthesis finished with 0 errors, 0 critical warnings and 235 warnings.
Synthesis Optimization Runtime : Time (s): cpu = 00:00:14 ; elapsed = 00:00:15 . Memory (MB): peak = 3127.688 ; gain = 1036.168 ; free physical = 22710 ; free virtual = 35489
Synthesis Optimization Complete : Time (s): cpu = 00:00:19 ; elapsed = 00:00:20 . Memory (MB): peak = 3127.688 ; gain = 1130.668 ; free physical = 22709 ; free virtual = 35489
INFO: [Project 1-571] Translating synthesized netlist
Netlist sorting complete. Time (s): cpu = 00:00:00 ; elapsed = 00:00:00.01 . Memory (MB): peak = 3127.688 ; gain = 0.000 ; free physical = 22777 ; free virtual = 35570
INFO: [Project 1-570] Preparing netlist for logic optimization
INFO: [Opt 31-138] Pushed 0 inverter(s) to 0 load pin(s).
Netlist sorting complete. Time (s): cpu = 00:00:00 ; elapsed = 00:00:00.01 . Memory (MB): peak = 3127.688 ; gain = 0.000 ; free physical = 22730 ; free virtual = 35527
INFO: [Project 1-111] Unisim Transformation Summary:
No Unisim elements were transformed.

Synth Design complete | Checksum: 38c0b525
INFO: [Common 17-83] Releasing license: Synthesis
18 Infos, 101 Warnings, 0 Critical Warnings and 0 Errors encountered.
synth_design completed successfully
synth_design: Time (s): cpu = 00:00:23 ; elapsed = 00:00:22 . Memory (MB): peak = 3127.688 ; gain = 1517.902 ; free physical = 22715 ; free virtual = 35499
INFO: [Common 17-2834] synth_design peak Physical Memory [PSS] (MB): overall = 2071.872; main = 2071.872; forked = 261.962
INFO: [Common 17-2834] synth_design peak Virtual Memory [VSS] (MB): overall = 3667.863; main = 3090.684; forked = 1015.719
Write ShapeDB Complete: Time (s): cpu = 00:00:00 ; elapsed = 00:00:00.01 . Memory (MB): peak = 3127.688 ; gain = 0.000 ; free physical = 22707 ; free virtual = 35491
INFO: [Common 17-1381] The checkpoint '/home/russell/ultrasound/fpga/us/us.runs/bd_vio_0_2_synth_1/bd_vio_0_2.dcp' has been generated.
INFO: [Coretcl 2-1648] Added synthesis output to IP cache for IP bd_vio_0_2, cache-ID = 78339b075753af57
INFO: [Coretcl 2-1174] Renamed 24 cell refs.
Write ShapeDB Complete: Time (s): cpu = 00:00:00.01 ; elapsed = 00:00:00 . Memory (MB): peak = 3127.688 ; gain = 0.000 ; free physical = 22515 ; free virtual = 35302
INFO: [Common 17-1381] The checkpoint '/home/russell/ultrasound/fpga/us/us.runs/bd_vio_0_2_synth_1/bd_vio_0_2.dcp' has been generated.
INFO: [Vivado 12-24828] Executing command : report_utilization -file bd_vio_0_2_utilization_synth.rpt -pb bd_vio_0_2_utilization_synth.pb
INFO: [Common 17-206] Exiting Vivado at Sat Jul  4 14:23:42 2026...
