
*** Running vivado
    with args -log bd_microblaze_riscv_0_0.vds -m64 -product Vivado -mode batch -messageDb vivado.pb -notrace -source bd_microblaze_riscv_0_0.tcl


****** Vivado v2025.2.1 (64-bit)
  **** SW Build 6403652 on Thu Mar 19 13:47:00 MDT 2026
  **** IP Build 6403511 on Thu Mar 19 12:41:45 MDT 2026
  **** SharedData Build 6403650 on Thu Mar 19 14:02:13 MDT 2026
  **** Start of session at: Mon Jun 29 23:05:59 2026
    ** Copyright 1986-2022 Xilinx, Inc. All Rights Reserved.
    ** Copyright 2022-2026 Advanced Micro Devices, Inc. All Rights Reserved.

source bd_microblaze_riscv_0_0.tcl -notrace
create_project: Time (s): cpu = 00:00:11 ; elapsed = 00:00:06 . Memory (MB): peak = 1583.609 ; gain = 87.055 ; free physical = 16303 ; free virtual = 49838
Command: synth_design -top bd_microblaze_riscv_0_0 -part xcau15p-ffvb676-2-i -incremental_mode off -mode out_of_context
Starting synth_design
Attempting to get a license for feature 'Synthesis' and/or device 'xcau15p'
INFO: [Common 17-349] Got license for feature 'Synthesis' and/or device 'xcau15p'
INFO: [Device 21-403] Loading part xcau15p-ffvb676-2-i
INFO: [Synth 8-7079] Multithreading enabled for synth_design using a maximum of 7 processes.
INFO: [Synth 8-7078] Launching helper process for spawning children vivado processes
INFO: [Synth 8-7075] Helper process launched with PID 126982
---------------------------------------------------------------------------------
Starting RTL Elaboration : Time (s): cpu = 00:00:07 ; elapsed = 00:00:08 . Memory (MB): peak = 2446.328 ; gain = 450.688 ; free physical = 395 ; free virtual = 31323
---------------------------------------------------------------------------------
INFO: [Synth 8-638] synthesizing module 'bd_microblaze_riscv_0_0' [/home/russell/ultrasound/fpga/us/us.gen/sources_1/bd/bd/ip/bd_microblaze_riscv_0_0/synth/bd_microblaze_riscv_0_0.vhd:120]
	Parameter C_FREQ bound to: 25000000 - type: integer 
	Parameter C_USE_CONFIG_RESET bound to: 0 - type: integer 
	Parameter C_NUM_SYNC_FF_CLK bound to: 2 - type: integer 
	Parameter C_NUM_SYNC_FF_CLK_IRQ bound to: 1 - type: integer 
	Parameter C_NUM_SYNC_FF_CLK_DEBUG bound to: 2 - type: integer 
	Parameter C_NUM_SYNC_FF_DBG_CLK bound to: 1 - type: integer 
	Parameter C_NUM_SYNC_FF_DBG_TRACE_CLK bound to: 2 - type: integer 
	Parameter C_FAULT_TOLERANT bound to: 0 - type: integer 
	Parameter C_ECC_USE_CE_EXCEPTION bound to: 0 - type: integer 
	Parameter C_LOCKSTEP_SLAVE bound to: 0 - type: integer 
	Parameter C_LOCKSTEP_MASTER bound to: 0 - type: integer 
	Parameter C_TEMPORAL_DEPTH bound to: 0 - type: integer 
	Parameter C_FAMILY bound to: kintexuplus - type: string 
	Parameter C_PART bound to: xcau15p-ffvb676-2-i - type: string 
	Parameter C_DATA_SIZE bound to: 32 - type: integer 
	Parameter C_LMB_DATA_SIZE bound to: 32 - type: integer 
	Parameter C_INSTR_SIZE bound to: 32 - type: integer 
	Parameter C_IADDR_SIZE bound to: 32 - type: integer 
	Parameter C_PIADDR_SIZE bound to: 32 - type: integer 
	Parameter C_DADDR_SIZE bound to: 32 - type: integer 
	Parameter C_PDADDR_SIZE bound to: 32 - type: integer 
	Parameter C_INSTANCE bound to: bd_microblaze_riscv_0_0 - type: string 
	Parameter C_AVOID_PRIMITIVES bound to: 0 - type: integer 
	Parameter C_OPTIMIZATION bound to: 1 - type: integer 
	Parameter C_INTERCONNECT bound to: 2 - type: integer 
	Parameter C_BASE_VECTORS bound to: 64'b0000000000000000000000000000000000000000000000000000000000000000 
	Parameter C_ARCHID bound to: 64'b0000000000000000000000000000000000000000000000000000000000000001 
	Parameter C_IMPID bound to: 64'b0000000000000000000000000000000000000000000000000000000000000001 
	Parameter C_HARTID bound to: 64'b0000000000000000000000000000000000000000000000000000000000000000 
	Parameter C_M_AXI_DP_THREAD_ID_WIDTH bound to: 1 - type: integer 
	Parameter C_M_AXI_DP_DATA_WIDTH bound to: 32 - type: integer 
	Parameter C_M_AXI_DP_ADDR_WIDTH bound to: 32 - type: integer 
	Parameter C_M_AXI_DP_EXCLUSIVE_ACCESS bound to: 0 - type: integer 
	Parameter C_USE_AXI_DP_EXT_ADDR bound to: 0 - type: integer 
	Parameter C_M_AXI_D_BUS_EXCEPTION bound to: 1 - type: integer 
	Parameter C_M_AXI_IP_THREAD_ID_WIDTH bound to: 1 - type: integer 
	Parameter C_M_AXI_IP_DATA_WIDTH bound to: 32 - type: integer 
	Parameter C_M_AXI_IP_ADDR_WIDTH bound to: 32 - type: integer 
	Parameter C_M_AXI_I_BUS_EXCEPTION bound to: 1 - type: integer 
	Parameter C_D_LMB bound to: 1 - type: integer 
	Parameter C_D_LMB_PROTOCOL bound to: 0 - type: integer 
	Parameter C_D_LMB_HAS_PROT bound to: 0 - type: integer 
	Parameter C_D_AXI bound to: 1 - type: integer 
	Parameter C_I_LMB bound to: 1 - type: integer 
	Parameter C_I_LMB_PROTOCOL bound to: 0 - type: integer 
	Parameter C_I_LMB_HAS_PROT bound to: 0 - type: integer 
	Parameter C_I_AXI bound to: 0 - type: integer 
	Parameter C_S_AXI bound to: 0 - type: integer 
	Parameter C_USE_MULDIV bound to: 2 - type: integer 
	Parameter C_USE_ATOMIC bound to: 0 - type: integer 
	Parameter C_USE_FPU bound to: 0 - type: integer 
	Parameter C_USE_COMPRESSION bound to: 1 - type: integer 
	Parameter C_USE_BITMAN bound to: 0 - type: integer 
	Parameter C_FSL_LINKS bound to: 0 - type: integer 
	Parameter C_USE_EXTENDED_FSL_INSTR bound to: 0 - type: integer 
	Parameter C_MMU_PRIVILEGED_INSTR bound to: 0 - type: integer 
	Parameter C_FSL_EXCEPTION bound to: 0 - type: integer 
	Parameter C_IMPRECISE_EXCEPTIONS bound to: 0 - type: integer 
	Parameter C_MISALIGNED_EXCEPTIONS bound to: 1 - type: integer 
	Parameter C_ILL_INSTR_EXCEPTION bound to: 1 - type: integer 
	Parameter C_PMP_ENTRIES bound to: 0 - type: integer 
	Parameter C_PMP_GRANULARITY bound to: 2 - type: integer 
	Parameter C_PMP_ENHANCEMENTS bound to: 0 - type: integer 
	Parameter C_PMP_CFG0 bound to: 32'b00000000000000000000000000000000 
	Parameter C_PMP_CFG1 bound to: 32'b00000000000000000000000000000000 
	Parameter C_PMP_CFG2 bound to: 32'b00000000000000000000000000000000 
	Parameter C_PMP_CFG3 bound to: 32'b00000000000000000000000000000000 
	Parameter C_PMP_CFG4 bound to: 32'b00000000000000000000000000000000 
	Parameter C_PMP_CFG5 bound to: 32'b00000000000000000000000000000000 
	Parameter C_PMP_CFG6 bound to: 32'b00000000000000000000000000000000 
	Parameter C_PMP_CFG7 bound to: 32'b00000000000000000000000000000000 
	Parameter C_PMP_CFG8 bound to: 32'b00000000000000000000000000000000 
	Parameter C_PMP_CFG9 bound to: 32'b00000000000000000000000000000000 
	Parameter C_PMP_CFG10 bound to: 32'b00000000000000000000000000000000 
	Parameter C_PMP_CFG11 bound to: 32'b00000000000000000000000000000000 
	Parameter C_PMP_CFG12 bound to: 32'b00000000000000000000000000000000 
	Parameter C_PMP_CFG13 bound to: 32'b00000000000000000000000000000000 
	Parameter C_PMP_CFG14 bound to: 32'b00000000000000000000000000000000 
	Parameter C_PMP_CFG15 bound to: 32'b00000000000000000000000000000000 
	Parameter C_PMP_ADDR0 bound to: 64'b0000000000000000000000000000000000000000000000000000000000000000 
	Parameter C_PMP_ADDR1 bound to: 64'b0000000000000000000000000000000000000000000000000000000000000000 
	Parameter C_PMP_ADDR2 bound to: 64'b0000000000000000000000000000000000000000000000000000000000000000 
	Parameter C_PMP_ADDR3 bound to: 64'b0000000000000000000000000000000000000000000000000000000000000000 
	Parameter C_PMP_ADDR4 bound to: 64'b0000000000000000000000000000000000000000000000000000000000000000 
	Parameter C_PMP_ADDR5 bound to: 64'b0000000000000000000000000000000000000000000000000000000000000000 
	Parameter C_PMP_ADDR6 bound to: 64'b0000000000000000000000000000000000000000000000000000000000000000 
	Parameter C_PMP_ADDR7 bound to: 64'b0000000000000000000000000000000000000000000000000000000000000000 
	Parameter C_PMP_ADDR8 bound to: 64'b0000000000000000000000000000000000000000000000000000000000000000 
	Parameter C_PMP_ADDR9 bound to: 64'b0000000000000000000000000000000000000000000000000000000000000000 
	Parameter C_PMP_ADDR10 bound to: 64'b0000000000000000000000000000000000000000000000000000000000000000 
	Parameter C_PMP_ADDR11 bound to: 64'b0000000000000000000000000000000000000000000000000000000000000000 
	Parameter C_PMP_ADDR12 bound to: 64'b0000000000000000000000000000000000000000000000000000000000000000 
	Parameter C_PMP_ADDR13 bound to: 64'b0000000000000000000000000000000000000000000000000000000000000000 
	Parameter C_PMP_ADDR14 bound to: 64'b0000000000000000000000000000000000000000000000000000000000000000 
	Parameter C_PMP_ADDR15 bound to: 64'b0000000000000000000000000000000000000000000000000000000000000000 
	Parameter C_PMP_ADDR16 bound to: 64'b0000000000000000000000000000000000000000000000000000000000000000 
	Parameter C_PMP_ADDR17 bound to: 64'b0000000000000000000000000000000000000000000000000000000000000000 
	Parameter C_PMP_ADDR18 bound to: 64'b0000000000000000000000000000000000000000000000000000000000000000 
	Parameter C_PMP_ADDR19 bound to: 64'b0000000000000000000000000000000000000000000000000000000000000000 
	Parameter C_PMP_ADDR20 bound to: 64'b0000000000000000000000000000000000000000000000000000000000000000 
	Parameter C_PMP_ADDR21 bound to: 64'b0000000000000000000000000000000000000000000000000000000000000000 
	Parameter C_PMP_ADDR22 bound to: 64'b0000000000000000000000000000000000000000000000000000000000000000 
	Parameter C_PMP_ADDR23 bound to: 64'b0000000000000000000000000000000000000000000000000000000000000000 
	Parameter C_PMP_ADDR24 bound to: 64'b0000000000000000000000000000000000000000000000000000000000000000 
	Parameter C_PMP_ADDR25 bound to: 64'b0000000000000000000000000000000000000000000000000000000000000000 
	Parameter C_PMP_ADDR26 bound to: 64'b0000000000000000000000000000000000000000000000000000000000000000 
	Parameter C_PMP_ADDR27 bound to: 64'b0000000000000000000000000000000000000000000000000000000000000000 
	Parameter C_PMP_ADDR28 bound to: 64'b0000000000000000000000000000000000000000000000000000000000000000 
	Parameter C_PMP_ADDR29 bound to: 64'b0000000000000000000000000000000000000000000000000000000000000000 
	Parameter C_PMP_ADDR30 bound to: 64'b0000000000000000000000000000000000000000000000000000000000000000 
	Parameter C_PMP_ADDR31 bound to: 64'b0000000000000000000000000000000000000000000000000000000000000000 
	Parameter C_PMP_ADDR32 bound to: 64'b0000000000000000000000000000000000000000000000000000000000000000 
	Parameter C_PMP_ADDR33 bound to: 64'b0000000000000000000000000000000000000000000000000000000000000000 
	Parameter C_PMP_ADDR34 bound to: 64'b0000000000000000000000000000000000000000000000000000000000000000 
	Parameter C_PMP_ADDR35 bound to: 64'b0000000000000000000000000000000000000000000000000000000000000000 
	Parameter C_PMP_ADDR36 bound to: 64'b0000000000000000000000000000000000000000000000000000000000000000 
	Parameter C_PMP_ADDR37 bound to: 64'b0000000000000000000000000000000000000000000000000000000000000000 
	Parameter C_PMP_ADDR38 bound to: 64'b0000000000000000000000000000000000000000000000000000000000000000 
	Parameter C_PMP_ADDR39 bound to: 64'b0000000000000000000000000000000000000000000000000000000000000000 
	Parameter C_PMP_ADDR40 bound to: 64'b0000000000000000000000000000000000000000000000000000000000000000 
	Parameter C_PMP_ADDR41 bound to: 64'b0000000000000000000000000000000000000000000000000000000000000000 
	Parameter C_PMP_ADDR42 bound to: 64'b0000000000000000000000000000000000000000000000000000000000000000 
	Parameter C_PMP_ADDR43 bound to: 64'b0000000000000000000000000000000000000000000000000000000000000000 
	Parameter C_PMP_ADDR44 bound to: 64'b0000000000000000000000000000000000000000000000000000000000000000 
	Parameter C_PMP_ADDR45 bound to: 64'b0000000000000000000000000000000000000000000000000000000000000000 
	Parameter C_PMP_ADDR46 bound to: 64'b0000000000000000000000000000000000000000000000000000000000000000 
	Parameter C_PMP_ADDR47 bound to: 64'b0000000000000000000000000000000000000000000000000000000000000000 
	Parameter C_PMP_ADDR48 bound to: 64'b0000000000000000000000000000000000000000000000000000000000000000 
	Parameter C_PMP_ADDR49 bound to: 64'b0000000000000000000000000000000000000000000000000000000000000000 
	Parameter C_PMP_ADDR50 bound to: 64'b0000000000000000000000000000000000000000000000000000000000000000 
	Parameter C_PMP_ADDR51 bound to: 64'b0000000000000000000000000000000000000000000000000000000000000000 
	Parameter C_PMP_ADDR52 bound to: 64'b0000000000000000000000000000000000000000000000000000000000000000 
	Parameter C_PMP_ADDR53 bound to: 64'b0000000000000000000000000000000000000000000000000000000000000000 
	Parameter C_PMP_ADDR54 bound to: 64'b0000000000000000000000000000000000000000000000000000000000000000 
	Parameter C_PMP_ADDR55 bound to: 64'b0000000000000000000000000000000000000000000000000000000000000000 
	Parameter C_PMP_ADDR56 bound to: 64'b0000000000000000000000000000000000000000000000000000000000000000 
	Parameter C_PMP_ADDR57 bound to: 64'b0000000000000000000000000000000000000000000000000000000000000000 
	Parameter C_PMP_ADDR58 bound to: 64'b0000000000000000000000000000000000000000000000000000000000000000 
	Parameter C_PMP_ADDR59 bound to: 64'b0000000000000000000000000000000000000000000000000000000000000000 
	Parameter C_PMP_ADDR60 bound to: 64'b0000000000000000000000000000000000000000000000000000000000000000 
	Parameter C_PMP_ADDR61 bound to: 64'b0000000000000000000000000000000000000000000000000000000000000000 
	Parameter C_PMP_ADDR62 bound to: 64'b0000000000000000000000000000000000000000000000000000000000000000 
	Parameter C_PMP_ADDR63 bound to: 64'b0000000000000000000000000000000000000000000000000000000000000000 
	Parameter C_PMP_READ_ONLY bound to: 64'b0000000000000000000000000000000000000000000000000000000000000000 
	Parameter C_PMP_DEBUG_INHIBIT bound to: 64'b0000000000000000000000000000000000000000000000000000000000000000 
	Parameter C_USE_INTERRUPT bound to: 2 - type: integer 
	Parameter C_USE_NON_SECURE bound to: 0 - type: integer 
	Parameter C_USE_EXT_BRK bound to: 0 - type: integer 
	Parameter C_USE_EXT_NM_BRK bound to: 0 - type: integer 
	Parameter C_TRAP_ENHANCEMENT bound to: 0 - type: integer 
	Parameter C_USE_SLEEP bound to: 0 - type: integer 
	Parameter C_USE_MMU bound to: 0 - type: integer 
	Parameter C_USE_BARREL bound to: 1 - type: integer 
	Parameter C_USE_COUNTERS bound to: 1 - type: integer 
	Parameter C_USE_SSTC bound to: 1 - type: integer 
	Parameter C_USE_BRANCH_TARGET_CACHE bound to: 0 - type: integer 
	Parameter C_BRANCH_TARGET_CACHE_SIZE bound to: 0 - type: integer 
	Parameter C_PC_WIDTH bound to: 16 - type: integer 
	Parameter C_DEBUG_ENABLED bound to: 1 - type: integer 
	Parameter C_DEBUG_INTERFACE bound to: 0 - type: integer 
	Parameter C_DEBUG_NUM_PROGBUF bound to: 2 - type: integer 
	Parameter C_NUMBER_OF_PC_BRK bound to: 1 - type: integer 
	Parameter C_NUMBER_OF_RD_ADDR_BRK bound to: 0 - type: integer 
	Parameter C_NUMBER_OF_WR_ADDR_BRK bound to: 0 - type: integer 
	Parameter C_DEBUG_EVENT_COUNTERS bound to: 0 - type: integer 
	Parameter C_DEBUG_LATENCY_COUNTERS bound to: 0 - type: integer 
	Parameter C_DEBUG_COUNTER_WIDTH bound to: 64 - type: integer 
	Parameter C_DEBUG_TRACE_SIZE bound to: 0 - type: integer 
	Parameter C_DEBUG_EXTERNAL_TRACE bound to: 0 - type: integer 
	Parameter C_DEBUG_TRACE_ASYNC_RESET bound to: 0 - type: integer 
	Parameter C_DEBUG_PROFILE_SIZE bound to: 0 - type: integer 
	Parameter C_INTERRUPT_IS_EDGE bound to: 0 - type: integer 
	Parameter C_EDGE_IS_POSITIVE bound to: 1 - type: integer 
	Parameter C_ASYNC_INTERRUPT bound to: 1 - type: integer 
	Parameter C_ASYNC_WAKEUP bound to: 3 - type: integer 
	Parameter C_M0_AXIS_DATA_WIDTH bound to: 32 - type: integer 
	Parameter C_S0_AXIS_DATA_WIDTH bound to: 32 - type: integer 
	Parameter C_M1_AXIS_DATA_WIDTH bound to: 32 - type: integer 
	Parameter C_S1_AXIS_DATA_WIDTH bound to: 32 - type: integer 
	Parameter C_M2_AXIS_DATA_WIDTH bound to: 32 - type: integer 
	Parameter C_S2_AXIS_DATA_WIDTH bound to: 32 - type: integer 
	Parameter C_M3_AXIS_DATA_WIDTH bound to: 32 - type: integer 
	Parameter C_S3_AXIS_DATA_WIDTH bound to: 32 - type: integer 
	Parameter C_M4_AXIS_DATA_WIDTH bound to: 32 - type: integer 
	Parameter C_S4_AXIS_DATA_WIDTH bound to: 32 - type: integer 
	Parameter C_M5_AXIS_DATA_WIDTH bound to: 32 - type: integer 
	Parameter C_S5_AXIS_DATA_WIDTH bound to: 32 - type: integer 
	Parameter C_M6_AXIS_DATA_WIDTH bound to: 32 - type: integer 
	Parameter C_S6_AXIS_DATA_WIDTH bound to: 32 - type: integer 
	Parameter C_M7_AXIS_DATA_WIDTH bound to: 32 - type: integer 
	Parameter C_S7_AXIS_DATA_WIDTH bound to: 32 - type: integer 
	Parameter C_M8_AXIS_DATA_WIDTH bound to: 32 - type: integer 
	Parameter C_S8_AXIS_DATA_WIDTH bound to: 32 - type: integer 
	Parameter C_M9_AXIS_DATA_WIDTH bound to: 32 - type: integer 
	Parameter C_S9_AXIS_DATA_WIDTH bound to: 32 - type: integer 
	Parameter C_M10_AXIS_DATA_WIDTH bound to: 32 - type: integer 
	Parameter C_S10_AXIS_DATA_WIDTH bound to: 32 - type: integer 
	Parameter C_M11_AXIS_DATA_WIDTH bound to: 32 - type: integer 
	Parameter C_S11_AXIS_DATA_WIDTH bound to: 32 - type: integer 
	Parameter C_M12_AXIS_DATA_WIDTH bound to: 32 - type: integer 
	Parameter C_S12_AXIS_DATA_WIDTH bound to: 32 - type: integer 
	Parameter C_M13_AXIS_DATA_WIDTH bound to: 32 - type: integer 
	Parameter C_S13_AXIS_DATA_WIDTH bound to: 32 - type: integer 
	Parameter C_M14_AXIS_DATA_WIDTH bound to: 32 - type: integer 
	Parameter C_S14_AXIS_DATA_WIDTH bound to: 32 - type: integer 
	Parameter C_M15_AXIS_DATA_WIDTH bound to: 32 - type: integer 
	Parameter C_S15_AXIS_DATA_WIDTH bound to: 32 - type: integer 
	Parameter C_ICACHE_BASEADDR bound to: 64'b0000000000000000000000000000000000000000000000000000000000000000 
	Parameter C_ICACHE_HIGHADDR bound to: 64'b0000000000000000000000000000000000111111111111111111111111111111 
	Parameter C_USE_ICACHE bound to: 0 - type: integer 
	Parameter C_ICACHE_BYTE_SIZE bound to: 4096 - type: integer 
	Parameter C_ICACHE_LINE_LEN bound to: 4 - type: integer 
	Parameter C_ICACHE_STREAMS bound to: 0 - type: integer 
	Parameter C_ICACHE_VICTIMS bound to: 0 - type: integer 
	Parameter C_ICACHE_FORCE_TAG_LUTRAM bound to: 0 - type: integer 
	Parameter C_ICACHE_DATA_WIDTH bound to: 0 - type: integer 
	Parameter C_M_AXI_IC_THREAD_ID_WIDTH bound to: 1 - type: integer 
	Parameter C_M_AXI_IC_DATA_WIDTH bound to: 32 - type: integer 
	Parameter C_M_AXI_IC_ADDR_WIDTH bound to: 32 - type: integer 
	Parameter C_M_AXI_IC_USER_VALUE bound to: 31 - type: integer 
	Parameter C_M_AXI_IC_AWUSER_WIDTH bound to: 5 - type: integer 
	Parameter C_M_AXI_IC_ARUSER_WIDTH bound to: 5 - type: integer 
	Parameter C_M_AXI_IC_WUSER_WIDTH bound to: 1 - type: integer 
	Parameter C_M_AXI_IC_RUSER_WIDTH bound to: 1 - type: integer 
	Parameter C_M_AXI_IC_BUSER_WIDTH bound to: 1 - type: integer 
	Parameter C_DCACHE_BASEADDR bound to: 64'b0000000000000000000000000000000000000000000000000000000000000000 
	Parameter C_DCACHE_HIGHADDR bound to: 64'b0000000000000000000000000000000000111111111111111111111111111111 
	Parameter C_USE_DCACHE bound to: 0 - type: integer 
	Parameter C_DCACHE_BYTE_SIZE bound to: 4096 - type: integer 
	Parameter C_DCACHE_LINE_LEN bound to: 4 - type: integer 
	Parameter C_DCACHE_USE_WRITEBACK bound to: 0 - type: integer 
	Parameter C_DCACHE_VICTIMS bound to: 0 - type: integer 
	Parameter C_DCACHE_FORCE_TAG_LUTRAM bound to: 0 - type: integer 
	Parameter C_DCACHE_DATA_WIDTH bound to: 0 - type: integer 
	Parameter C_M_AXI_DC_THREAD_ID_WIDTH bound to: 1 - type: integer 
	Parameter C_M_AXI_DC_DATA_WIDTH bound to: 32 - type: integer 
	Parameter C_M_AXI_DC_ADDR_WIDTH bound to: 32 - type: integer 
	Parameter C_M_AXI_DC_EXCLUSIVE_ACCESS bound to: 0 - type: integer 
	Parameter C_M_AXI_DC_USER_VALUE bound to: 31 - type: integer 
	Parameter C_M_AXI_DC_AWUSER_WIDTH bound to: 5 - type: integer 
	Parameter C_M_AXI_DC_ARUSER_WIDTH bound to: 5 - type: integer 
	Parameter C_M_AXI_DC_WUSER_WIDTH bound to: 1 - type: integer 
	Parameter C_M_AXI_DC_RUSER_WIDTH bound to: 1 - type: integer 
	Parameter C_M_AXI_DC_BUSER_WIDTH bound to: 1 - type: integer 
INFO: [Synth 8-3491] module 'riscv' declared at '/home/russell/ultrasound/fpga/us/us.gen/sources_1/bd/bd/ipshared/98e5/hdl/microblaze_riscv_v1_0_vh_rfs.vhd:135279' bound to instance 'U0' of component 'riscv' [/home/russell/ultrasound/fpga/us/us.gen/sources_1/bd/bd/ip/bd_microblaze_riscv_0_0/synth/bd_microblaze_riscv_0_0.vhd:934]
INFO: [Synth 8-256] done synthesizing module 'bd_microblaze_riscv_0_0' (0#1) [/home/russell/ultrasound/fpga/us/us.gen/sources_1/bd/bd/ip/bd_microblaze_riscv_0_0/synth/bd_microblaze_riscv_0_0.vhd:120]
INFO: [Synth 8-7129] Port Clk in module pmp_checker is either unconnected or has no load
INFO: [Synth 8-7129] Port Reset in module pmp_checker is either unconnected or has no load
INFO: [Synth 8-7129] Port Config_Reset in module pmp_checker is either unconnected or has no load
INFO: [Synth 8-7129] Port Dbg_Inhibit_Ext in module pmp_checker is either unconnected or has no load
INFO: [Synth 8-7129] Port Dbg_State in module pmp_checker is either unconnected or has no load
INFO: [Synth 8-7129] Port EX_Sel_CSR[fflags] in module pmp_checker is either unconnected or has no load
INFO: [Synth 8-7129] Port EX_Sel_CSR[frm] in module pmp_checker is either unconnected or has no load
INFO: [Synth 8-7129] Port EX_Sel_CSR[fcsr] in module pmp_checker is either unconnected or has no load
INFO: [Synth 8-7129] Port EX_Sel_CSR[cycle] in module pmp_checker is either unconnected or has no load
INFO: [Synth 8-7129] Port EX_Sel_CSR[instret] in module pmp_checker is either unconnected or has no load
INFO: [Synth 8-7129] Port EX_Sel_CSR[cycleh] in module pmp_checker is either unconnected or has no load
INFO: [Synth 8-7129] Port EX_Sel_CSR[instreth] in module pmp_checker is either unconnected or has no load
INFO: [Synth 8-7129] Port EX_Sel_CSR[hpmcounter] in module pmp_checker is either unconnected or has no load
INFO: [Synth 8-7129] Port EX_Sel_CSR[hpmcounterh] in module pmp_checker is either unconnected or has no load
INFO: [Synth 8-7129] Port EX_Sel_CSR[stream] in module pmp_checker is either unconnected or has no load
INFO: [Synth 8-7129] Port EX_Sel_CSR[mstatus] in module pmp_checker is either unconnected or has no load
INFO: [Synth 8-7129] Port EX_Sel_CSR[mstatush] in module pmp_checker is either unconnected or has no load
INFO: [Synth 8-7129] Port EX_Sel_CSR[misa] in module pmp_checker is either unconnected or has no load
INFO: [Synth 8-7129] Port EX_Sel_CSR[mie] in module pmp_checker is either unconnected or has no load
INFO: [Synth 8-7129] Port EX_Sel_CSR[mtvec] in module pmp_checker is either unconnected or has no load
INFO: [Synth 8-7129] Port EX_Sel_CSR[mscratch] in module pmp_checker is either unconnected or has no load
INFO: [Synth 8-7129] Port EX_Sel_CSR[mepc] in module pmp_checker is either unconnected or has no load
INFO: [Synth 8-7129] Port EX_Sel_CSR[mcause] in module pmp_checker is either unconnected or has no load
INFO: [Synth 8-7129] Port EX_Sel_CSR[mtval] in module pmp_checker is either unconnected or has no load
INFO: [Synth 8-7129] Port EX_Sel_CSR[mip] in module pmp_checker is either unconnected or has no load
INFO: [Synth 8-7129] Port EX_Sel_CSR[mvendorid] in module pmp_checker is either unconnected or has no load
INFO: [Synth 8-7129] Port EX_Sel_CSR[marchid] in module pmp_checker is either unconnected or has no load
INFO: [Synth 8-7129] Port EX_Sel_CSR[mimpid] in module pmp_checker is either unconnected or has no load
INFO: [Synth 8-7129] Port EX_Sel_CSR[mhartid] in module pmp_checker is either unconnected or has no load
INFO: [Synth 8-7129] Port EX_Sel_CSR[mstream] in module pmp_checker is either unconnected or has no load
INFO: [Synth 8-7129] Port EX_Sel_CSR[mwfi] in module pmp_checker is either unconnected or has no load
INFO: [Synth 8-7129] Port EX_Sel_CSR[medeleg] in module pmp_checker is either unconnected or has no load
INFO: [Synth 8-7129] Port EX_Sel_CSR[mideleg] in module pmp_checker is either unconnected or has no load
INFO: [Synth 8-7129] Port EX_Sel_CSR[menvcfg] in module pmp_checker is either unconnected or has no load
INFO: [Synth 8-7129] Port EX_Sel_CSR[mseccfg] in module pmp_checker is either unconnected or has no load
INFO: [Synth 8-7129] Port EX_Sel_CSR[mcounteren] in module pmp_checker is either unconnected or has no load
INFO: [Synth 8-7129] Port EX_Sel_CSR[mcountinhibit] in module pmp_checker is either unconnected or has no load
INFO: [Synth 8-7129] Port EX_Sel_CSR[mcycle] in module pmp_checker is either unconnected or has no load
INFO: [Synth 8-7129] Port EX_Sel_CSR[minstret] in module pmp_checker is either unconnected or has no load
INFO: [Synth 8-7129] Port EX_Sel_CSR[mcycleh] in module pmp_checker is either unconnected or has no load
INFO: [Synth 8-7129] Port EX_Sel_CSR[minstreth] in module pmp_checker is either unconnected or has no load
INFO: [Synth 8-7129] Port EX_Sel_CSR[mhpmevent] in module pmp_checker is either unconnected or has no load
INFO: [Synth 8-7129] Port EX_Sel_CSR[mhpmcounter] in module pmp_checker is either unconnected or has no load
INFO: [Synth 8-7129] Port EX_Sel_CSR[mhpmcounterh] in module pmp_checker is either unconnected or has no load
INFO: [Synth 8-7129] Port EX_Sel_CSR[mnivec] in module pmp_checker is either unconnected or has no load
INFO: [Synth 8-7129] Port EX_Sel_CSR[mnevec] in module pmp_checker is either unconnected or has no load
INFO: [Synth 8-7129] Port EX_Sel_CSR[mnscratch] in module pmp_checker is either unconnected or has no load
INFO: [Synth 8-7129] Port EX_Sel_CSR[mnepc] in module pmp_checker is either unconnected or has no load
INFO: [Synth 8-7129] Port EX_Sel_CSR[mncause] in module pmp_checker is either unconnected or has no load
INFO: [Synth 8-7129] Port EX_Sel_CSR[mnstatus] in module pmp_checker is either unconnected or has no load
INFO: [Synth 8-7129] Port EX_Sel_CSR[dcsr] in module pmp_checker is either unconnected or has no load
INFO: [Synth 8-7129] Port EX_Sel_CSR[dpc] in module pmp_checker is either unconnected or has no load
INFO: [Synth 8-7129] Port EX_Sel_CSR[sstatus] in module pmp_checker is either unconnected or has no load
INFO: [Synth 8-7129] Port EX_Sel_CSR[stvec] in module pmp_checker is either unconnected or has no load
INFO: [Synth 8-7129] Port EX_Sel_CSR[sie] in module pmp_checker is either unconnected or has no load
INFO: [Synth 8-7129] Port EX_Sel_CSR[sip] in module pmp_checker is either unconnected or has no load
INFO: [Synth 8-7129] Port EX_Sel_CSR[sscratch] in module pmp_checker is either unconnected or has no load
INFO: [Synth 8-7129] Port EX_Sel_CSR[sepc] in module pmp_checker is either unconnected or has no load
INFO: [Synth 8-7129] Port EX_Sel_CSR[scause] in module pmp_checker is either unconnected or has no load
INFO: [Synth 8-7129] Port EX_Sel_CSR[stval] in module pmp_checker is either unconnected or has no load
INFO: [Synth 8-7129] Port EX_Sel_CSR[senvcfg] in module pmp_checker is either unconnected or has no load
INFO: [Synth 8-7129] Port EX_Sel_CSR[stimecmp] in module pmp_checker is either unconnected or has no load
INFO: [Synth 8-7129] Port EX_Sel_CSR[stimecmph] in module pmp_checker is either unconnected or has no load
INFO: [Synth 8-7129] Port EX_Sel_CSR[satp] in module pmp_checker is either unconnected or has no load
INFO: [Synth 8-7129] Port EX_Sel_CSR[scounteren] in module pmp_checker is either unconnected or has no load
INFO: [Synth 8-7129] Port EX_Sel_CSR[tselect] in module pmp_checker is either unconnected or has no load
INFO: [Synth 8-7129] Port EX_Sel_CSR[tdata1] in module pmp_checker is either unconnected or has no load
INFO: [Synth 8-7129] Port EX_Sel_CSR[tdata2] in module pmp_checker is either unconnected or has no load
INFO: [Synth 8-7129] Port EX_Sel_CSR[tdata3] in module pmp_checker is either unconnected or has no load
INFO: [Synth 8-7129] Port EX_Sel_CSR[tinfo] in module pmp_checker is either unconnected or has no load
INFO: [Synth 8-7129] Port EX_Sel_CSR[tcontrol] in module pmp_checker is either unconnected or has no load
INFO: [Synth 8-7129] Port EX_Sel_CSR[pmp_cfg] in module pmp_checker is either unconnected or has no load
INFO: [Synth 8-7129] Port EX_Sel_CSR[pmp_cfgh] in module pmp_checker is either unconnected or has no load
INFO: [Synth 8-7129] Port EX_Sel_CSR[pmp_addr] in module pmp_checker is either unconnected or has no load
INFO: [Synth 8-7129] Port EX_CSR_Number[6] in module pmp_checker is either unconnected or has no load
INFO: [Synth 8-7129] Port EX_CSR_Number[5] in module pmp_checker is either unconnected or has no load
INFO: [Synth 8-7129] Port EX_CSR_Number[4] in module pmp_checker is either unconnected or has no load
INFO: [Synth 8-7129] Port EX_CSR_Number[3] in module pmp_checker is either unconnected or has no load
INFO: [Synth 8-7129] Port EX_CSR_Number[2] in module pmp_checker is either unconnected or has no load
INFO: [Synth 8-7129] Port EX_CSR_Number[1] in module pmp_checker is either unconnected or has no load
INFO: [Synth 8-7129] Port EX_CSR_Number[0] in module pmp_checker is either unconnected or has no load
INFO: [Synth 8-7129] Port EX_Write_CSR in module pmp_checker is either unconnected or has no load
INFO: [Synth 8-7129] Port EX_ALU_Result[31] in module pmp_checker is either unconnected or has no load
INFO: [Synth 8-7129] Port EX_ALU_Result[30] in module pmp_checker is either unconnected or has no load
INFO: [Synth 8-7129] Port EX_ALU_Result[29] in module pmp_checker is either unconnected or has no load
INFO: [Synth 8-7129] Port EX_ALU_Result[28] in module pmp_checker is either unconnected or has no load
INFO: [Synth 8-7129] Port EX_ALU_Result[27] in module pmp_checker is either unconnected or has no load
INFO: [Synth 8-7129] Port EX_ALU_Result[26] in module pmp_checker is either unconnected or has no load
INFO: [Synth 8-7129] Port EX_ALU_Result[25] in module pmp_checker is either unconnected or has no load
INFO: [Synth 8-7129] Port EX_ALU_Result[24] in module pmp_checker is either unconnected or has no load
INFO: [Synth 8-7129] Port EX_ALU_Result[23] in module pmp_checker is either unconnected or has no load
INFO: [Synth 8-7129] Port EX_ALU_Result[22] in module pmp_checker is either unconnected or has no load
INFO: [Synth 8-7129] Port EX_ALU_Result[21] in module pmp_checker is either unconnected or has no load
INFO: [Synth 8-7129] Port EX_ALU_Result[20] in module pmp_checker is either unconnected or has no load
INFO: [Synth 8-7129] Port EX_ALU_Result[19] in module pmp_checker is either unconnected or has no load
INFO: [Synth 8-7129] Port EX_ALU_Result[18] in module pmp_checker is either unconnected or has no load
INFO: [Synth 8-7129] Port EX_ALU_Result[17] in module pmp_checker is either unconnected or has no load
INFO: [Synth 8-7129] Port EX_ALU_Result[16] in module pmp_checker is either unconnected or has no load
INFO: [Synth 8-7129] Port EX_ALU_Result[15] in module pmp_checker is either unconnected or has no load
INFO: [Synth 8-7129] Port EX_ALU_Result[14] in module pmp_checker is either unconnected or has no load
INFO: [Common 17-14] Message 'Synth 8-7129' appears 100 times and further instances of the messages will be disabled. Use the Tcl command set_msg_config to change the current settings.
---------------------------------------------------------------------------------
Finished RTL Elaboration : Time (s): cpu = 00:00:18 ; elapsed = 00:00:20 . Memory (MB): peak = 3045.484 ; gain = 1049.844 ; free physical = 386 ; free virtual = 28694
---------------------------------------------------------------------------------
---------------------------------------------------------------------------------
Start Handling Custom Attributes
---------------------------------------------------------------------------------
---------------------------------------------------------------------------------
Finished Handling Custom Attributes : Time (s): cpu = 00:00:18 ; elapsed = 00:00:20 . Memory (MB): peak = 3045.484 ; gain = 1049.844 ; free physical = 372 ; free virtual = 28682
---------------------------------------------------------------------------------
---------------------------------------------------------------------------------
Finished RTL Optimization Phase 1 : Time (s): cpu = 00:00:18 ; elapsed = 00:00:20 . Memory (MB): peak = 3045.484 ; gain = 1049.844 ; free physical = 372 ; free virtual = 28682
---------------------------------------------------------------------------------
Netlist sorting complete. Time (s): cpu = 00:00:03 ; elapsed = 00:00:03 . Memory (MB): peak = 3068.719 ; gain = 18.234 ; free physical = 20572 ; free virtual = 47356
INFO: [Netlist 29-17] Analyzing 669 Unisim elements for replacement
INFO: [Netlist 29-28] Unisim Transformation completed in 0 CPU seconds
INFO: [Project 1-570] Preparing netlist for logic optimization

Processing XDC Constraints
Initializing timing engine
Parsing XDC File [/home/russell/ultrasound/fpga/us/us.gen/sources_1/bd/bd/ip/bd_microblaze_riscv_0_0/bd_microblaze_riscv_0_0_ooc_debug.xdc] for cell 'U0'
Finished Parsing XDC File [/home/russell/ultrasound/fpga/us/us.gen/sources_1/bd/bd/ip/bd_microblaze_riscv_0_0/bd_microblaze_riscv_0_0_ooc_debug.xdc] for cell 'U0'
Parsing XDC File [/home/russell/ultrasound/fpga/us/us.gen/sources_1/bd/bd/ip/bd_microblaze_riscv_0_0/bd_microblaze_riscv_0_0_ooc.xdc] for cell 'U0'
Finished Parsing XDC File [/home/russell/ultrasound/fpga/us/us.gen/sources_1/bd/bd/ip/bd_microblaze_riscv_0_0/bd_microblaze_riscv_0_0_ooc.xdc] for cell 'U0'
Parsing XDC File [/home/russell/ultrasound/fpga/us/us.gen/sources_1/bd/bd/ip/bd_microblaze_riscv_0_0/bd_microblaze_riscv_0_0.xdc] for cell 'U0'
Finished Parsing XDC File [/home/russell/ultrasound/fpga/us/us.gen/sources_1/bd/bd/ip/bd_microblaze_riscv_0_0/bd_microblaze_riscv_0_0.xdc] for cell 'U0'
INFO: [Project 1-236] Implementation specific constraints were found while reading constraint file [/home/russell/ultrasound/fpga/us/us.gen/sources_1/bd/bd/ip/bd_microblaze_riscv_0_0/bd_microblaze_riscv_0_0.xdc]. These constraints will be ignored for synthesis but will be used in implementation. Impacted constraints are listed in the file [.Xil/bd_microblaze_riscv_0_0_propImpl.xdc].
Resolution: To avoid this warning, move constraints listed in [.Xil/bd_microblaze_riscv_0_0_propImpl.xdc] to another XDC file and exclude this new file from synthesis with the used_in_synthesis property (File Properties dialog in GUI) and re-run elaboration/synthesis.
Parsing XDC File [/home/russell/ultrasound/fpga/us/us.runs/bd_microblaze_riscv_0_0_synth_1/dont_touch.xdc]
Finished Parsing XDC File [/home/russell/ultrasound/fpga/us/us.runs/bd_microblaze_riscv_0_0_synth_1/dont_touch.xdc]
Completed Processing XDC Constraints

Netlist sorting complete. Time (s): cpu = 00:00:00 ; elapsed = 00:00:00.01 . Memory (MB): peak = 3296.301 ; gain = 0.000 ; free physical = 23911 ; free virtual = 50717
INFO: [Project 1-111] Unisim Transformation Summary:
  A total of 414 instances were transformed.
  DSP48E1 => DSP48E2 (DSP_ALU, DSP_A_B_DATA, DSP_C_DATA, DSP_MULTIPLIER, DSP_M_DATA, DSP_OUTPUT, DSP_PREADD, DSP_PREADD_DATA): 4 instances
  FDR => FDRE: 37 instances
  FDS => FDSE: 1 instance 
  LUT6_2 => LUT6_2 (LUT5, LUT6): 80 instances
  MUXCY_L => MUXCY: 276 instances
  RAM32M => RAM32M (RAMD32(x6), RAMS32(x2)): 16 instances

Constraint Validation Runtime : Time (s): cpu = 00:00:00.1 ; elapsed = 00:00:00.05 . Memory (MB): peak = 3308.207 ; gain = 11.871 ; free physical = 23883 ; free virtual = 50690
INFO: [Designutils 20-5008] Incremental synthesis strategy off
---------------------------------------------------------------------------------
Finished Constraint Validation : Time (s): cpu = 00:00:56 ; elapsed = 00:00:58 . Memory (MB): peak = 3308.207 ; gain = 1312.566 ; free physical = 29795 ; free virtual = 56659
---------------------------------------------------------------------------------
---------------------------------------------------------------------------------
Start Loading Part and Timing Information
---------------------------------------------------------------------------------
Loading part: xcau15p-ffvb676-2-i
INFO: [Synth 8-6742] Reading net delay rules and data
---------------------------------------------------------------------------------
Finished Loading Part and Timing Information : Time (s): cpu = 00:00:56 ; elapsed = 00:00:58 . Memory (MB): peak = 3316.211 ; gain = 1320.570 ; free physical = 29795 ; free virtual = 56659
---------------------------------------------------------------------------------
---------------------------------------------------------------------------------
Start Applying 'set_property' XDC Constraints
---------------------------------------------------------------------------------
---------------------------------------------------------------------------------
Finished applying 'set_property' XDC Constraints : Time (s): cpu = 00:00:56 ; elapsed = 00:00:58 . Memory (MB): peak = 3316.211 ; gain = 1320.570 ; free physical = 29794 ; free virtual = 56658
---------------------------------------------------------------------------------
INFO: [Synth 8-802] inferred FSM for state register 'Several_ProgBuf.state_reg' in module 'riscv_debug'
---------------------------------------------------------------------------------------------------
                   State |                     New Encoding |                Previous Encoding 
---------------------------------------------------------------------------------------------------
                    idle |                             0001 |                               00
                execwait |                             0010 |                               01
                    done |                             0100 |                               11
                execnext |                             1000 |                               10
---------------------------------------------------------------------------------------------------
INFO: [Synth 8-3354] encoded FSM with state register 'Several_ProgBuf.state_reg' using encoding 'one-hot' in module 'riscv_debug'
---------------------------------------------------------------------------------
Finished RTL Optimization Phase 2 : Time (s): cpu = 00:00:59 ; elapsed = 00:01:01 . Memory (MB): peak = 3316.211 ; gain = 1320.570 ; free physical = 29838 ; free virtual = 56710
---------------------------------------------------------------------------------
---------------------------------------------------------------------------------
Start RTL Component Statistics 
---------------------------------------------------------------------------------
Detailed RTL Component Info : 
+---Adders : 
	   2 Input   64 Bit       Adders := 2     
	   3 Input   33 Bit       Adders := 1     
	   2 Input   14 Bit       Adders := 1     
	   2 Input    8 Bit       Adders := 1     
	   2 Input    7 Bit       Adders := 1     
	   2 Input    6 Bit       Adders := 1     
+---XORs : 
	   2 Input     32 Bit         XORs := 1     
	   2 Input      1 Bit         XORs := 135   
	   3 Input      1 Bit         XORs := 1     
+---Registers : 
	             4096 Bit    Registers := 1     
	               64 Bit    Registers := 2     
	               42 Bit    Registers := 1     
	               34 Bit    Registers := 1     
	               33 Bit    Registers := 1     
	               32 Bit    Registers := 32    
	               31 Bit    Registers := 1     
	               29 Bit    Registers := 1     
	               23 Bit    Registers := 1     
	               16 Bit    Registers := 1     
	               15 Bit    Registers := 1     
	               14 Bit    Registers := 1     
	               12 Bit    Registers := 1     
	                8 Bit    Registers := 3     
	                7 Bit    Registers := 3     
	                6 Bit    Registers := 2     
	                5 Bit    Registers := 4     
	                4 Bit    Registers := 2     
	                3 Bit    Registers := 5     
	                2 Bit    Registers := 29    
	                1 Bit    Registers := 323   
+---Muxes : 
	   2 Input   64 Bit        Muxes := 9     
	   2 Input   34 Bit        Muxes := 1     
	   2 Input   33 Bit        Muxes := 9     
	   2 Input   32 Bit        Muxes := 38    
	   3 Input   32 Bit        Muxes := 2     
	   4 Input   32 Bit        Muxes := 3     
	   2 Input   18 Bit        Muxes := 2     
	   2 Input   16 Bit        Muxes := 1     
	   2 Input   14 Bit        Muxes := 1     
	   2 Input   12 Bit        Muxes := 3     
	   2 Input    8 Bit        Muxes := 1     
	   4 Input    8 Bit        Muxes := 1     
	   2 Input    7 Bit        Muxes := 1     
	   2 Input    6 Bit        Muxes := 5     
	   2 Input    5 Bit        Muxes := 13    
	   3 Input    5 Bit        Muxes := 1     
	   4 Input    4 Bit        Muxes := 2     
	   2 Input    4 Bit        Muxes := 5     
	   7 Input    4 Bit        Muxes := 1     
	   3 Input    3 Bit        Muxes := 1     
	   2 Input    3 Bit        Muxes := 9     
	   2 Input    2 Bit        Muxes := 30    
	   4 Input    2 Bit        Muxes := 2     
	   3 Input    2 Bit        Muxes := 1     
	   2 Input    1 Bit        Muxes := 343   
	   5 Input    1 Bit        Muxes := 2     
	   7 Input    1 Bit        Muxes := 4     
	   3 Input    1 Bit        Muxes := 1     
	   4 Input    1 Bit        Muxes := 2     
---------------------------------------------------------------------------------
Finished RTL Component Statistics 
---------------------------------------------------------------------------------
---------------------------------------------------------------------------------
Start Part Resource Summary
---------------------------------------------------------------------------------
Part Resources:
DSPs: 576 (col length:72)
BRAMs: 288 (col length: RAMB18 72 RAMB36 36)
---------------------------------------------------------------------------------
Finished Part Resource Summary
---------------------------------------------------------------------------------
---------------------------------------------------------------------------------
Start Cross Boundary and Area Optimization
---------------------------------------------------------------------------------
INFO: [Synth 8-3332] Sequential element (riscv_core_I/Base.Core/Decode_I/PC_Module_I/Instruction_Prefetch_Mux[0].Gen_Instr_DFF/Using_FPGA.Native) is unused and will be removed from module riscv.
INFO: [Synth 8-3332] Sequential element (riscv_core_I/Base.Core/Decode_I/PC_Module_I/Instruction_Prefetch_Mux[1].Gen_Instr_DFF/Using_FPGA.Native) is unused and will be removed from module riscv.
INFO: [Synth 8-3332] Sequential element (riscv_core_I/Base.Core/Decode_I/PC_Module_I/Instruction_Prefetch_Mux[2].Gen_Instr_DFF/Using_FPGA.Native) is unused and will be removed from module riscv.
INFO: [Synth 8-3332] Sequential element (riscv_core_I/Base.Core/Decode_I/PC_Module_I/Instruction_Prefetch_Mux[3].Gen_Instr_DFF/Using_FPGA.Native) is unused and will be removed from module riscv.
INFO: [Synth 8-3332] Sequential element (riscv_core_I/Base.Core/Decode_I/PC_Module_I/Instruction_Prefetch_Mux[4].Gen_Instr_DFF/Using_FPGA.Native) is unused and will be removed from module riscv.
INFO: [Synth 8-3332] Sequential element (riscv_core_I/Base.Core/Decode_I/PC_Module_I/Instruction_Prefetch_Mux[5].Gen_Instr_DFF/Using_FPGA.Native) is unused and will be removed from module riscv.
INFO: [Synth 8-3332] Sequential element (riscv_core_I/Base.Core/Decode_I/PC_Module_I/Instruction_Prefetch_Mux[6].Gen_Instr_DFF/Using_FPGA.Native) is unused and will be removed from module riscv.
INFO: [Synth 8-3332] Sequential element (riscv_core_I/Base.Core/Decode_I/PC_Module_I/Instruction_Prefetch_Mux[7].Gen_Instr_DFF/Using_FPGA.Native) is unused and will be removed from module riscv.
INFO: [Synth 8-3332] Sequential element (riscv_core_I/Base.Core/Decode_I/PC_Module_I/Instruction_Prefetch_Mux[8].Gen_Instr_DFF/Using_FPGA.Native) is unused and will be removed from module riscv.
INFO: [Synth 8-3332] Sequential element (riscv_core_I/Base.Core/Decode_I/PC_Module_I/Instruction_Prefetch_Mux[9].Gen_Instr_DFF/Using_FPGA.Native) is unused and will be removed from module riscv.
INFO: [Synth 8-3332] Sequential element (riscv_core_I/Base.Core/Decode_I/PC_Module_I/Instruction_Prefetch_Mux[10].Gen_Instr_DFF/Using_FPGA.Native) is unused and will be removed from module riscv.
INFO: [Synth 8-3332] Sequential element (riscv_core_I/Base.Core/Decode_I/PC_Module_I/Instruction_Prefetch_Mux[11].Gen_Instr_DFF/Using_FPGA.Native) is unused and will be removed from module riscv.
INFO: [Synth 8-3332] Sequential element (riscv_core_I/Base.Core/Decode_I/PC_Module_I/Instruction_Prefetch_Mux[12].Gen_Instr_DFF/Using_FPGA.Native) is unused and will be removed from module riscv.
INFO: [Synth 8-3332] Sequential element (riscv_core_I/Base.Core/Decode_I/PC_Module_I/Instruction_Prefetch_Mux[13].Gen_Instr_DFF/Using_FPGA.Native) is unused and will be removed from module riscv.
INFO: [Synth 8-3332] Sequential element (riscv_core_I/Base.Core/Decode_I/PC_Module_I/Instruction_Prefetch_Mux[14].Gen_Instr_DFF/Using_FPGA.Native) is unused and will be removed from module riscv.
INFO: [Synth 8-3332] Sequential element (riscv_core_I/Base.Core/Decode_I/PC_Module_I/Instruction_Prefetch_Mux[15].Gen_Instr_DFF/Using_FPGA.Native) is unused and will be removed from module riscv.
INFO: [Synth 8-3332] Sequential element (riscv_core_I/Base.Core/Decode_I/Using_FPGA_2.ex_is_lr_instr_Inst/Using_FPGA.Native) is unused and will be removed from module riscv.
INFO: [Synth 8-3332] Sequential element (riscv_core_I/Base.Core/Decode_I/Using_FPGA_2.ex_is_sc_instr_Inst/Using_FPGA.Native) is unused and will be removed from module riscv.
INFO: [Synth 8-3332] Sequential element (riscv_core_I/Base.Core/Decode_I/Using_FPGA_2.ex_is_amo_instr_Inst/Using_FPGA.Native) is unused and will be removed from module riscv.
INFO: [Synth 8-3332] Sequential element (riscv_core_I/Base.Core/Decode_I/Using_FPGA_2.ex_is_ea_instr_Inst/Using_FPGA.Native) is unused and will be removed from module riscv.
---------------------------------------------------------------------------------
Finished Cross Boundary and Area Optimization : Time (s): cpu = 00:01:10 ; elapsed = 00:01:12 . Memory (MB): peak = 3316.211 ; gain = 1320.570 ; free physical = 30020 ; free virtual = 56898
---------------------------------------------------------------------------------
---------------------------------------------------------------------------------
Start ROM, RAM, DSP, Shift Register and Retiming Reporting
---------------------------------------------------------------------------------

ROM: Preliminary Mapping Report
+-------------------------------------------+----------------------------+---------------+----------------+
|Module Name                                | RTL Object                 | Depth x Width | Implemented As | 
+-------------------------------------------+----------------------------+---------------+----------------+
|microblaze_riscv_v1_0_8_Barrel_Shifter_gti | Barrel32.two_comp_table[0] | 32x5          | LUT            | 
|microblaze_riscv_v1_0_8_Barrel_Shifter_gti | Barrel32.two_comp_table[0] | 32x5          | LUT            | 
+-------------------------------------------+----------------------------+---------------+----------------+


Distributed RAM: Preliminary Mapping Report (see note below)
-------NONE-------
Note: The table above is a preliminary report that shows the Distributed RAMs at the current stage of the synthesis flow. Some Distributed RAMs may be reimplemented as non Distributed RAM primitives later in the synthesis flow. Multiple instantiated RAMs are reported only once.
---------------------------------------------------------------------------------
Finished ROM, RAM, DSP, Shift Register and Retiming Reporting
---------------------------------------------------------------------------------
---------------------------------------------------------------------------------
Start Applying XDC Timing Constraints
---------------------------------------------------------------------------------
---------------------------------------------------------------------------------
Finished Applying XDC Timing Constraints : Time (s): cpu = 00:01:11 ; elapsed = 00:01:13 . Memory (MB): peak = 3409.246 ; gain = 1413.605 ; free physical = 29723 ; free virtual = 56839
---------------------------------------------------------------------------------
---------------------------------------------------------------------------------
Start Timing Optimization
---------------------------------------------------------------------------------
---------------------------------------------------------------------------------
Finished Timing Optimization : Time (s): cpu = 00:01:15 ; elapsed = 00:01:17 . Memory (MB): peak = 3409.246 ; gain = 1413.605 ; free physical = 29532 ; free virtual = 56586
---------------------------------------------------------------------------------
---------------------------------------------------------------------------------
Start Technology Mapping
---------------------------------------------------------------------------------
---------------------------------------------------------------------------------
Finished Technology Mapping : Time (s): cpu = 00:01:16 ; elapsed = 00:01:18 . Memory (MB): peak = 3409.246 ; gain = 1413.605 ; free physical = 29606 ; free virtual = 56659
---------------------------------------------------------------------------------
---------------------------------------------------------------------------------
Start IO Insertion
---------------------------------------------------------------------------------
---------------------------------------------------------------------------------
Start Flattening Before IO Insertion
---------------------------------------------------------------------------------
---------------------------------------------------------------------------------
Finished Flattening Before IO Insertion
---------------------------------------------------------------------------------
---------------------------------------------------------------------------------
Start Final Netlist Cleanup
---------------------------------------------------------------------------------
---------------------------------------------------------------------------------
Finished Final Netlist Cleanup
---------------------------------------------------------------------------------
---------------------------------------------------------------------------------
Finished IO Insertion : Time (s): cpu = 00:01:18 ; elapsed = 00:01:20 . Memory (MB): peak = 3409.246 ; gain = 1413.605 ; free physical = 29581 ; free virtual = 56635
---------------------------------------------------------------------------------
---------------------------------------------------------------------------------
Start Renaming Generated Instances
---------------------------------------------------------------------------------
---------------------------------------------------------------------------------
Finished Renaming Generated Instances : Time (s): cpu = 00:01:18 ; elapsed = 00:01:20 . Memory (MB): peak = 3409.246 ; gain = 1413.605 ; free physical = 29581 ; free virtual = 56635
---------------------------------------------------------------------------------
---------------------------------------------------------------------------------
Start Rebuilding User Hierarchy
---------------------------------------------------------------------------------
---------------------------------------------------------------------------------
Finished Rebuilding User Hierarchy : Time (s): cpu = 00:01:18 ; elapsed = 00:01:21 . Memory (MB): peak = 3409.246 ; gain = 1413.605 ; free physical = 29585 ; free virtual = 56640
---------------------------------------------------------------------------------
---------------------------------------------------------------------------------
Start Renaming Generated Ports
---------------------------------------------------------------------------------
---------------------------------------------------------------------------------
Finished Renaming Generated Ports : Time (s): cpu = 00:01:18 ; elapsed = 00:01:21 . Memory (MB): peak = 3409.246 ; gain = 1413.605 ; free physical = 29585 ; free virtual = 56640
---------------------------------------------------------------------------------
---------------------------------------------------------------------------------
Start Handling Custom Attributes
---------------------------------------------------------------------------------
---------------------------------------------------------------------------------
Finished Handling Custom Attributes : Time (s): cpu = 00:01:18 ; elapsed = 00:01:21 . Memory (MB): peak = 3409.246 ; gain = 1413.605 ; free physical = 29584 ; free virtual = 56639
---------------------------------------------------------------------------------
---------------------------------------------------------------------------------
Start Renaming Generated Nets
---------------------------------------------------------------------------------
---------------------------------------------------------------------------------
Finished Renaming Generated Nets : Time (s): cpu = 00:01:18 ; elapsed = 00:01:21 . Memory (MB): peak = 3409.246 ; gain = 1413.605 ; free physical = 29584 ; free virtual = 56639
---------------------------------------------------------------------------------
---------------------------------------------------------------------------------
Start ROM, RAM, DSP, Shift Register and Retiming Reporting
---------------------------------------------------------------------------------

Dynamic Shift Register Report:
+------------+--------------------+--------+------------+--------+---------+--------+--------+--------+
|Module Name | RTL Name           | Length | Data Width | SRL16E | SRLC32E | Mux F7 | Mux F8 | Mux F9 | 
+------------+--------------------+--------+------------+--------+---------+--------+--------+--------+
|dsrl        | PC_Buffer_reg[3]   | 32     | 32         | 32     | 0       | 0      | 0      | 0      | 
|dsrl__1     | data_buffer_reg[2] | 32     | 32         | 32     | 0       | 0      | 0      | 0      | 
+------------+--------------------+--------+------------+--------+---------+--------+--------+--------+

---------------------------------------------------------------------------------
Finished ROM, RAM, DSP, Shift Register and Retiming Reporting
---------------------------------------------------------------------------------
---------------------------------------------------------------------------------
Start Writing Synthesis Report
---------------------------------------------------------------------------------

DSP Final Report (the ' indicates corresponding REG is set)
+-------------------------------+--------------------+--------+--------+--------+--------+--------+------+------+------+------+-------+------+------+
|Module Name                    | DSP Mapping        | A Size | B Size | C Size | D Size | P Size | AREG | BREG | CREG | DREG | ADREG | MREG | PREG | 
+-------------------------------+--------------------+--------+--------+--------+--------+--------+------+------+------+------+-------+------+------+
|MB_DSP48E1                     | (A*B)'             | 17     | 17     | -      | -      | 48     | 0    | 0    | -    | -    | -     | 0    | 1    | 
|MB_DSP48E1__parameterized1_611 | PCIN>>17+(A*B)'    | 30     | 17     | -      | -      | 48     | 0    | 0    | -    | -    | -     | 1    | 0    | 
|MB_DSP48E1__parameterized1     | PCIN+(A*B)'        | 17     | 18     | -      | -      | 48     | 0    | 0    | -    | -    | -     | 1    | 0    | 
|MB_DSP48E1__parameterized3     | (PCIN>>17+(A*B)')' | 30     | 18     | -      | -      | 48     | 0    | 0    | -    | -    | -     | 1    | 1    | 
+-------------------------------+--------------------+--------+--------+--------+--------+--------+------+------+------+------+-------+------+------+


Report BlackBoxes: 
+-+--------------+----------+
| |BlackBox name |Instances |
+-+--------------+----------+
+-+--------------+----------+

Report Cell Usage: 
+------+--------+------+
|      |Cell    |Count |
+------+--------+------+
|1     |CARRY8  |    21|
|2     |DSP48E1 |     4|
|3     |LUT1    |    72|
|4     |LUT2    |   174|
|5     |LUT3    |   451|
|6     |LUT4    |   436|
|7     |LUT5    |   270|
|8     |LUT6    |  1036|
|10    |MUXCY_L |   252|
|11    |MUXF7   |    26|
|12    |MUXF8   |     3|
|13    |RAM32M  |    16|
|14    |SRL16E  |    47|
|15    |XORCY   |   207|
|16    |FDCE    |    10|
|17    |FDPE    |     1|
|18    |FDR     |    21|
|19    |FDRE    |  1235|
|20    |FDS     |     1|
|21    |FDSE    |    23|
+------+--------+------+
---------------------------------------------------------------------------------
Finished Writing Synthesis Report : Time (s): cpu = 00:01:18 ; elapsed = 00:01:21 . Memory (MB): peak = 3409.246 ; gain = 1413.605 ; free physical = 29584 ; free virtual = 56639
---------------------------------------------------------------------------------
Synthesis finished with 0 errors, 0 critical warnings and 0 warnings.
Synthesis Optimization Runtime : Time (s): cpu = 00:00:45 ; elapsed = 00:00:48 . Memory (MB): peak = 3409.246 ; gain = 1150.883 ; free physical = 29583 ; free virtual = 56638
Synthesis Optimization Complete : Time (s): cpu = 00:01:18 ; elapsed = 00:01:21 . Memory (MB): peak = 3409.246 ; gain = 1413.605 ; free physical = 29583 ; free virtual = 56639
INFO: [Project 1-571] Translating synthesized netlist
Netlist sorting complete. Time (s): cpu = 00:00:00.05 ; elapsed = 00:00:00.05 . Memory (MB): peak = 3409.246 ; gain = 0.000 ; free physical = 29767 ; free virtual = 56822
INFO: [Netlist 29-17] Analyzing 631 Unisim elements for replacement
INFO: [Netlist 29-28] Unisim Transformation completed in 0 CPU seconds
INFO: [Project 1-570] Preparing netlist for logic optimization
INFO: [Opt 31-138] Pushed 0 inverter(s) to 0 load pin(s).
Netlist sorting complete. Time (s): cpu = 00:00:00 ; elapsed = 00:00:00 . Memory (MB): peak = 3409.246 ; gain = 0.000 ; free physical = 29768 ; free virtual = 56823
INFO: [Project 1-111] Unisim Transformation Summary:
  A total of 157 instances were transformed.
  (CARRY4) => CARRY8: 35 instances
  DSP48E1 => DSP48E2 (DSP_ALU, DSP_A_B_DATA, DSP_C_DATA, DSP_MULTIPLIER, DSP_M_DATA, DSP_OUTPUT, DSP_PREADD, DSP_PREADD_DATA): 4 instances
  FDR => FDRE: 21 instances
  FDS => FDSE: 1 instance 
  LUT6_2 => LUT6_2 (LUT5, LUT6): 80 instances
  RAM32M => RAM32M (RAMD32(x6), RAMS32(x2)): 16 instances

Synth Design complete | Checksum: 24847a51
INFO: [Common 17-83] Releasing license: Synthesis
145 Infos, 0 Warnings, 0 Critical Warnings and 0 Errors encountered.
synth_design completed successfully
synth_design: Time (s): cpu = 00:01:25 ; elapsed = 00:01:25 . Memory (MB): peak = 3409.246 ; gain = 1800.840 ; free physical = 29783 ; free virtual = 56839
INFO: [Common 17-2834] synth_design peak Physical Memory [PSS] (MB): overall = 2708.611; main = 2460.030; forked = 293.791
INFO: [Common 17-2834] synth_design peak Virtual Memory [VSS] (MB): overall = 4424.965; main = 3409.250; forked = 1015.715
Write ShapeDB Complete: Time (s): cpu = 00:00:00.01 ; elapsed = 00:00:00.01 . Memory (MB): peak = 3409.246 ; gain = 0.000 ; free physical = 29782 ; free virtual = 56838
INFO: [Common 17-1381] The checkpoint '/home/russell/ultrasound/fpga/us/us.runs/bd_microblaze_riscv_0_0_synth_1/bd_microblaze_riscv_0_0.dcp' has been generated.
INFO: [Coretcl 2-1648] Added synthesis output to IP cache for IP bd_microblaze_riscv_0_0, cache-ID = dc0a6fc3b12ab91d
INFO: [Coretcl 2-1174] Renamed 935 cell refs.
Write ShapeDB Complete: Time (s): cpu = 00:00:00.01 ; elapsed = 00:00:00 . Memory (MB): peak = 3409.246 ; gain = 0.000 ; free physical = 29743 ; free virtual = 56811
INFO: [Common 17-1381] The checkpoint '/home/russell/ultrasound/fpga/us/us.runs/bd_microblaze_riscv_0_0_synth_1/bd_microblaze_riscv_0_0.dcp' has been generated.
INFO: [Vivado 12-24828] Executing command : report_utilization -file bd_microblaze_riscv_0_0_utilization_synth.rpt -pb bd_microblaze_riscv_0_0_utilization_synth.pb
INFO: [Common 17-206] Exiting Vivado at Mon Jun 29 23:07:38 2026...
