
*** Running vivado
    with args -log bd_ilmb_bram_if_cntlr_0.vds -m64 -product Vivado -mode batch -messageDb vivado.pb -notrace -source bd_ilmb_bram_if_cntlr_0.tcl


****** Vivado v2025.2.1 (64-bit)
  **** SW Build 6403652 on Thu Mar 19 13:47:00 MDT 2026
  **** IP Build 6403511 on Thu Mar 19 12:41:45 MDT 2026
  **** SharedData Build 6403650 on Thu Mar 19 14:02:13 MDT 2026
  **** Start of session at: Mon Jun 29 23:05:59 2026
    ** Copyright 1986-2022 Xilinx, Inc. All Rights Reserved.
    ** Copyright 2022-2026 Advanced Micro Devices, Inc. All Rights Reserved.

source bd_ilmb_bram_if_cntlr_0.tcl -notrace
create_project: Time (s): cpu = 00:00:11 ; elapsed = 00:00:06 . Memory (MB): peak = 1632.145 ; gain = 196.133 ; free physical = 15262 ; free virtual = 48798
Command: synth_design -top bd_ilmb_bram_if_cntlr_0 -part xcau15p-ffvb676-2-i -incremental_mode off -mode out_of_context
Starting synth_design
Attempting to get a license for feature 'Synthesis' and/or device 'xcau15p'
INFO: [Common 17-349] Got license for feature 'Synthesis' and/or device 'xcau15p'
INFO: [Device 21-403] Loading part xcau15p-ffvb676-2-i
INFO: [Synth 8-7079] Multithreading enabled for synth_design using a maximum of 7 processes.
INFO: [Synth 8-7078] Launching helper process for spawning children vivado processes
INFO: [Synth 8-7075] Helper process launched with PID 127246
---------------------------------------------------------------------------------
Starting RTL Elaboration : Time (s): cpu = 00:00:05 ; elapsed = 00:00:06 . Memory (MB): peak = 2440.996 ; gain = 450.688 ; free physical = 517 ; free virtual = 32374
---------------------------------------------------------------------------------
INFO: [Synth 8-638] synthesizing module 'bd_ilmb_bram_if_cntlr_0' [/home/russell/ultrasound/fpga/us/us.gen/sources_1/bd/bd/ip/bd_ilmb_bram_if_cntlr_0/synth/bd_ilmb_bram_if_cntlr_0.vhd:84]
	Parameter C_FAMILY bound to: kintexuplus - type: string 
	Parameter C_HIGHADDR bound to: 64'b0000000000000000000000000000000000000000000000001111111111111111 
	Parameter C_BASEADDR bound to: 64'b0000000000000000000000000000000000000000000000000000000000000000 
	Parameter C_NUM_LMB bound to: 1 - type: integer 
	Parameter C_MASK bound to: 64'b0000000000000000000000000000000000000000000000000000000000000000 
	Parameter C_MASK1 bound to: 64'b0000000000000000000000000000000000000000100000000000000000000000 
	Parameter C_MASK2 bound to: 64'b0000000000000000000000000000000000000000100000000000000000000000 
	Parameter C_MASK3 bound to: 64'b0000000000000000000000000000000000000000100000000000000000000000 
	Parameter C_MASK4 bound to: 64'b0000000000000000000000000000000000000000100000000000000000000000 
	Parameter C_MASK5 bound to: 64'b0000000000000000000000000000000000000000100000000000000000000000 
	Parameter C_MASK6 bound to: 64'b0000000000000000000000000000000000000000100000000000000000000000 
	Parameter C_MASK7 bound to: 64'b0000000000000000000000000000000000000000100000000000000000000000 
	Parameter C_PROT_CFG bound to: 8'b11111111 
	Parameter C_PROT_CFG1 bound to: 8'b11111111 
	Parameter C_PROT_CFG2 bound to: 8'b11111111 
	Parameter C_PROT_CFG3 bound to: 8'b11111111 
	Parameter C_PROT_CFG4 bound to: 8'b11111111 
	Parameter C_PROT_CFG5 bound to: 8'b11111111 
	Parameter C_PROT_CFG6 bound to: 8'b11111111 
	Parameter C_PROT_CFG7 bound to: 8'b11111111 
	Parameter C_LMB_AWIDTH bound to: 32 - type: integer 
	Parameter C_LMB_DWIDTH bound to: 32 - type: integer 
	Parameter C_LMB_PROTOCOL bound to: 0 - type: integer 
	Parameter C_LMB_HAS_PROT bound to: 0 - type: integer 
	Parameter C_ARBITRATION bound to: 0 - type: integer 
	Parameter C_ECC bound to: 0 - type: integer 
	Parameter C_INTERCONNECT bound to: 0 - type: integer 
	Parameter C_FAULT_INJECT bound to: 0 - type: integer 
	Parameter C_CE_FAILING_REGISTERS bound to: 0 - type: integer 
	Parameter C_UE_FAILING_REGISTERS bound to: 0 - type: integer 
	Parameter C_ECC_STATUS_REGISTERS bound to: 0 - type: integer 
	Parameter C_ECC_ONOFF_REGISTER bound to: 0 - type: integer 
	Parameter C_ECC_ONOFF_RESET_VALUE bound to: 1 - type: integer 
	Parameter C_CE_COUNTER_WIDTH bound to: 0 - type: integer 
	Parameter C_WRITE_ACCESS bound to: 2 - type: integer 
	Parameter C_BRAM_AWIDTH bound to: 32 - type: integer 
	Parameter C_S_AXI_CTRL_ADDR_WIDTH bound to: 32 - type: integer 
	Parameter C_S_AXI_CTRL_DATA_WIDTH bound to: 32 - type: integer 
INFO: [Synth 8-3491] module 'lmb_bram_if_cntlr' declared at '/home/russell/ultrasound/fpga/us/us.gen/sources_1/bd/bd/ipshared/7cd0/hdl/lmb_bram_if_cntlr_v4_0_vh_rfs.vhd:5107' bound to instance 'U0' of component 'lmb_bram_if_cntlr' [/home/russell/ultrasound/fpga/us/us.gen/sources_1/bd/bd/ip/bd_ilmb_bram_if_cntlr_0/synth/bd_ilmb_bram_if_cntlr_0.vhd:298]
INFO: [Synth 8-638] synthesizing module 'lmb_bram_if_cntlr' [/home/russell/ultrasound/fpga/us/us.gen/sources_1/bd/bd/ipshared/7cd0/hdl/lmb_bram_if_cntlr_v4_0_vh_rfs.vhd:5306]
	Parameter C_TARGET bound to: 8 - type: integer 
	Parameter C_BASEADDR bound to: 64'b0000000000000000000000000000000000000000000000000000000000000000 
	Parameter C_MASK bound to: 64'b0000000000000000000000000000000000000000000000000000000000000000 
	Parameter C_MASK1 bound to: 64'b0000000000000000000000000000000000000000100000000000000000000000 
	Parameter C_MASK2 bound to: 64'b0000000000000000000000000000000000000000100000000000000000000000 
	Parameter C_MASK3 bound to: 64'b0000000000000000000000000000000000000000100000000000000000000000 
	Parameter C_MASK4 bound to: 64'b0000000000000000000000000000000000000000100000000000000000000000 
	Parameter C_MASK5 bound to: 64'b0000000000000000000000000000000000000000100000000000000000000000 
	Parameter C_MASK6 bound to: 64'b0000000000000000000000000000000000000000100000000000000000000000 
	Parameter C_MASK7 bound to: 64'b0000000000000000000000000000000000000000100000000000000000000000 
	Parameter C_PROT_CFG bound to: 8'b11111111 
	Parameter C_PROT_CFG1 bound to: 8'b11111111 
	Parameter C_PROT_CFG2 bound to: 8'b11111111 
	Parameter C_PROT_CFG3 bound to: 8'b11111111 
	Parameter C_PROT_CFG4 bound to: 8'b11111111 
	Parameter C_PROT_CFG5 bound to: 8'b11111111 
	Parameter C_PROT_CFG6 bound to: 8'b11111111 
	Parameter C_PROT_CFG7 bound to: 8'b11111111 
	Parameter C_LMB_AWIDTH bound to: 32 - type: integer 
	Parameter C_LMB_DWIDTH bound to: 32 - type: integer 
	Parameter C_ECC_WIDTH bound to: 7 - type: integer 
	Parameter C_ECC bound to: 0 - type: integer 
	Parameter C_NUM_LMB bound to: 1 - type: integer 
	Parameter C_LMB_PROTOCOL bound to: 0 - type: integer 
	Parameter C_LMB_HAS_PROT bound to: 0 - type: integer 
	Parameter C_ARBITRATION bound to: 0 - type: integer 
INFO: [Synth 8-3491] module 'lmb_mux' declared at '/home/russell/ultrasound/fpga/us/us.gen/sources_1/bd/bd/ipshared/7cd0/hdl/lmb_bram_if_cntlr_v4_0_vh_rfs.vhd:4145' bound to instance 'lmb_mux_I' of component 'lmb_mux' [/home/russell/ultrasound/fpga/us/us.gen/sources_1/bd/bd/ipshared/7cd0/hdl/lmb_bram_if_cntlr_v4_0_vh_rfs.vhd:5657]
INFO: [Synth 8-638] synthesizing module 'lmb_mux' [/home/russell/ultrasound/fpga/us/us.gen/sources_1/bd/bd/ipshared/7cd0/hdl/lmb_bram_if_cntlr_v4_0_vh_rfs.vhd:4309]
	Parameter C_AW bound to: 32 - type: integer 
	Parameter C_BAR bound to: 64'b0000000000000000000000000000000000000000000000000000000000000000 
	Parameter C_MASK bound to: 64'b0000000000000000000000000000000000000000000000000000000000000000 
INFO: [Synth 8-3491] module 'pselect_mask' declared at '/home/russell/ultrasound/fpga/us/us.gen/sources_1/bd/bd/ipshared/7cd0/hdl/lmb_bram_if_cntlr_v4_0_vh_rfs.vhd:3470' bound to instance 'pselect_mask_lmb' of component 'pselect_mask' [/home/russell/ultrasound/fpga/us/us.gen/sources_1/bd/bd/ipshared/7cd0/hdl/lmb_bram_if_cntlr_v4_0_vh_rfs.vhd:4435]
INFO: [Synth 8-638] synthesizing module 'pselect_mask' [/home/russell/ultrasound/fpga/us/us.gen/sources_1/bd/bd/ipshared/7cd0/hdl/lmb_bram_if_cntlr_v4_0_vh_rfs.vhd:3485]
INFO: [Synth 8-256] done synthesizing module 'pselect_mask' (0#1) [/home/russell/ultrasound/fpga/us/us.gen/sources_1/bd/bd/ipshared/7cd0/hdl/lmb_bram_if_cntlr_v4_0_vh_rfs.vhd:3485]
INFO: [Synth 8-256] done synthesizing module 'lmb_mux' (0#1) [/home/russell/ultrasound/fpga/us/us.gen/sources_1/bd/bd/ipshared/7cd0/hdl/lmb_bram_if_cntlr_v4_0_vh_rfs.vhd:4309]
INFO: [Synth 8-256] done synthesizing module 'lmb_bram_if_cntlr' (0#1) [/home/russell/ultrasound/fpga/us/us.gen/sources_1/bd/bd/ipshared/7cd0/hdl/lmb_bram_if_cntlr_v4_0_vh_rfs.vhd:5306]
INFO: [Synth 8-256] done synthesizing module 'bd_ilmb_bram_if_cntlr_0' (0#1) [/home/russell/ultrasound/fpga/us/us.gen/sources_1/bd/bd/ip/bd_ilmb_bram_if_cntlr_0/synth/bd_ilmb_bram_if_cntlr_0.vhd:84]
INFO: [Synth 8-7129] Port A[0] in module pselect_mask is either unconnected or has no load
INFO: [Synth 8-7129] Port A[1] in module pselect_mask is either unconnected or has no load
INFO: [Synth 8-7129] Port A[2] in module pselect_mask is either unconnected or has no load
INFO: [Synth 8-7129] Port A[3] in module pselect_mask is either unconnected or has no load
INFO: [Synth 8-7129] Port A[4] in module pselect_mask is either unconnected or has no load
INFO: [Synth 8-7129] Port A[5] in module pselect_mask is either unconnected or has no load
INFO: [Synth 8-7129] Port A[6] in module pselect_mask is either unconnected or has no load
INFO: [Synth 8-7129] Port A[7] in module pselect_mask is either unconnected or has no load
INFO: [Synth 8-7129] Port A[8] in module pselect_mask is either unconnected or has no load
INFO: [Synth 8-7129] Port A[9] in module pselect_mask is either unconnected or has no load
INFO: [Synth 8-7129] Port A[10] in module pselect_mask is either unconnected or has no load
INFO: [Synth 8-7129] Port A[11] in module pselect_mask is either unconnected or has no load
INFO: [Synth 8-7129] Port A[12] in module pselect_mask is either unconnected or has no load
INFO: [Synth 8-7129] Port A[13] in module pselect_mask is either unconnected or has no load
INFO: [Synth 8-7129] Port A[14] in module pselect_mask is either unconnected or has no load
INFO: [Synth 8-7129] Port A[15] in module pselect_mask is either unconnected or has no load
INFO: [Synth 8-7129] Port A[16] in module pselect_mask is either unconnected or has no load
INFO: [Synth 8-7129] Port A[17] in module pselect_mask is either unconnected or has no load
INFO: [Synth 8-7129] Port A[18] in module pselect_mask is either unconnected or has no load
INFO: [Synth 8-7129] Port A[19] in module pselect_mask is either unconnected or has no load
INFO: [Synth 8-7129] Port A[20] in module pselect_mask is either unconnected or has no load
INFO: [Synth 8-7129] Port A[21] in module pselect_mask is either unconnected or has no load
INFO: [Synth 8-7129] Port A[22] in module pselect_mask is either unconnected or has no load
INFO: [Synth 8-7129] Port A[23] in module pselect_mask is either unconnected or has no load
INFO: [Synth 8-7129] Port A[24] in module pselect_mask is either unconnected or has no load
INFO: [Synth 8-7129] Port A[25] in module pselect_mask is either unconnected or has no load
INFO: [Synth 8-7129] Port A[26] in module pselect_mask is either unconnected or has no load
INFO: [Synth 8-7129] Port A[27] in module pselect_mask is either unconnected or has no load
INFO: [Synth 8-7129] Port A[28] in module pselect_mask is either unconnected or has no load
INFO: [Synth 8-7129] Port A[29] in module pselect_mask is either unconnected or has no load
INFO: [Synth 8-7129] Port A[30] in module pselect_mask is either unconnected or has no load
INFO: [Synth 8-7129] Port A[31] in module pselect_mask is either unconnected or has no load
INFO: [Synth 8-7129] Port LMB_Clk in module lmb_mux is either unconnected or has no load
INFO: [Synth 8-7129] Port LMB_Rst in module lmb_mux is either unconnected or has no load
INFO: [Synth 8-7129] Port LMB1_ABus[0] in module lmb_mux is either unconnected or has no load
INFO: [Synth 8-7129] Port LMB1_ABus[1] in module lmb_mux is either unconnected or has no load
INFO: [Synth 8-7129] Port LMB1_ABus[2] in module lmb_mux is either unconnected or has no load
INFO: [Synth 8-7129] Port LMB1_ABus[3] in module lmb_mux is either unconnected or has no load
INFO: [Synth 8-7129] Port LMB1_ABus[4] in module lmb_mux is either unconnected or has no load
INFO: [Synth 8-7129] Port LMB1_ABus[5] in module lmb_mux is either unconnected or has no load
INFO: [Synth 8-7129] Port LMB1_ABus[6] in module lmb_mux is either unconnected or has no load
INFO: [Synth 8-7129] Port LMB1_ABus[7] in module lmb_mux is either unconnected or has no load
INFO: [Synth 8-7129] Port LMB1_ABus[8] in module lmb_mux is either unconnected or has no load
INFO: [Synth 8-7129] Port LMB1_ABus[9] in module lmb_mux is either unconnected or has no load
INFO: [Synth 8-7129] Port LMB1_ABus[10] in module lmb_mux is either unconnected or has no load
INFO: [Synth 8-7129] Port LMB1_ABus[11] in module lmb_mux is either unconnected or has no load
INFO: [Synth 8-7129] Port LMB1_ABus[12] in module lmb_mux is either unconnected or has no load
INFO: [Synth 8-7129] Port LMB1_ABus[13] in module lmb_mux is either unconnected or has no load
INFO: [Synth 8-7129] Port LMB1_ABus[14] in module lmb_mux is either unconnected or has no load
INFO: [Synth 8-7129] Port LMB1_ABus[15] in module lmb_mux is either unconnected or has no load
INFO: [Synth 8-7129] Port LMB1_ABus[16] in module lmb_mux is either unconnected or has no load
INFO: [Synth 8-7129] Port LMB1_ABus[17] in module lmb_mux is either unconnected or has no load
INFO: [Synth 8-7129] Port LMB1_ABus[18] in module lmb_mux is either unconnected or has no load
INFO: [Synth 8-7129] Port LMB1_ABus[19] in module lmb_mux is either unconnected or has no load
INFO: [Synth 8-7129] Port LMB1_ABus[20] in module lmb_mux is either unconnected or has no load
INFO: [Synth 8-7129] Port LMB1_ABus[21] in module lmb_mux is either unconnected or has no load
INFO: [Synth 8-7129] Port LMB1_ABus[22] in module lmb_mux is either unconnected or has no load
INFO: [Synth 8-7129] Port LMB1_ABus[23] in module lmb_mux is either unconnected or has no load
INFO: [Synth 8-7129] Port LMB1_ABus[24] in module lmb_mux is either unconnected or has no load
INFO: [Synth 8-7129] Port LMB1_ABus[25] in module lmb_mux is either unconnected or has no load
INFO: [Synth 8-7129] Port LMB1_ABus[26] in module lmb_mux is either unconnected or has no load
INFO: [Synth 8-7129] Port LMB1_ABus[27] in module lmb_mux is either unconnected or has no load
INFO: [Synth 8-7129] Port LMB1_ABus[28] in module lmb_mux is either unconnected or has no load
INFO: [Synth 8-7129] Port LMB1_ABus[29] in module lmb_mux is either unconnected or has no load
INFO: [Synth 8-7129] Port LMB1_ABus[30] in module lmb_mux is either unconnected or has no load
INFO: [Synth 8-7129] Port LMB1_ABus[31] in module lmb_mux is either unconnected or has no load
INFO: [Synth 8-7129] Port LMB1_Prot[0] in module lmb_mux is either unconnected or has no load
INFO: [Synth 8-7129] Port LMB1_Prot[1] in module lmb_mux is either unconnected or has no load
INFO: [Synth 8-7129] Port LMB1_WriteDBus[0] in module lmb_mux is either unconnected or has no load
INFO: [Synth 8-7129] Port LMB1_WriteDBus[1] in module lmb_mux is either unconnected or has no load
INFO: [Synth 8-7129] Port LMB1_WriteDBus[2] in module lmb_mux is either unconnected or has no load
INFO: [Synth 8-7129] Port LMB1_WriteDBus[3] in module lmb_mux is either unconnected or has no load
INFO: [Synth 8-7129] Port LMB1_WriteDBus[4] in module lmb_mux is either unconnected or has no load
INFO: [Synth 8-7129] Port LMB1_WriteDBus[5] in module lmb_mux is either unconnected or has no load
INFO: [Synth 8-7129] Port LMB1_WriteDBus[6] in module lmb_mux is either unconnected or has no load
INFO: [Synth 8-7129] Port LMB1_WriteDBus[7] in module lmb_mux is either unconnected or has no load
INFO: [Synth 8-7129] Port LMB1_WriteDBus[8] in module lmb_mux is either unconnected or has no load
INFO: [Synth 8-7129] Port LMB1_WriteDBus[9] in module lmb_mux is either unconnected or has no load
INFO: [Synth 8-7129] Port LMB1_WriteDBus[10] in module lmb_mux is either unconnected or has no load
INFO: [Synth 8-7129] Port LMB1_WriteDBus[11] in module lmb_mux is either unconnected or has no load
INFO: [Synth 8-7129] Port LMB1_WriteDBus[12] in module lmb_mux is either unconnected or has no load
INFO: [Synth 8-7129] Port LMB1_WriteDBus[13] in module lmb_mux is either unconnected or has no load
INFO: [Synth 8-7129] Port LMB1_WriteDBus[14] in module lmb_mux is either unconnected or has no load
INFO: [Synth 8-7129] Port LMB1_WriteDBus[15] in module lmb_mux is either unconnected or has no load
INFO: [Synth 8-7129] Port LMB1_WriteDBus[16] in module lmb_mux is either unconnected or has no load
INFO: [Synth 8-7129] Port LMB1_WriteDBus[17] in module lmb_mux is either unconnected or has no load
INFO: [Synth 8-7129] Port LMB1_WriteDBus[18] in module lmb_mux is either unconnected or has no load
INFO: [Synth 8-7129] Port LMB1_WriteDBus[19] in module lmb_mux is either unconnected or has no load
INFO: [Synth 8-7129] Port LMB1_WriteDBus[20] in module lmb_mux is either unconnected or has no load
INFO: [Synth 8-7129] Port LMB1_WriteDBus[21] in module lmb_mux is either unconnected or has no load
INFO: [Synth 8-7129] Port LMB1_WriteDBus[22] in module lmb_mux is either unconnected or has no load
INFO: [Synth 8-7129] Port LMB1_WriteDBus[23] in module lmb_mux is either unconnected or has no load
INFO: [Synth 8-7129] Port LMB1_WriteDBus[24] in module lmb_mux is either unconnected or has no load
INFO: [Synth 8-7129] Port LMB1_WriteDBus[25] in module lmb_mux is either unconnected or has no load
INFO: [Synth 8-7129] Port LMB1_WriteDBus[26] in module lmb_mux is either unconnected or has no load
INFO: [Synth 8-7129] Port LMB1_WriteDBus[27] in module lmb_mux is either unconnected or has no load
INFO: [Synth 8-7129] Port LMB1_WriteDBus[28] in module lmb_mux is either unconnected or has no load
INFO: [Synth 8-7129] Port LMB1_WriteDBus[29] in module lmb_mux is either unconnected or has no load
INFO: [Synth 8-7129] Port LMB1_WriteDBus[30] in module lmb_mux is either unconnected or has no load
INFO: [Synth 8-7129] Port LMB1_WriteDBus[31] in module lmb_mux is either unconnected or has no load
INFO: [Common 17-14] Message 'Synth 8-7129' appears 100 times and further instances of the messages will be disabled. Use the Tcl command set_msg_config to change the current settings.
---------------------------------------------------------------------------------
Finished RTL Elaboration : Time (s): cpu = 00:00:07 ; elapsed = 00:00:08 . Memory (MB): peak = 2542.934 ; gain = 552.625 ; free physical = 379 ; free virtual = 31159
---------------------------------------------------------------------------------
---------------------------------------------------------------------------------
Start Handling Custom Attributes
---------------------------------------------------------------------------------
---------------------------------------------------------------------------------
Finished Handling Custom Attributes : Time (s): cpu = 00:00:07 ; elapsed = 00:00:08 . Memory (MB): peak = 2551.840 ; gain = 561.531 ; free physical = 432 ; free virtual = 31113
---------------------------------------------------------------------------------
---------------------------------------------------------------------------------
Finished RTL Optimization Phase 1 : Time (s): cpu = 00:00:07 ; elapsed = 00:00:08 . Memory (MB): peak = 2551.840 ; gain = 561.531 ; free physical = 435 ; free virtual = 31110
---------------------------------------------------------------------------------
Netlist sorting complete. Time (s): cpu = 00:00:00.01 ; elapsed = 00:00:00 . Memory (MB): peak = 2551.840 ; gain = 0.000 ; free physical = 483 ; free virtual = 31096
INFO: [Project 1-570] Preparing netlist for logic optimization

Processing XDC Constraints
Initializing timing engine
Parsing XDC File [/home/russell/ultrasound/fpga/us/us.gen/sources_1/bd/bd/ip/bd_ilmb_bram_if_cntlr_0/bd_ilmb_bram_if_cntlr_0_ooc.xdc] for cell 'U0'
create_clock: Time (s): cpu = 00:00:07 ; elapsed = 00:00:07 . Memory (MB): peak = 2623.578 ; gain = 0.000 ; free physical = 391 ; free virtual = 29165
Finished Parsing XDC File [/home/russell/ultrasound/fpga/us/us.gen/sources_1/bd/bd/ip/bd_ilmb_bram_if_cntlr_0/bd_ilmb_bram_if_cntlr_0_ooc.xdc] for cell 'U0'
Parsing XDC File [/home/russell/ultrasound/fpga/us/us.runs/bd_ilmb_bram_if_cntlr_0_synth_1/dont_touch.xdc]
Finished Parsing XDC File [/home/russell/ultrasound/fpga/us/us.runs/bd_ilmb_bram_if_cntlr_0_synth_1/dont_touch.xdc]
Completed Processing XDC Constraints

Netlist sorting complete. Time (s): cpu = 00:00:00 ; elapsed = 00:00:00 . Memory (MB): peak = 2623.578 ; gain = 0.000 ; free physical = 391 ; free virtual = 29166
INFO: [Project 1-111] Unisim Transformation Summary:
No Unisim elements were transformed.

Constraint Validation Runtime : Time (s): cpu = 00:00:00.02 ; elapsed = 00:00:00.02 . Memory (MB): peak = 2623.613 ; gain = 0.000 ; free physical = 373 ; free virtual = 29150
INFO: [Designutils 20-5008] Incremental synthesis strategy off
---------------------------------------------------------------------------------
Finished Constraint Validation : Time (s): cpu = 00:00:20 ; elapsed = 00:00:21 . Memory (MB): peak = 2623.613 ; gain = 633.305 ; free physical = 375 ; free virtual = 28509
---------------------------------------------------------------------------------
---------------------------------------------------------------------------------
Start Loading Part and Timing Information
---------------------------------------------------------------------------------
Loading part: xcau15p-ffvb676-2-i
INFO: [Synth 8-6742] Reading net delay rules and data
---------------------------------------------------------------------------------
Finished Loading Part and Timing Information : Time (s): cpu = 00:00:20 ; elapsed = 00:00:21 . Memory (MB): peak = 2631.582 ; gain = 641.273 ; free physical = 375 ; free virtual = 28509
---------------------------------------------------------------------------------
---------------------------------------------------------------------------------
Start Applying 'set_property' XDC Constraints
---------------------------------------------------------------------------------
---------------------------------------------------------------------------------
Finished applying 'set_property' XDC Constraints : Time (s): cpu = 00:00:20 ; elapsed = 00:00:21 . Memory (MB): peak = 2631.582 ; gain = 641.273 ; free physical = 375 ; free virtual = 28509
---------------------------------------------------------------------------------
---------------------------------------------------------------------------------
Finished RTL Optimization Phase 2 : Time (s): cpu = 00:00:20 ; elapsed = 00:00:22 . Memory (MB): peak = 2631.582 ; gain = 641.273 ; free physical = 369 ; free virtual = 28474
---------------------------------------------------------------------------------
---------------------------------------------------------------------------------
Start RTL Component Statistics 
---------------------------------------------------------------------------------
Detailed RTL Component Info : 
+---Registers : 
	                1 Bit    Registers := 3     
+---Muxes : 
	   2 Input    1 Bit        Muxes := 1     
---------------------------------------------------------------------------------
Finished RTL Component Statistics 
---------------------------------------------------------------------------------
---------------------------------------------------------------------------------
Start Part Resource Summary
---------------------------------------------------------------------------------
Part Resources:
DSPs: 576 (col length:72)
BRAMs: 288 (col length: RAMB18 72 RAMB36 36)
---------------------------------------------------------------------------------
Finished Part Resource Summary
---------------------------------------------------------------------------------
---------------------------------------------------------------------------------
Start Cross Boundary and Area Optimization
---------------------------------------------------------------------------------
---------------------------------------------------------------------------------
Finished Cross Boundary and Area Optimization : Time (s): cpu = 00:00:22 ; elapsed = 00:00:23 . Memory (MB): peak = 2631.582 ; gain = 641.273 ; free physical = 791 ; free virtual = 28572
---------------------------------------------------------------------------------
---------------------------------------------------------------------------------
Start Applying XDC Timing Constraints
---------------------------------------------------------------------------------
---------------------------------------------------------------------------------
Finished Applying XDC Timing Constraints : Time (s): cpu = 00:00:25 ; elapsed = 00:00:26 . Memory (MB): peak = 2915.234 ; gain = 924.926 ; free physical = 352 ; free virtual = 27503
---------------------------------------------------------------------------------
---------------------------------------------------------------------------------
Start Timing Optimization
---------------------------------------------------------------------------------
---------------------------------------------------------------------------------
Finished Timing Optimization : Time (s): cpu = 00:00:25 ; elapsed = 00:00:26 . Memory (MB): peak = 2915.234 ; gain = 924.926 ; free physical = 344 ; free virtual = 27495
---------------------------------------------------------------------------------
---------------------------------------------------------------------------------
Start Technology Mapping
---------------------------------------------------------------------------------
---------------------------------------------------------------------------------
Finished Technology Mapping : Time (s): cpu = 00:00:25 ; elapsed = 00:00:26 . Memory (MB): peak = 2925.250 ; gain = 934.941 ; free physical = 343 ; free virtual = 27480
---------------------------------------------------------------------------------
---------------------------------------------------------------------------------
Start IO Insertion
---------------------------------------------------------------------------------
---------------------------------------------------------------------------------
Start Flattening Before IO Insertion
---------------------------------------------------------------------------------
---------------------------------------------------------------------------------
Finished Flattening Before IO Insertion
---------------------------------------------------------------------------------
---------------------------------------------------------------------------------
Start Final Netlist Cleanup
---------------------------------------------------------------------------------
---------------------------------------------------------------------------------
Finished Final Netlist Cleanup
---------------------------------------------------------------------------------
---------------------------------------------------------------------------------
Finished IO Insertion : Time (s): cpu = 00:00:29 ; elapsed = 00:00:30 . Memory (MB): peak = 3113.062 ; gain = 1122.754 ; free physical = 2173 ; free virtual = 28691
---------------------------------------------------------------------------------
---------------------------------------------------------------------------------
Start Renaming Generated Instances
---------------------------------------------------------------------------------
---------------------------------------------------------------------------------
Finished Renaming Generated Instances : Time (s): cpu = 00:00:29 ; elapsed = 00:00:30 . Memory (MB): peak = 3113.062 ; gain = 1122.754 ; free physical = 2173 ; free virtual = 28691
---------------------------------------------------------------------------------
---------------------------------------------------------------------------------
Start Rebuilding User Hierarchy
---------------------------------------------------------------------------------
---------------------------------------------------------------------------------
Finished Rebuilding User Hierarchy : Time (s): cpu = 00:00:29 ; elapsed = 00:00:30 . Memory (MB): peak = 3113.062 ; gain = 1122.754 ; free physical = 2173 ; free virtual = 28692
---------------------------------------------------------------------------------
---------------------------------------------------------------------------------
Start Renaming Generated Ports
---------------------------------------------------------------------------------
---------------------------------------------------------------------------------
Finished Renaming Generated Ports : Time (s): cpu = 00:00:29 ; elapsed = 00:00:30 . Memory (MB): peak = 3113.062 ; gain = 1122.754 ; free physical = 2173 ; free virtual = 28692
---------------------------------------------------------------------------------
---------------------------------------------------------------------------------
Start Handling Custom Attributes
---------------------------------------------------------------------------------
---------------------------------------------------------------------------------
Finished Handling Custom Attributes : Time (s): cpu = 00:00:29 ; elapsed = 00:00:30 . Memory (MB): peak = 3113.062 ; gain = 1122.754 ; free physical = 2173 ; free virtual = 28692
---------------------------------------------------------------------------------
---------------------------------------------------------------------------------
Start Renaming Generated Nets
---------------------------------------------------------------------------------
---------------------------------------------------------------------------------
Finished Renaming Generated Nets : Time (s): cpu = 00:00:29 ; elapsed = 00:00:30 . Memory (MB): peak = 3113.062 ; gain = 1122.754 ; free physical = 2165 ; free virtual = 28684
---------------------------------------------------------------------------------
---------------------------------------------------------------------------------
Start Writing Synthesis Report
---------------------------------------------------------------------------------

Report BlackBoxes: 
+-+--------------+----------+
| |BlackBox name |Instances |
+-+--------------+----------+
+-+--------------+----------+

Report Cell Usage: 
+------+-----+------+
|      |Cell |Count |
+------+-----+------+
|1     |LUT2 |     5|
|2     |FDRE |     2|
+------+-----+------+
---------------------------------------------------------------------------------
Finished Writing Synthesis Report : Time (s): cpu = 00:00:29 ; elapsed = 00:00:30 . Memory (MB): peak = 3113.062 ; gain = 1122.754 ; free physical = 2164 ; free virtual = 28683
---------------------------------------------------------------------------------
Synthesis finished with 0 errors, 0 critical warnings and 0 warnings.
Synthesis Optimization Runtime : Time (s): cpu = 00:00:22 ; elapsed = 00:00:23 . Memory (MB): peak = 3113.062 ; gain = 1050.980 ; free physical = 2082 ; free virtual = 28602
Synthesis Optimization Complete : Time (s): cpu = 00:00:29 ; elapsed = 00:00:31 . Memory (MB): peak = 3113.062 ; gain = 1122.754 ; free physical = 2082 ; free virtual = 28602
INFO: [Project 1-571] Translating synthesized netlist
Netlist sorting complete. Time (s): cpu = 00:00:00 ; elapsed = 00:00:00 . Memory (MB): peak = 3113.062 ; gain = 0.000 ; free physical = 2069 ; free virtual = 28591
INFO: [Project 1-570] Preparing netlist for logic optimization
INFO: [Opt 31-138] Pushed 0 inverter(s) to 0 load pin(s).
Netlist sorting complete. Time (s): cpu = 00:00:00.01 ; elapsed = 00:00:00 . Memory (MB): peak = 3113.062 ; gain = 0.000 ; free physical = 2047 ; free virtual = 28583
INFO: [Project 1-111] Unisim Transformation Summary:
No Unisim elements were transformed.

Synth Design complete | Checksum: 43c87bb3
INFO: [Common 17-83] Releasing license: Synthesis
126 Infos, 0 Warnings, 0 Critical Warnings and 0 Errors encountered.
synth_design completed successfully
synth_design: Time (s): cpu = 00:00:35 ; elapsed = 00:00:34 . Memory (MB): peak = 3113.062 ; gain = 1480.918 ; free physical = 1831 ; free virtual = 28424
INFO: [Common 17-2834] synth_design peak Physical Memory [PSS] (MB): overall = 2059.504; main = 1889.841; forked = 188.336
INFO: [Common 17-2834] synth_design peak Virtual Memory [VSS] (MB): overall = 4097.969; main = 3082.254; forked = 1015.715
Write ShapeDB Complete: Time (s): cpu = 00:00:00.01 ; elapsed = 00:00:00 . Memory (MB): peak = 3113.062 ; gain = 0.000 ; free physical = 1886 ; free virtual = 28480
INFO: [Common 17-1381] The checkpoint '/home/russell/ultrasound/fpga/us/us.runs/bd_ilmb_bram_if_cntlr_0_synth_1/bd_ilmb_bram_if_cntlr_0.dcp' has been generated.
INFO: [Coretcl 2-1648] Added synthesis output to IP cache for IP bd_ilmb_bram_if_cntlr_0, cache-ID = 165c1b870c3fa3e3
Write ShapeDB Complete: Time (s): cpu = 00:00:00 ; elapsed = 00:00:00 . Memory (MB): peak = 3113.062 ; gain = 0.000 ; free physical = 5774 ; free virtual = 32384
INFO: [Common 17-1381] The checkpoint '/home/russell/ultrasound/fpga/us/us.runs/bd_ilmb_bram_if_cntlr_0_synth_1/bd_ilmb_bram_if_cntlr_0.dcp' has been generated.
INFO: [Vivado 12-24828] Executing command : report_utilization -file bd_ilmb_bram_if_cntlr_0_utilization_synth.rpt -pb bd_ilmb_bram_if_cntlr_0_utilization_synth.pb
INFO: [Common 17-206] Exiting Vivado at Mon Jun 29 23:06:46 2026...
